Component: ARM Compiler 5.06 update 1 (build 61) Tool: armlink [4d35a8]

==============================================================================

Section Cross References

    main.o(.text) refers to _printf_pad.o(.text) for _printf_pre_padding
    main.o(.text) refers to _printf_percent.o(.ARM.Collect$$_printf_percent$$00000000) for _printf_percent
    main.o(.text) refers to _printf_d.o(.ARM.Collect$$_printf_percent$$00000009) for _printf_d
    main.o(.text) refers to _printf_u.o(.ARM.Collect$$_printf_percent$$0000000A) for _printf_u
    main.o(.text) refers to _printf_x.o(.ARM.Collect$$_printf_percent$$0000000C) for _printf_x
    main.o(.text) refers to _printf_dec.o(.text) for _printf_int_dec
    main.o(.text) refers to _printf_hex_int.o(.text) for _printf_longlong_hex
    main.o(.text) refers to noretval__2sprintf.o(.text) for __2sprintf
    main.o(.text) refers to log.o(.text) for log_printf
    main.o(.text) refers to simple_hal.o(.text) for hal_led_blink_ms
    main.o(.text) refers to mesh_stack.o(.text) for mesh_stack_device_reset
    main.o(.text) refers to device_state_manager.o(.text) for dsm_local_unicast_addresses_get
    main.o(.text) refers to rt_memcpy_w.o(.text) for __aeabi_memcpy4
    main.o(.text) refers to app_error_handler_keil.o(.emb_text) for app_error_handler
    main.o(.text) refers to nrf_mesh.o(.text) for nrf_mesh_rx_cb_set
    main.o(.text) refers to advertiser.o(.text) for advertiser_instance_init
    main.o(.text) refers to app_timer_mesh.o(.text) for app_timer_init
    main.o(.text) refers to ble_softdevice_support.o(.text) for ble_stack_init
    main.o(.text) refers to ad_type_filter.o(.text) for bearer_adtype_add
    main.o(.text) refers to rt_memcpy_v6.o(.text) for __aeabi_memcpy
    main.o(.text) refers to nrf_mesh_configure.o(.text) for nrf_mesh_configure_device_uuid_get
    main.o(.text) refers to mesh_app_utils.o(.text) for mesh_app_uuid_print
    main.o(.text) refers to mesh_provisionee.o(.text) for mesh_provisionee_prov_start
    main.o(.text) refers to main.o(.conststring) for .conststring
    main.o(.text) refers to log.o(.data) for g_log_dbg_msk
    main.o(.text) refers to log.o(.data) for g_log_hex_digits
    main.o(.text) refers to main.o(.constdata) for .constdata
    main.o(.text) refers to main.o(.data) for .data
    main.o(.text) refers to main.o(.bss) for .bss
    main.o(.constdata) refers to main.o(.text) for config_server_evt_cb
    main.o(.constdata) refers to main.o(.conststring) for .conststring
    main.o(.constdata) refers to main.o(.constdata) for static_auth_data
    mesh_stack.o(.text) refers to device_state_manager.o(.text) for nrf_mesh_is_device_provisioned
    mesh_stack.o(.text) refers to mesh_opt.o(.text) for mesh_opt_clear
    mesh_stack.o(.text) refers to access.o(.text) for access_clear
    mesh_stack.o(.text) refers to net_state.o(.text) for net_state_reset
    mesh_stack.o(.text) refers to nrf_mesh.o(.text) for nrf_mesh_init
    mesh_stack.o(.text) refers to config_server.o(.text) for config_server_init
    mesh_stack.o(.text) refers to health_server.o(.text) for health_server_init
    mesh_stack.o(.text) refers to mesh_config.o(.text) for mesh_config_load
    mesh_stack.o(.text) refers to assertion_handler_weak.o(.text) for mesh_assertion_handler
    mesh_stack.o(.text) refers to log.o(.text) for log_printf
    mesh_stack.o(.text) refers to flash_manager.o(.text) for flash_manager_is_stable
    mesh_stack.o(.text) refers to hal.o(.text) for hal_device_reset
    mesh_stack.o(.text) refers to mesh_config_flashman_glue.o(.text) for mesh_config_backend_flash_usage_get
    mesh_stack.o(.text) refers to mesh_stack.o(.bss) for .bss
    mesh_stack.o(.text) refers to log.o(.data) for g_log_dbg_msk
    mesh_stack.o(.text) refers to mesh_stack.o(.data) for .data
    mesh_stack.o(.data) refers to mesh_stack.o(.text) for mesh_evt_handler
    mesh_provisionee.o(.text) refers to nrf_mesh_prov.o(.text) for nrf_mesh_prov_generate_keys
    mesh_provisionee.o(.text) refers to app_error.o(.text) for app_error_handler_bare
    mesh_provisionee.o(.text) refers to mesh_stack.o(.text) for mesh_stack_provisioning_data_store
    mesh_provisionee.o(.text) refers to rt_memcpy_w.o(.text) for __aeabi_memcpy4
    mesh_provisionee.o(.text) refers to prov_bearer_adv.o(.text) for nrf_mesh_prov_bearer_adv_interface_get
    mesh_provisionee.o(.text) refers to mesh_provisionee.o(.bss) for .bss
    mesh_provisionee.o(.text) refers to mesh_provisionee.o(.data) for .data
    mesh_provisionee.o(.text) refers to mesh_provisionee.o(.constdata) for .constdata
    simple_hal.o(.text) refers to app_error.o(.text) for app_error_handler_bare
    simple_hal.o(.text) refers to app_timer_mesh.o(.text) for app_timer_stop
    simple_hal.o(.text) refers to lludivv7m.o(.text) for __aeabi_uldivmod
    simple_hal.o(.text) refers to simple_hal.o(.data) for .data
    simple_hal.o(.text) refers to simple_hal.o(.constdata) for .constdata
[...]
    log_callback_logview                     0x0002b7c7   Thumb Code    44  log.o(.text)
    log_init                                 0x0002b7f3   Thumb Code     8  log.o(.text)
    log_set_callback                         0x0002b7fb   Thumb Code     6  log.o(.text)
    log_vprintf                              0x0002b801   Thumb Code    22  log.o(.text)
    log_printf                               0x0002b817   Thumb Code    16  log.o(.text)
    flash_manager_entry_invalidate           0x0002b94f   Thumb Code    66  flash_manager.o(.text)
    flash_manager_init                       0x0002bc7d   Thumb Code    64  flash_manager.o(.text)
    flash_manager_add                        0x0002bcbd   Thumb Code   362  flash_manager.o(.text)
    flash_manager_remove                     0x0002be27   Thumb Code    48  flash_manager.o(.text)
    flash_manager_entry_get                  0x0002be57   Thumb Code    56  flash_manager.o(.text)
    flash_manager_entries_read               0x0002be8f   Thumb Code   236  flash_manager.o(.text)
    flash_manager_entry_read                 0x0002bf7b   Thumb Code    82  flash_manager.o(.text)
    flash_manager_entry_next_get             0x0002bfcd   Thumb Code   110  flash_manager.o(.text)
    flash_manager_entry_count_get            0x0002c03b   Thumb Code    28  flash_manager.o(.text)
    flash_manager_entry_alloc                0x0002c057   Thumb Code    96  flash_manager.o(.text)
    flash_manager_entry_commit               0x0002c0b7   Thumb Code    18  flash_manager.o(.text)
    flash_manager_entry_release              0x0002c0c9   Thumb Code    16  flash_manager.o(.text)
    flash_manager_mem_listener_register      0x0002c0d9   Thumb Code    44  flash_manager.o(.text)
    flash_manager_is_stable                  0x0002c105   Thumb Code    24  flash_manager.o(.text)
    flash_manager_on_defrag_end              0x0002c11d   Thumb Code    78  flash_manager.o(.text)
    flash_manager_recovery_page_get          0x0002c16b   Thumb Code     4  flash_manager.o(.text)
    flash_manager_action_queue_empty_cb_set  0x0002c16f   Thumb Code    32  flash_manager.o(.text)
    ccm_soft_encrypt                         0x0002c665   Thumb Code    50  ccm_soft.o(.text)
    ccm_soft_decrypt                         0x0002c697   Thumb Code   110  ccm_soft.o(.text)
    replay_cache_clear                       0x0002c855   Thumb Code    16  replay_cache.o(.text)
    replay_cache_init                        0x0002c865   Thumb Code    16  replay_cache.o(.text)
    replay_cache_enable                      0x0002c875   Thumb Code    12  replay_cache.o(.text)
    replay_cache_add                         0x0002c881   Thumb Code     4  replay_cache.o(.text)
    replay_cache_seqauth_add                 0x0002c885   Thumb Code    78  replay_cache.o(.text)
    replay_cache_has_elem                    0x0002c8d3   Thumb Code    54  replay_cache.o(.text)
    replay_cache_has_seqauth                 0x0002c909   Thumb Code    84  replay_cache.o(.text)
    replay_cache_is_seqauth_last             0x0002c95d   Thumb Code   114  replay_cache.o(.text)
    beacon_create                            0x0002cb39   Thumb Code    76  beacon.o(.text)
    entry_get                                0x0002cbe5   Thumb Code   108  flash_manager_internal.o(.text)
    core_tx_complete_cb_set                  0x0002cc51   Thumb Code     6  core_tx.o(.text)
    core_tx_packet_alloc                     0x0002cc57   Thumb Code   164  core_tx.o(.text)
    core_tx_packet_send                      0x0002ccfb   Thumb Code    62  core_tx.o(.text)
    core_tx_packet_discard                   0x0002cd39   Thumb Code    56  core_tx.o(.text)
    core_tx_bearer_type_get                  0x0002cd71   Thumb Code    30  core_tx.o(.text)
    core_tx_bearer_count_get                 0x0002cd8f   Thumb Code     6  core_tx.o(.text)
    core_tx_complete                         0x0002cd95   Thumb Code    50  core_tx.o(.text)
    core_tx_bearer_add                       0x0002cdc7   Thumb Code   114  core_tx.o(.text)
    heartbeat_init                           0x0002d0b7   Thumb Code    62  heartbeat.o(.text)
    heartbeat_subscription_set               0x0002d0f5   Thumb Code   194  heartbeat.o(.text)
    heartbeat_subscription_get               0x0002d1b7   Thumb Code     4  heartbeat.o(.text)
    heartbeat_publication_get                0x0002d1bb   Thumb Code     6  heartbeat.o(.text)
    heartbeat_publication_set                0x0002d1c1   Thumb Code    18  heartbeat.o(.text)
    heartbeat_public_info_getter_register    0x0002d1d3   Thumb Code    16  heartbeat.o(.text)
    net_beacon_init                          0x0002d4c3   Thumb Code    90  net_beacon.o(.text)
    net_beacon_enable                        0x0002d51d   Thumb Code    32  net_beacon.o(.text)
    net_beacon_state_set                     0x0002d53d   Thumb Code    24  net_beacon.o(.text)
    net_beacon_state_get                     0x0002d555   Thumb Code    26  net_beacon.o(.text)
    net_beacon_build                         0x0002d56f   Thumb Code    34  net_beacon.o(.text)
    net_beacon_packet_in                     0x0002d591   Thumb Code   248  net_beacon.o(.text)
    mesh_config_init                         0x0002d8e7   Thumb Code    44  mesh_config.o(.text)
    mesh_config_load                         0x0002d913   Thumb Code     6  mesh_config.o(.text)
    mesh_config_is_busy                      0x0002d919   Thumb Code    18  mesh_config.o(.text)
    mesh_config_power_down                   0x0002d92b   Thumb Code    44  mesh_config.o(.text)
    mesh_config_entry_available_id           0x0002d957   Thumb Code    54  mesh_config.o(.text)
    mesh_config_entry_set                    0x0002d98d   Thumb Code    92  mesh_config.o(.text)
    mesh_config_entry_get                    0x0002d9e9   Thumb Code    60  mesh_config.o(.text)
    mesh_config_entry_delete                 0x0002da25   Thumb Code    70  mesh_config.o(.text)
    mesh_config_power_down_time_get          0x0002da6b   Thumb Code     4  mesh_config.o(.text)
    mesh_config_file_clear                   0x0002da6f   Thumb Code   130  mesh_config.o(.text)
    mesh_config_clear                        0x0002daf1   Thumb Code    32  mesh_config.o(.text)
    mesh_config_backend_init                 0x0002dc97   Thumb Code   256  mesh_config_backend.o(.text)
    mesh_config_backend_store                0x0002dd97   Thumb Code    74  mesh_config_backend.o(.text)
    mesh_config_backend_erase                0x0002dde1   Thumb Code    48  mesh_config_backend.o(.text)
    mesh_config_backend_read                 0x0002de11   Thumb Code    84  mesh_config_backend.o(.text)
    mesh_config_backend_read_all             0x0002de65   Thumb Code    46  mesh_config_backend.o(.text)
    mesh_config_backend_power_down_time_get  0x0002de93   Thumb Code     6  mesh_config_backend.o(.text)
    mesh_config_backend_glue_init            0x0002dfe5   Thumb Code    24  mesh_config_flashman_glue.o(.text)
    mesh_config_backend_file_create          0x0002dffd   Thumb Code   122  mesh_config_flashman_glue.o(.text)
    mesh_config_backend_file_clean           0x0002e077   Thumb Code     2  mesh_config_flashman_glue.o(.text)
    mesh_config_backend_record_write         0x0002e079   Thumb Code    42  mesh_config_flashman_glue.o(.text)
    mesh_config_backend_record_erase         0x0002e0a3   Thumb Code    44  mesh_config_flashman_glue.o(.text)
    mesh_config_backend_record_read          0x0002e0cf   Thumb Code    50  mesh_config_flashman_glue.o(.text)
    mesh_config_backend_records_read         0x0002e101   Thumb Code    42  mesh_config_flashman_glue.o(.text)
    mesh_config_record_size_calculate        0x0002e12b   Thumb Code    10  mesh_config_flashman_glue.o(.text)
    mesh_config_backend_flash_usage_get      0x0002e135   Thumb Code    32  mesh_config_flashman_glue.o(.text)
    mesh_config_backend_file_power_down_time_get 0x0002e155   Thumb Code    44  mesh_config_flashman_glue.o(.text)
    core_tx_local_init                       0x0002e2f3   Thumb Code    36  core_tx_local.o(.text)
    mesh_opt_core_adv_set                    0x0002e5f1   Thumb Code    26  core_tx_adv.o(.text)
    mesh_opt_core_adv_get                    0x0002e60b   Thumb Code    26  core_tx_adv.o(.text)
    mesh_opt_core_adv_delete                 0x0002e625   Thumb Code    26  core_tx_adv.o(.text)
    mesh_opt_core_adv_addr_set               0x0002e63f   Thumb Code    26  core_tx_adv.o(.text)
    mesh_opt_core_adv_addr_get               0x0002e659   Thumb Code    26  core_tx_adv.o(.text)
    mesh_opt_core_adv_addr_delete            0x0002e673   Thumb Code    26  core_tx_adv.o(.text)
    mesh_opt_core_tx_power_set               0x0002e68d   Thumb Code    32  core_tx_adv.o(.text)
    mesh_opt_core_tx_power_get               0x0002e6ad   Thumb Code    26  core_tx_adv.o(.text)
    mesh_opt_core_tx_power_delete            0x0002e6c7   Thumb Code    26  core_tx_adv.o(.text)
    core_tx_adv_init                         0x0002e6e1   Thumb Code    96  core_tx_adv.o(.text)
    core_tx_adv_is_enabled                   0x0002e741   Thumb Code    28  core_tx_adv.o(.text)
    mesh_mem_init                            0x0002e761   Thumb Code     2  mesh_mem_stdlib.o(.text)
    mesh_mem_alloc                           0x0002e763   Thumb Code     4  mesh_mem_stdlib.o(.text)
    mesh_mem_free                            0x0002e767   Thumb Code     4  mesh_mem_stdlib.o(.text)
    mesh_mem_calloc                          0x0002e76b   Thumb Code     4  mesh_mem_stdlib.o(.text)
    ad_listener_init                         0x0002e771   Thumb Code    76  ad_listener.o(.text)
    ad_listener_process                      0x0002e7bd   Thumb Code    78  ad_listener.o(.text)
    bearer_adtype_filtering_set              0x0002e887   Thumb Code    22  ad_type_filter.o(.text)
    bearer_adtype_add                        0x0002e89d   Thumb Code    28  ad_type_filter.o(.text)
    bearer_adtype_remove                     0x0002e8b9   Thumb Code    28  ad_type_filter.o(.text)
    bearer_adtype_clear                      0x0002e8d5   Thumb Code    10  ad_type_filter.o(.text)
    bearer_adtype_mode_set                   0x0002e8df   Thumb Code    22  ad_type_filter.o(.text)
    bearer_invalid_length_amount_get         0x0002e8f5   Thumb Code     6  ad_type_filter.o(.text)
    bearer_adtype_filtered_amount_get        0x0002e8fb   Thumb Code     6  ad_type_filter.o(.text)
    advertiser_address_default_get           0x0002e9e5   Thumb Code    78  advertiser.o(.text)
    advertiser_init                          0x0002ea57   Thumb Code     6  advertiser.o(.text)
    advertiser_instance_init                 0x0002ea5d   Thumb Code   156  advertiser.o(.text)
    advertiser_enable                        0x0002eaf9   Thumb Code    50  advertiser.o(.text)
    advertiser_disable                       0x0002eb2b   Thumb Code    10  advertiser.o(.text)
    advertiser_packet_alloc                  0x0002eb35   Thumb Code   112  advertiser.o(.text)
    advertiser_packet_send                   0x0002eba5   Thumb Code    86  advertiser.o(.text)
    advertiser_packet_discard                0x0002ebfb   Thumb Code    30  advertiser.o(.text)
    advertiser_interval_set                  0x0002ec19   Thumb Code    80  advertiser.o(.text)
    advertiser_address_set                   0x0002ec69   Thumb Code    78  advertiser.o(.text)
    advertiser_channels_set                  0x0002ecb7   Thumb Code    94  advertiser.o(.text)
    advertiser_config_set                    0x0002ed15   Thumb Code    84  advertiser.o(.text)
    advertiser_config_get                    0x0002ed69   Thumb Code    32  advertiser.o(.text)
    advertiser_tx_power_set                  0x0002ed89   Thumb Code    20  advertiser.o(.text)
    advertiser_flush                         0x0002ed9d   Thumb Code    36  advertiser.o(.text)
    TIMER2_IRQHandler                        0x0002efef   Thumb Code    68  bearer_handler.o(.text)
    bearer_handler_init                      0x0002f033   Thumb Code    34  bearer_handler.o(.text)
    bearer_handler_wake_up                   0x0002f055   Thumb Code    44  bearer_handler.o(.text)
    bearer_handler_start                     0x0002f081   Thumb Code    28  bearer_handler.o(.text)
    bearer_handler_stop                      0x0002f09d   Thumb Code    56  bearer_handler.o(.text)
    bearer_handler_action_enqueue            0x0002f0d5   Thumb Code    88  bearer_handler.o(.text)
    bearer_handler_action_fire               0x0002f12d   Thumb Code    88  bearer_handler.o(.text)
    bearer_handler_action_end                0x0002f185   Thumb Code    54  bearer_handler.o(.text)
    bearer_handler_radio_irq_handler         0x0002f1bb   Thumb Code    92  bearer_handler.o(.text)
    bearer_handler_timer_irq_handler         0x0002f217   Thumb Code    44  bearer_handler.o(.text)
    bearer_handler_on_ts_begin               0x0002f243   Thumb Code    46  bearer_handler.o(.text)
    bearer_handler_on_ts_end                 0x0002f271   Thumb Code    58  bearer_handler.o(.text)
    bearer_handler_on_ts_session_closed      0x0002f2ab   Thumb Code    54  bearer_handler.o(.text)
    broadcast_send                           0x0002f4f7   Thumb Code    94  broadcast.o(.text)
    fen_filter_start                         0x0002f58d   Thumb Code    56  filter_engine.o(.text)
    fen_filter_stop                          0x0002f5c5   Thumb Code    46  filter_engine.o(.text)
    fen_filters_apply                        0x0002f5f3   Thumb Code    76  filter_engine.o(.text)
    fen_accepted_amount_get                  0x0002f63f   Thumb Code    26  filter_engine.o(.text)
    radio_config_reset                       0x0002f65d   Thumb Code    54  radio_config.o(.text)
    radio_config_channel_set                 0x0002f693   Thumb Code    32  radio_config.o(.text)
    radio_config_config                      0x0002f6b3   Thumb Code   136  radio_config.o(.text)
    radio_config_access_addr_set             0x0002f73b   Thumb Code    76  radio_config.o(.text)
    radio_config_access_addr_get             0x0002f787   Thumb Code    82  radio_config.o(.text)
    scanner_radio_start                      0x0002f9eb   Thumb Code    36  scanner.o(.text)
    scanner_radio_stop                       0x0002fa0f   Thumb Code     8  scanner.o(.text)
    scanner_radio_irq_handler                0x0002fa17   Thumb Code    32  scanner.o(.text)
    scanner_timer_irq_handler                0x0002fa37   Thumb Code    42  scanner.o(.text)
    scanner_config_scan_time_set             0x0002fab7   Thumb Code    66  scanner.o(.text)
    scanner_config_radio_mode_set            0x0002faf9   Thumb Code    12  scanner.o(.text)
    scanner_config_access_addresses_set      0x0002fb05   Thumb Code    48  scanner.o(.text)
    scanner_config_channels_set              0x0002fb35   Thumb Code   100  scanner.o(.text)
    scanner_config_reset                     0x0002fb99   Thumb Code    44  scanner.o(.text)
    scanner_init                             0x0002fbc5   Thumb Code   128  scanner.o(.text)
    scanner_rx_callback_set                  0x0002fc45   Thumb Code    26  scanner.o(.text)
    scanner_enable                           0x0002fc5f   Thumb Code    38  scanner.o(.text)
    scanner_disable                          0x0002fc85   Thumb Code    50  scanner.o(.text)
    scanner_is_enabled                       0x0002fcb7   Thumb Code    16  scanner.o(.text)
    scanner_packet_release                   0x0002fcc7   Thumb Code    40  scanner.o(.text)
    scanner_rx                               0x0002fcef   Thumb Code    48  scanner.o(.text)
    scanner_stats_get                        0x0002fd1f   Thumb Code     6  scanner.o(.text)
    scanner_rx_pending                       0x0002fd25   Thumb Code     8  scanner.o(.text)
    mesh_pa_lna_gpiote_enable                0x0002fe21   Thumb Code   104  mesh_pa_lna.o(.text)
    mesh_pa_lna_cleanup                      0x0002fe89   Thumb Code    60  mesh_pa_lna.o(.text)
    mesh_pa_lna_gpiote_disable               0x0002fec5   Thumb Code    34  mesh_pa_lna.o(.text)
    mesh_pa_lna_gpiote_params_get            0x0002fee7   Thumb Code    12  mesh_pa_lna.o(.text)
    mesh_pa_setup_start                      0x0002fef3   Thumb Code    52  mesh_pa_lna.o(.text)
    mesh_lna_setup_start                     0x0002ff27   Thumb Code    54  mesh_pa_lna.o(.text)
    mesh_pa_lna_disable_start                0x0002ff5d   Thumb Code    22  mesh_pa_lna.o(.text)
    mesh_pa_lna_setup_stop                   0x0002ff73   Thumb Code    54  mesh_pa_lna.o(.text)
    RTC1_IRQHandler                          0x000301a7   Thumb Code    72  app_timer_mesh.o(.text)
    SWI0_EGU0_IRQHandler                     0x000301ef   Thumb Code     4  app_timer_mesh.o(.text)
    app_timer_init                           0x000301f3   Thumb Code   150  app_timer_mesh.o(.text)
    app_timer_create                         0x00030289   Thumb Code    32  app_timer_mesh.o(.text)
    app_timer_start                          0x000302a9   Thumb Code   130  app_timer_mesh.o(.text)
    app_timer_stop                           0x0003032b   Thumb Code    24  app_timer_mesh.o(.text)
    app_timer_stop_all                       0x00030343   Thumb Code    16  app_timer_mesh.o(.text)
    app_timer_cnt_get                        0x00030353   Thumb Code     8  app_timer_mesh.o(.text)
    app_timer_cnt_diff_compute               0x0003035b   Thumb Code     8  app_timer_mesh.o(.text)
    app_timer_pause                          0x00030363   Thumb Code     8  app_timer_mesh.o(.text)
    app_timer_resume                         0x0003036b   Thumb Code     8  app_timer_mesh.o(.text)
    is_app_timer_init                        0x00030373   Thumb Code     6  app_timer_mesh.o(.text)
    app_timer_workaround_apply               0x000305cb   Thumb Code    52  app_timer_workaround.o(.text)
    SystemCoreClockUpdate                    0x0003063d   Thumb Code     8  system_nrf52833.o(.text)
    SystemInit                               0x00030645   Thumb Code   372  system_nrf52833.o(.text)
    Reset_Handler                            0x000307e1   Thumb Code     8  arm_startup_nrf52833.o(.text)
    NMI_Handler                              0x000307e9   Thumb Code     2  arm_startup_nrf52833.o(.text)
    HardFault_Handler                        0x000307eb   Thumb Code     2  arm_startup_nrf52833.o(.text)
    MemoryManagement_Handler                 0x000307ed   Thumb Code     2  arm_startup_nrf52833.o(.text)
    BusFault_Handler                         0x000307ef   Thumb Code     2  arm_startup_nrf52833.o(.text)
    UsageFault_Handler                       0x000307f1   Thumb Code     2  arm_startup_nrf52833.o(.text)
    SVC_Handler                              0x000307f3   Thumb Code     2  arm_startup_nrf52833.o(.text)
    DebugMon_Handler                         0x000307f5   Thumb Code     2  arm_startup_nrf52833.o(.text)
    PendSV_Handler                           0x000307f7   Thumb Code     2  arm_startup_nrf52833.o(.text)
    SysTick_Handler                          0x000307f9   Thumb Code     2  arm_startup_nrf52833.o(.text)
    CCM_AAR_IRQHandler                       0x000307fb   Thumb Code     0  arm_startup_nrf52833.o(.text)
    COMP_LPCOMP_IRQHandler                   0x000307fb   Thumb Code     0  arm_startup_nrf52833.o(.text)
    ECB_IRQHandler                           0x000307fb   Thumb Code     0  arm_startup_nrf52833.o(.text)
    FPU_IRQHandler                           0x000307fb   Thumb Code     0  arm_startup_nrf52833.o(.text)
    I2S_IRQHandler                           0x000307fb   Thumb Code     0  arm_startup_nrf52833.o(.text)
    MWU_IRQHandler                           0x000307fb   Thumb Code     0  arm_startup_nrf52833.o(.text)
    NFCT_IRQHandler                          0x000307fb   Thumb Code     0  arm_startup_nrf52833.o(.text)
    PDM_IRQHandler                           0x000307fb   Thumb Code     0  arm_startup_nrf52833.o(.text)
    POWER_CLOCK_IRQHandler                   0x000307fb   Thumb Code     0  arm_startup_nrf52833.o(.text)
    PWM0_IRQHandler                          0x000307fb   Thumb Code     0  arm_startup_nrf52833.o(.text)
    PWM1_IRQHandler                          0x000307fb   Thumb Code     0  arm_startup_nrf52833.o(.text)
    PWM2_IRQHandler                          0x000307fb   Thumb Code     0  arm_startup_nrf52833.o(.text)
    PWM3_IRQHandler                          0x000307fb   Thumb Code     0  arm_startup_nrf52833.o(.text)
    RADIO_IRQHandler                         0x000307fb   Thumb Code     0  arm_startup_nrf52833.o(.text)
    RNG_IRQHandler                           0x000307fb   Thumb Code     0  arm_startup_nrf52833.o(.text)
    RTC0_IRQHandler                          0x000307fb   Thumb Code     0  arm_startup_nrf52833.o(.text)
    RTC2_IRQHandler                          0x000307fb   Thumb Code     0  arm_startup_nrf52833.o(.text)
    SAADC_IRQHandler                         0x000307fb   Thumb Code     0  arm_startup_nrf52833.o(.text)
    SPIM0_SPIS0_TWIM0_TWIS0_SPI0_TWI0_IRQHandler 0x000307fb   Thumb Code     0  arm_startup_nrf52833.o(.text)
    SPIM1_SPIS1_TWIM1_TWIS1_SPI1_TWI1_IRQHandler 0x000307fb   Thumb Code     0  arm_startup_nrf52833.o(.text)
    SPIM2_SPIS2_SPI2_IRQHandler              0x000307fb   Thumb Code     0  arm_startup_nrf52833.o(.text)
    SPIM3_IRQHandler                         0x000307fb   Thumb Code     0  arm_startup_nrf52833.o(.text)
    SWI1_EGU1_IRQHandler                     0x000307fb   Thumb Code     0  arm_startup_nrf52833.o(.text)
    SWI3_EGU3_IRQHandler                     0x000307fb   Thumb Code     0  arm_startup_nrf52833.o(.text)
    SWI4_EGU4_IRQHandler                     0x000307fb   Thumb Code     0  arm_startup_nrf52833.o(.text)
    SWI5_EGU5_IRQHandler                     0x000307fb   Thumb Code     0  arm_startup_nrf52833.o(.text)
    TEMP_IRQHandler                          0x000307fb   Thumb Code     0  arm_startup_nrf52833.o(.text)
    TIMER0_IRQHandler                        0x000307fb   Thumb Code     0  arm_startup_nrf52833.o(.text)
    TIMER1_IRQHandler                        0x000307fb   Thumb Code     0  arm_startup_nrf52833.o(.text)
    TIMER3_IRQHandler                        0x000307fb   Thumb Code     0  arm_startup_nrf52833.o(.text)
    TIMER4_IRQHandler                        0x000307fb   Thumb Code     0  arm_startup_nrf52833.o(.text)
    UARTE0_UART0_IRQHandler                  0x000307fb   Thumb Code     0  arm_startup_nrf52833.o(.text)
    UARTE1_IRQHandler                        0x000307fb   Thumb Code     0  arm_startup_nrf52833.o(.text)
    USBD_IRQHandler                          0x000307fb   Thumb Code     0  arm_startup_nrf52833.o(.text)
    WDT_IRQHandler                           0x000307fb   Thumb Code     0  arm_startup_nrf52833.o(.text)
    __user_initial_stackheap                 0x000307fd   Thumb Code    10  arm_startup_nrf52833.o(.text)
    app_error_handler_bare                   0x00030821   Thumb Code    22  app_error.o(.text)
    app_error_save_and_stop                  0x00030837   Thumb Code    94  app_error.o(.text)
    SEGGER_RTT_ReadNoLock                    0x00030981   Thumb Code   114  SEGGER_RTT.o(.text)
    SEGGER_RTT_Read                          0x000309f3   Thumb Code    24  SEGGER_RTT.o(.text)
    SEGGER_RTT_WriteWithOverwriteNoLock      0x00030a0b   Thumb Code   142  SEGGER_RTT.o(.text)
    SEGGER_RTT_WriteSkipNoLock               0x00030a99   Thumb Code   108  SEGGER_RTT.o(.text)
    SEGGER_RTT_WriteNoLock                   0x00030b05   Thumb Code    86  SEGGER_RTT.o(.text)
    SEGGER_RTT_Write                         0x00030b5b   Thumb Code    48  SEGGER_RTT.o(.text)
    SEGGER_RTT_WriteString                   0x00030b8b   Thumb Code    24  SEGGER_RTT.o(.text)
    SEGGER_RTT_PutCharSkipNoLock             0x00030ba3   Thumb Code    48  SEGGER_RTT.o(.text)
    SEGGER_RTT_PutCharSkip                   0x00030bd3   Thumb Code    76  SEGGER_RTT.o(.text)
    SEGGER_RTT_PutChar                       0x00030c1f   Thumb Code   118  SEGGER_RTT.o(.text)
    SEGGER_RTT_GetKey                        0x00030c95   Thumb Code    28  SEGGER_RTT.o(.text)
    SEGGER_RTT_WaitKey                       0x00030cb1   Thumb Code    12  SEGGER_RTT.o(.text)
    SEGGER_RTT_HasKey                        0x00030cbd   Thumb Code    28  SEGGER_RTT.o(.text)
    SEGGER_RTT_HasData                       0x00030cd9   Thumb Code    18  SEGGER_RTT.o(.text)
    SEGGER_RTT_HasDataUp                     0x00030ceb   Thumb Code    18  SEGGER_RTT.o(.text)
    SEGGER_RTT_AllocDownBuffer               0x00030cfd   Thumb Code    96  SEGGER_RTT.o(.text)
    SEGGER_RTT_AllocUpBuffer                 0x00030d5d   Thumb Code    96  SEGGER_RTT.o(.text)
    SEGGER_RTT_ConfigUpBuffer                0x00030dbd   Thumb Code    46  SEGGER_RTT.o(.text)
    SEGGER_RTT_ConfigDownBuffer              0x00030deb   Thumb Code    46  SEGGER_RTT.o(.text)
    SEGGER_RTT_SetNameUpBuffer               0x00030e19   Thumb Code    58  SEGGER_RTT.o(.text)
    SEGGER_RTT_SetNameDownBuffer             0x00030e53   Thumb Code    58  SEGGER_RTT.o(.text)
    SEGGER_RTT_SetFlagsUpBuffer              0x00030e8d   Thumb Code    58  SEGGER_RTT.o(.text)
    SEGGER_RTT_SetFlagsDownBuffer            0x00030ec7   Thumb Code    58  SEGGER_RTT.o(.text)
    SEGGER_RTT_Init                          0x00030f01   Thumb Code     2  SEGGER_RTT.o(.text)
    SEGGER_RTT_SetTerminal                   0x00030f03   Thumb Code   132  SEGGER_RTT.o(.text)
    SEGGER_RTT_TerminalOut                   0x00030f87   Thumb Code   170  SEGGER_RTT.o(.text)
    SEGGER_RTT_vprintf                       0x0003116f   Thumb Code   382  SEGGER_RTT_printf.o(.text)
    SEGGER_RTT_printf                        0x000312ed   Thumb Code    22  SEGGER_RTT_printf.o(.text)
    uECC_set_rng                             0x000313d9   Thumb Code     6  uECC.o(.text)
    uECC_get_rng                             0x000313df   Thumb Code     6  uECC.o(.text)
    uECC_curve_private_key_size              0x000313e5   Thumb Code    16  uECC.o(.text)
    uECC_curve_public_key_size               0x000313f5   Thumb Code     8  uECC.o(.text)
    uECC_secp256r1                           0x000319d9   Thumb Code     6  uECC.o(.text)
    uECC_make_key                            0x00032057   Thumb Code   128  uECC.o(.text)
    uECC_shared_secret                       0x000320d7   Thumb Code   188  uECC.o(.text)
    uECC_valid_point                         0x00032193   Thumb Code    96  uECC.o(.text)
    uECC_valid_public_key                    0x000321f3   Thumb Code    52  uECC.o(.text)
    uECC_compute_public_key                  0x00032227   Thumb Code   140  uECC.o(.text)
    uECC_sign                                0x000324bb   Thumb Code    84  uECC.o(.text)
    uECC_sign_deterministic                  0x000325b1   Thumb Code   368  uECC.o(.text)
    uECC_verify                              0x00032721   Thumb Code   674  uECC.o(.text)
    calloc                                   0x00032baf   Thumb Code    40  calloc.o(.text)
    malloc                                   0x00032bd7   Thumb Code    94  h1_alloc.o(.text)
    free                                     0x00032c35   Thumb Code    78  h1_free.o(.text)
    __aeabi_uldivmod                         0x00032c83   Thumb Code     0  lludivv7m.o(.text)
    _ll_udiv                                 0x00032c83   Thumb Code   238  lludivv7m.o(.text)
    __2sprintf                               0x00032d71   Thumb Code    34  noretval__2sprintf.o(.text)
    _printf_pre_padding                      0x00032d99   Thumb Code    44  _printf_pad.o(.text)
    _printf_post_padding                     0x00032dc5   Thumb Code    34  _printf_pad.o(.text)
    _printf_int_dec                          0x00032de9   Thumb Code   104  _printf_dec.o(.text)
    _printf_int_hex                          0x00032e61   Thumb Code    84  _printf_hex_int.o(.text)
    _printf_longlong_hex                     0x00032e61   Thumb Code     0  _printf_hex_int.o(.text)
    __printf                                 0x00032eb9   Thumb Code   308  __printf_flags_wp.o(.text)
    memcmp                                   0x00032ff1   Thumb Code    88  memcmp.o(.text)
    strcpy                                   0x00033049   Thumb Code    72  strcpy.o(.text)
    strlen                                   0x00033091   Thumb Code    62  strlen.o(.text)
    __aeabi_memcpy                           0x000330cf   Thumb Code     0  rt_memcpy_v6.o(.text)
    __rt_memcpy                              0x000330cf   Thumb Code   138  rt_memcpy_v6.o(.text)
    _memcpy_lastbytes                        0x00033135   Thumb Code     0  rt_memcpy_v6.o(.text)
    __aeabi_memcpy4                          0x00033159   Thumb Code     0  rt_memcpy_w.o(.text)
    __aeabi_memcpy8                          0x00033159   Thumb Code     0  rt_memcpy_w.o(.text)
    __rt_memcpy_w                            0x00033159   Thumb Code   100  rt_memcpy_w.o(.text)
    _memcpy_lastbytes_aligned                0x000331a1   Thumb Code     0  rt_memcpy_w.o(.text)
    __aeabi_memclr                           0x000331bd   Thumb Code     0  rt_memclr.o(.text)
    __rt_memclr                              0x000331bd   Thumb Code    68  rt_memclr.o(.text)
    _memset                                  0x000331c1   Thumb Code     0  rt_memclr.o(.text)
    __aeabi_memclr4                          0x00033201   Thumb Code     0  rt_memclr_w.o(.text)
    __aeabi_memclr8                          0x00033201   Thumb Code     0  rt_memclr_w.o(.text)
    __rt_memclr_w                            0x00033201   Thumb Code    78  rt_memclr_w.o(.text)
    _memset_w                                0x00033205   Thumb Code     0  rt_memclr_w.o(.text)
    __use_two_region_memory                  0x0003324f   Thumb Code     2  heapauxi.o(.text)
    __rt_heap_escrow                         0x00033251   Thumb Code     2  heapauxi.o(.text)
    __rt_heap_expand                         0x00033253   Thumb Code     2  heapauxi.o(.text)
    __rt_heap_descriptor                     0x00033255   Thumb Code     8  rt_heap_descriptor_intlibspace.o(.text)
    __use_no_heap                            0x0003325d   Thumb Code     2  hguard.o(.text)
    __heap$guard                             0x0003325f   Thumb Code     2  hguard.o(.text)
    _terminate_user_alloc                    0x00033261   Thumb Code     2  init_alloc.o(.text)
    _init_user_alloc                         0x00033263   Thumb Code     2  init_alloc.o(.text)
    __Heap_Full                              0x00033265   Thumb Code    34  init_alloc.o(.text)
    __Heap_Broken                            0x00033287   Thumb Code     6  init_alloc.o(.text)
    _init_alloc                              0x0003328d   Thumb Code    94  init_alloc.o(.text)
    __Heap_Initialize                        0x000332eb   Thumb Code    10  h1_init.o(.text)
    __Heap_DescSize                          0x000332f5   Thumb Code     4  h1_init.o(.text)
    _printf_int_common                       0x000332f9   Thumb Code   178  _printf_intcommon.o(.text)
    _printf_char_common                      0x000333b7   Thumb Code    32  _printf_char_common.o(.text)
    _sputc                                   0x000333dd   Thumb Code    10  _sputc.o(.text)
    __user_libspace                          0x000333e9   Thumb Code     8  libspace.o(.text)
    __user_perproc_libspace                  0x000333e9   Thumb Code     0  libspace.o(.text)
    __user_perthread_libspace                0x000333e9   Thumb Code     0  libspace.o(.text)
    __Heap_ProvideMemory                     0x000333f1   Thumb Code    52  h1_extend.o(.text)
    __rt_SIGRTMEM                            0x00033425   Thumb Code    14  defsig_rtmem_outer.o(.text)
    __I$use$semihosting                      0x00033433   Thumb Code     0  use_no_semi.o(.text)
    __use_no_semihosting_swi                 0x00033433   Thumb Code     2  use_no_semi.o(.text)
    __semihosting_library_function           0x00033435   Thumb Code     0  indicate_semi.o(.text)
    __user_setup_stackheap                   0x00033435   Thumb Code    74  sys_stackheap_outer.o(.text)
    exit                                     0x0003347f   Thumb Code    18  exit.o(.text)
    __sig_exit                               0x00033491   Thumb Code    10  defsig_exit.o(.text)
    __rt_SIGRTMEM_inner                      0x0003349d   Thumb Code    22  defsig_rtmem_inner.o(.text)
    _sys_exit                                0x000334ed   Thumb Code     8  sys_exit.o(.text)
    __default_signal_display                 0x000334f9   Thumb Code    50  defsig_general.o(.text)
    _ttywrch                                 0x0003352b   Thumb Code    14  sys_wrch.o(.text)
    _is_digit                                0x00033539   Thumb Code    14  __printf_wp.o(i._is_digit)
    _fp_init                                 0x00033547   Thumb Code    10  fpinit.o(x$fpl$fpinit)
    __fplib_config_fpu_vfp                   0x0003354f   Thumb Code     0  fpinit.o(x$fpl$fpinit)
    __fplib_config_pureend_doubles           0x0003354f   Thumb Code     0  fpinit.o(x$fpl$fpinit)
    m_ram_start                              0x00033600   Data           4  nrf_sdh_ble.o(.constdata)
    INVALID_HEADER                           0x00033ca0   Data           4  flash_manager.o(.constdata)
    PADDING_HEADER                           0x00033ca4   Data           4  flash_manager.o(.constdata)
    SEAL_HEADER                              0x00033ca8   Data           4  flash_manager.o(.constdata)
    Region$$Table$$Base                      0x000342d4   Number         0  anon$$obj.o(Region$$Table)
    Region$$Table$$Limit                     0x000342f4   Number         0  anon$$obj.o(Region$$Table)
    ad_listeners$$Base                       0x000342f4   Number         0  prov_bearer_adv.o(ad_listeners)
    m_pb_adv_ad_listener                     0x000342f4   Data           8  prov_bearer_adv.o(ad_listeners)
    m_mesh_packet_listener                   0x000342fc   Data           8  nrf_mesh.o(ad_listeners)
    m_beacon_listener                        0x00034304   Data           8  beacon.o(ad_listeners)
    ad_listeners$$Limit                      0x0003430c   Number         0  beacon.o(ad_listeners)
    m_access_metadata_params                 0x0003430c   Data          28  access.o(mesh_config_entries)
    mesh_config_entries$$Base                0x0003430c   Number         0  access.o(mesh_config_entries)
    m_subscriptions_params                   0x00034328   Data          28  access.o(mesh_config_entries)
    m_elements_params                        0x00034344   Data          28  access.o(mesh_config_entries)
    m_models_params                          0x00034360   Data          28  access.o(mesh_config_entries)
    m_dsm_metadata_params                    0x0003437c   Data          28  device_state_manager.o(mesh_config_entries)
    m_dsm_unicast_addr_params                0x00034398   Data          28  device_state_manager.o(mesh_config_entries)
    m_dsm_nonvirtual_addr_params             0x000343b4   Data          28  device_state_manager.o(mesh_config_entries)
    m_dsm_virtual_addr_params                0x000343d0   Data          28  device_state_manager.o(mesh_config_entries)
    m_dsm_subnet_params                      0x000343ec   Data          28  device_state_manager.o(mesh_config_entries)
    m_dsm_appkey_params                      0x00034408   Data          28  device_state_manager.o(mesh_config_entries)
    m_dsm_devkey_params                      0x00034424   Data          28  device_state_manager.o(mesh_config_entries)
    m_dsm_legacy_subnet_params               0x00034440   Data          28  device_state_manager.o(mesh_config_entries)
    m_dsm_reduced_legacy_appkey_params       0x0003445c   Data          28  device_state_manager.o(mesh_config_entries)
    m_dsm_full_legacy_appkey_params          0x00034478   Data          28  device_state_manager.o(mesh_config_entries)
    m_mesh_opt_health_params                 0x00034494   Data          28  health_server.o(mesh_config_entries)
    m_ecdh_offloading_params                 0x000344b0   Data          28  prov_utils.o(mesh_config_entries)
    m_seqnum_block_legacy_params             0x000344cc   Data          28  net_state.o(mesh_config_entries)
    m_iv_index_legacy_params                 0x000344e8   Data          28  net_state.o(mesh_config_entries)
    m_seqnum_block_params                    0x00034504   Data          28  net_state.o(mesh_config_entries)
    m_iv_index_params                        0x00034520   Data          28  net_state.o(mesh_config_entries)
    m_heartbeat_publication_params           0x0003453c   Data          28  heartbeat.o(mesh_config_entries)
    m_net_beacon_enable_params               0x00034558   Data          28  net_beacon.o(mesh_config_entries)
    m_mesh_opt_core_adv_params               0x00034574   Data          28  core_tx_adv.o(mesh_config_entries)
    m_mesh_opt_core_tx_power_params          0x00034590   Data          28  core_tx_adv.o(mesh_config_entries)
    m_mesh_opt_core_adv_addr_params          0x000345ac   Data          28  core_tx_adv.o(mesh_config_entries)
    m_heartbeat_relay_listener               0x000345c8   Data           8  heartbeat.o(mesh_config_entry_listeners)
    mesh_config_entries$$Limit               0x000345c8   Number         0  core_tx_adv.o(mesh_config_entries)
    mesh_config_entry_listeners$$Base        0x000345c8   Number         0  heartbeat.o(mesh_config_entry_listeners)
    m_access_file                            0x000345d0   Data           8  access.o(mesh_config_files)
    mesh_config_entry_listeners$$Limit       0x000345d0   Number         0  heartbeat.o(mesh_config_entry_listeners)
    mesh_config_files$$Base                  0x000345d0   Number         0  access.o(mesh_config_files)
    m_dsm_file                               0x000345d8   Data           8  device_state_manager.o(mesh_config_files)
    m_net_state_file                         0x000345e0   Data           8  net_state.o(mesh_config_files)
    m_mesh_opt_core_file                     0x000345e8   Data           8  mesh_opt.o(mesh_config_files)
    mesh_config_files$$Limit                 0x000345f0   Number         0  mesh_opt.o(mesh_config_files)
    sdh_soc_observers0$$Base                 0x000345f0   Number         0  ble_softdevice_support.o(sdh_soc_observers0)
    sdh_soc_observers0$$Limit                0x000345f8   Number         0  ble_softdevice_support.o(sdh_soc_observers0)
    sdh_stack_observers0$$Base               0x000345f8   Number         0  nrf_sdh_soc.o(sdh_stack_observers0)
    sdh_stack_observers0$$Limit              0x00034608   Number         0  nrf_sdh_ble.o(sdh_stack_observers0)
    Image$$RW_IRAM1$$Base                    0x20001f60   Number         0  anon$$obj.o ABSOLUTE
    g_log_hex_digits                         0x200020f4   Data           4  log.o(.data)
    g_log_dbg_msk                            0x200020f8   Data           4  log.o(.data)
    g_log_dbg_lvl                            0x200020fc   Data           4  log.o(.data)
    m_log_callback                           0x20002100   Data           4  log.o(.data)
    SystemCoreClock                          0x200021d8   Data           4  system_nrf52833.o(.data)
    nrf_nvic_state                           0x200026c0   Data          12  app_util_platform.o(.bss)
    m_packet                                 0x20003894   Data          36  core_tx.o(.bss)
    _SEGGER_RTT                              0x20004128   Data          72  SEGGER_RTT.o(.bss)
    __libspace_start                         0x200049f0   Data          96  libspace.o(.bss)
    __temporary_stack_top$libspace           0x20004a50   Data           0  libspace.o(.bss)



==============================================================================

Memory Map of the image

  Image Entry point : 0x0001c201

  Load Region LR_IROM1 (Base: 0x0001c000, Size: 0x0001889c, Max: 0x0005b000, ABSOLUTE, COMPRESSED[0x00018658])

    Execution Region ER_IROM1 (Base: 0x0001c000, Size: 0x00018608, Max: 0x0005b000, ABSOLUTE)

    Base Addr    Size         Type   Attr      Idx    E Section Name        Object

    0x0001c000   0x00000200   Data   RO         3880    RESET               arm_startup_nrf52833.o
    0x0001c200   0x00000008   Code   RO         4138  * !!!main             c_w.l(__main.o)
    0x0001c208   0x00000034   Code   RO         4360    !!!scatter          c_w.l(__scatter.o)
    0x0001c23c   0x0000003a   Code   RO         4358    !!dczerorl          c_w.l(__dczerorl.o)
    0x0001c276   0x00000002   PAD
    0x0001c278   0x0000001c   Code   RO         4362    !!handler_zi        c_w.l(__scatter_zi.o)
    0x0001c294   0x00000000   Code   RO         4121    .ARM.Collect$$_printf_percent$$00000000  c_w.l(_printf_percent.o)
    0x0001c294   0x00000006   Code   RO         4119    .ARM.Collect$$_printf_percent$$00000009  c_w.l(_printf_d.o)
    0x0001c29a   0x00000006   Code   RO         4120    .ARM.Collect$$_printf_percent$$0000000A  c_w.l(_printf_u.o)
    0x0001c2a0   0x00000006   Code   RO         4118    .ARM.Collect$$_printf_percent$$0000000C  c_w.l(_printf_x.o)
    0x0001c2a6   0x00000004   Code   RO         4178    .ARM.Collect$$_printf_percent$$00000017  c_w.l(_printf_percent_end.o)
    0x0001c2aa   0x00000002   Code   RO         4297    .ARM.Collect$$libinit$$00000000  c_w.l(libinit.o)
    0x0001c2ac   0x00000004   Code   RO         4181    .ARM.Collect$$libinit$$00000001  c_w.l(libinit2.o)
    0x0001c2b0   0x00000000   Code   RO         4184    .ARM.Collect$$libinit$$00000004  c_w.l(libinit2.o)
    0x0001c2b0   0x00000008   Code   RO         4185    .ARM.Collect$$libinit$$00000005  c_w.l(libinit2.o)
    0x0001c2b8   0x00000000   Code   RO         4187    .ARM.Collect$$libinit$$0000000A  c_w.l(libinit2.o)
    0x0001c2b8   0x00000000   Code   RO         4189    .ARM.Collect$$libinit$$0000000C  c_w.l(libinit2.o)
    0x0001c2b8   0x00000000   Code   RO         4191    .ARM.Collect$$libinit$$0000000E  c_w.l(libinit2.o)
    0x0001c2b8   0x00000000   Code   RO         4194    .ARM.Collect$$libinit$$00000011  c_w.l(libinit2.o)
    0x0001c2b8   0x00000000   Code   RO         4196    .ARM.Collect$$libinit$$00000013  c_w.l(libinit2.o)
    0x0001c2b8   0x00000000   Code   RO         4198    .ARM.Collect$$libinit$$00000015  c_w.l(libinit2.o)
    0x0001c2b8   0x00000000   Code   RO         4200    .ARM.Collect$$libinit$$00000017  c_w.l(libinit2.o)
    0x0001c2b8   0x00000000   Code   RO         4202    .ARM.Collect$$libinit$$00000019  c_w.l(libinit2.o)
    0x0001c2b8   0x00000000   Code   RO         4204    .ARM.Collect$$libinit$$0000001B  c_w.l(libinit2.o)
    0x0001c2b8   0x00000000   Code   RO         4206    .ARM.Collect$$libinit$$0000001D  c_w.l(libinit2.o)
    0x0001c2b8   0x00000000   Code   RO         4208    .ARM.Collect$$libinit$$0000001F  c_w.l(libinit2.o)
    0x0001c2b8   0x00000000   Code   RO         4210    .ARM.Collect$$libinit$$00000021  c_w.l(libinit2.o)
    0x0001c2b8   0x00000000   Code   RO         4212    .ARM.Collect$$libinit$$00000023  c_w.l(libinit2.o)
    0x0001c2b8   0x00000000   Code   RO         4214    .ARM.Collect$$libinit$$00000025  c_w.l(libinit2.o)
    0x0001c2b8   0x00000000   Code   RO         4218    .ARM.Collect$$libinit$$0000002C  c_w.l(libinit2.o)
    0x0001c2b8   0x00000000   Code   RO         4220    .ARM.Collect$$libinit$$0000002E  c_w.l(libinit2.o)
    0x0001c2b8   0x00000000   Code   RO         4222    .ARM.Collect$$libinit$$00000030  c_w.l(libinit2.o)
    0x0001c2b8   0x00000000   Code   RO         4224    .ARM.Collect$$libinit$$00000032  c_w.l(libinit2.o)
    0x0001c2b8   0x00000002   Code   RO         4225    .ARM.Collect$$libinit$$00000033  c_w.l(libinit2.o)
    0x0001c2ba   0x00000002   Code   RO         4355    .ARM.Collect$$libshutdown$$00000000  c_w.l(libshutdown.o)
    0x0001c2bc   0x00000000   Code   RO         4313    .ARM.Collect$$libshutdown$$00000002  c_w.l(libshutdown2.o)
    0x0001c2bc   0x00000000   Code   RO         4315    .ARM.Collect$$libshutdown$$00000004  c_w.l(libshutdown2.o)
    0x0001c2bc   0x00000000   Code   RO         4318    .ARM.Collect$$libshutdown$$00000007  c_w.l(libshutdown2.o)
    0x0001c2bc   0x00000000   Code   RO         4321    .ARM.Collect$$libshutdown$$0000000A  c_w.l(libshutdown2.o)
    0x0001c2bc   0x00000000   Code   RO         4323    .ARM.Collect$$libshutdown$$0000000C  c_w.l(libshutdown2.o)
    0x0001c2bc   0x00000000   Code   RO         4326    .ARM.Collect$$libshutdown$$0000000F  c_w.l(libshutdown2.o)
    0x0001c2bc   0x00000002   Code   RO         4327    .ARM.Collect$$libshutdown$$00000010  c_w.l(libshutdown2.o)
    0x0001c2be   0x00000000   Code   RO         4142    .ARM.Collect$$rtentry$$00000000  c_w.l(__rtentry.o)
    0x0001c2be   0x00000000   Code   RO         4232    .ARM.Collect$$rtentry$$00000002  c_w.l(__rtentry2.o)
    0x0001c2be   0x00000006   Code   RO         4244    .ARM.Collect$$rtentry$$00000004  c_w.l(__rtentry4.o)
    0x0001c2c4   0x00000000   Code   RO         4234    .ARM.Collect$$rtentry$$00000009  c_w.l(__rtentry2.o)
    0x0001c2c4   0x00000004   Code   RO         4235    .ARM.Collect$$rtentry$$0000000A  c_w.l(__rtentry2.o)
    0x0001c2c8   0x00000000   Code   RO         4237    .ARM.Collect$$rtentry$$0000000C  c_w.l(__rtentry2.o)
    0x0001c2c8   0x00000008   Code   RO         4238    .ARM.Collect$$rtentry$$0000000D  c_w.l(__rtentry2.o)
    0x0001c2d0   0x00000002   Code   RO         4300    .ARM.Collect$$rtexit$$00000000  c_w.l(rtexit.o)
    0x0001c2d2   0x00000000   Code   RO         4331    .ARM.Collect$$rtexit$$00000002  c_w.l(rtexit2.o)
    0x0001c2d2   0x00000004   Code   RO         4332    .ARM.Collect$$rtexit$$00000003  c_w.l(rtexit2.o)
    0x0001c2d6   0x00000006   Code   RO         4333    .ARM.Collect$$rtexit$$00000004  c_w.l(rtexit2.o)
    0x0001c2dc   0x0000001a   Code   RO         3914    .emb_text           app_error_handler_keil.o
    0x0001c2f6   0x00000002   PAD
    0x0001c2f8   0x00000000   Code   RO         4250    .emb_text           c_w.l(maybetermalloc1.o)
    0x0001c2f8   0x00000004   Code   RO          623    .rev16_text         mesh_app_utils.o
    0x0001c2fc   0x00000004   Code   RO         1589    .rev16_text         prov_provisionee.o
    0x0001c300   0x00000004   Code   RO         1695    .rev16_text         prov_beacon.o
    0x0001c304   0x00000004   Code   RO         1768    .rev16_text         prov_bearer_adv.o
    0x0001c308   0x00000004   Code   RO         2604    .rev16_text         enc.o
    0x0001c30c   0x00000004   Code   RO         2734    .rev16_text         nrf_mesh_keygen.o
    0x0001c310   0x00000004   Code   RO         2872    .rev16_text         ccm_soft.o
    0x0001c314   0x000004b4   Code   RO            4    .text               main.o
    0x0001c7c8   0x000001dc   Code   RO          395    .text               mesh_stack.o
    0x0001c9a4   0x00000128   Code   RO          492    .text               mesh_provisionee.o
    0x0001cacc   0x000001e0   Code   RO          564    .text               simple_hal.o
    0x0001ccac   0x00000148   Code   RO          626    .text               mesh_app_utils.o
    0x0001cdf4   0x000000f0   Code   RO          718    .text               ble_softdevice_support.o
    0x0001cee4   0x000000dc   Code   RO          762    .text               app_util_platform.o
    0x0001cfc0   0x0000004a   Code   RO          835    .text               nrf_section_iter.o
    0x0001d00a   0x00000002   PAD
    0x0001d00c   0x0000003c   Code   RO          862    .text               nrf_sdh_soc.o
    0x0001d048   0x000000f4   Code   RO          911    .text               nrf_sdh_ble.o
    0x0001d13c   0x0000026c   Code   RO          949    .text               nrf_sdh.o
    0x0001d3a8   0x00000360   Code   RO         1073    .text               access_publish.o
    0x0001d708   0x0000028c   Code   RO         1103    .text               access_publish_retransmission.o
    0x0001d994   0x000016f4   Code   RO         1150    .text               access.o
    0x0001f088   0x000005e0   Code   RO         1240    .text               access_reliable.o
    0x0001f668   0x0000201c   Code   RO         1272    .text               device_state_manager.o
    0x00021684   0x00000008   Code   RO         1334    .text               nrf_mesh_weak.o
    0x0002168c   0x000001a8   Code   RO         1382    .text               app_error_weak.o
    0x00021834   0x00000020   Code   RO         1411    .text               assertion_handler_weak.o
    0x00021854   0x0000017c   Code   RO         1437    .text               composition_data.o
    0x000219d0   0x00002320   Code   RO         1464    .text               config_server.o
    0x00023cf0   0x00000036   Code   RO         1532    .text               packed_index_list.o
    0x00023d26   0x00000002   PAD
    0x00023d28   0x00000668   Code   RO         1547    .text               health_server.o
    0x00024390   0x0000072a   Code   RO         1592    .text               prov_provisionee.o
    0x00024aba   0x00000002   PAD
    0x00024abc   0x00000360   Code   RO         1633    .text               nrf_mesh_prov.o
    0x00024e1c   0x00000130   Code   RO         1673    .text               provisioning.o
    0x00024f4c   0x000000e0   Code   RO         1698    .text               prov_beacon.o
    0x0002502c   0x0000040c   Code   RO         1730    .text               prov_utils.o
    0x00025438   0x00000fbe   Code   RO         1771    .text               prov_bearer_adv.o
    0x000263f6   0x00000002   PAD
    0x000263f8   0x00000048   Code   RO         1823    .text               nrf_mesh_configure.o
    0x00026440   0x00000090   Code   RO         1870    .text               msg_cache.o
    0x000264d0   0x00001500   Code   RO         1900    .text               transport.o
    0x000279d0   0x000000a0   Code   RO         1945    .text               event.o
    0x00027a70   0x0000040e   Code   RO         1971    .text               packet_buffer.o
    0x00027e7e   0x00000002   PAD
    0x00027e80   0x000005e4   Code   RO         1995    .text               flash_manager_defrag.o
    0x00028464   0x0000015a   Code   RO         2033    .text               fifo.o
    0x000285be   0x00000002   PAD
    0x000285c0   0x000000a4   Code   RO         2061    .text               nrf_flash.o
    0x00028664   0x0000065c   Code   RO         2088    .text               net_state.o
    0x00028cc0   0x000004a0   Code   RO         2131    .text               mesh_flash.o
    0x00029160   0x00000054   Code   RO         2162    .text               nrf_mesh_utils.o
    0x000291b4   0x00000334   Code   RO         2187    .text               nrf_mesh.o
    0x000294e8   0x00000152   Code   RO         2237    .text               queue.o
    0x0002963a   0x00000002   PAD
    0x0002963c   0x00000090   Code   RO         2265    .text               hal.o
    0x000296cc   0x0000014e   Code   RO         2297    .text               aes_cmac.o
    0x0002981a   0x00000002   PAD
    0x0002981c   0x00000240   Code   RO         2327    .text               timer_scheduler.o
    0x00029a5c   0x000001d0   Code   RO         2353    .text               timer.o
    0x00029c2c   0x00000094   Code   RO         2406    .text               rand.o
    0x00029cc0   0x00000008   Code   RO         2454    .text               mesh_opt.o
    0x00029cc8   0x000003d4   Code   RO         2482    .text               timeslot.o
    0x0002a09c   0x000002b0   Code   RO         2535    .text               timeslot_timer.o
    0x0002a34c   0x00000448   Code   RO         2566    .text               bearer_event.o
    0x0002a794   0x000002a4   Code   RO         2607    .text               enc.o
    0x0002aa38   0x000005a8   Code   RO         2632    .text               network.o
    0x0002afe0   0x000003d0   Code   RO         2677    .text               net_packet.o
    0x0002b3b0   0x00000114   Code   RO         2709    .text               msqueue.o
    0x0002b4c4   0x00000168   Code   RO         2737    .text               nrf_mesh_keygen.o
    0x0002b62c   0x00000178   Code   RO         2773    .text               list.o
    0x0002b7a4   0x000000b4   Code   RO         2800    .text               log.o
    0x0002b858   0x00000cd0   Code   RO         2840    .text               flash_manager.o
    0x0002c528   0x0000023c   Code   RO         2875    .text               ccm_soft.o
    0x0002c764   0x0000030c   Code   RO         2917    .text               replay_cache.o
    0x0002ca70   0x00000174   Code   RO         2948    .text               beacon.o
    0x0002cbe4   0x0000006c   Code   RO         2976    .text               flash_manager_internal.o
    0x0002cc50   0x000001f0   Code   RO         3004    .text               core_tx.o
    0x0002ce40   0x0000045e   Code   RO         3032    .text               heartbeat.o
    0x0002d29e   0x00000002   PAD
    0x0002d2a0   0x00000494   Code   RO         3078    .text               net_beacon.o
    0x0002d734   0x00000538   Code   RO         3123    .text               mesh_config.o
    0x0002dc6c   0x00000234   Code   RO         3181    .text               mesh_config_backend.o
    0x0002dea0   0x00000350   Code   RO         3216    .text               mesh_config_flashman_glue.o
    0x0002e1f0   0x00000138   Code   RO         3327    .text               core_tx_local.o
    0x0002e328   0x00000438   Code   RO         3355    .text               core_tx_adv.o
    0x0002e760   0x0000000e   Code   RO         3391    .text               mesh_mem_stdlib.o
    0x0002e76e   0x00000002   PAD
    0x0002e770   0x000000a4   Code   RO         3406    .text               ad_listener.o
    0x0002e814   0x000000f4   Code   RO         3440    .text               ad_type_filter.o
    0x0002e908   0x000005c4   Code   RO         3510    .text               advertiser.o
    0x0002eecc   0x000004fc   Code   RO         3549    .text               bearer_handler.o
    0x0002f3c8   0x000001c4   Code   RO         3583    .text               broadcast.o
    0x0002f58c   0x000000d0   Code   RO         3616    .text               filter_engine.o
    0x0002f65c   0x00000194   Code   RO         3671    .text               radio_config.o
    0x0002f7f0   0x000005e4   Code   RO         3725    .text               scanner.o
    0x0002fdd4   0x00000244   Code   RO         3759    .text               mesh_pa_lna.o
    0x00030018   0x000005b0   Code   RO         3788    .text               app_timer_mesh.o
    0x000305c8   0x00000074   Code   RO         3823    .text               app_timer_workaround.o
    0x0003063c   0x000001a4   Code   RO         3850    .text               system_nrf52833.o
    0x000307e0   0x00000040   Code   RO         3881    .text               arm_startup_nrf52833.o
    0x00030820   0x00000078   Code   RO         3886    .text               app_error.o
    0x00030898   0x000007d0   Code   RO         3933    .text               librtt_nrf52833_xxAA.a(SEGGER_RTT.o)
    0x00031068   0x00000364   Code   RO         3953    .text               librtt_nrf52833_xxAA.a(SEGGER_RTT_printf.o)
    0x000313cc   0x000017e2   Code   RO         3966    .text               libuECC_nrf52833_xxAA.a(uECC.o)
    0x00032bae   0x00000028   Code   RO         4005    .text               c_w.l(calloc.o)
    0x00032bd6   0x0000005e   Code   RO         4007    .text               c_w.l(h1_alloc.o)
    0x00032c34   0x0000004e   Code   RO         4009    .text               c_w.l(h1_free.o)
    0x00032c82   0x000000ee   Code   RO         4065    .text               c_w.l(lludivv7m.o)
    0x00032d70   0x00000028   Code   RO         4069    .text               c_w.l(noretval__2sprintf.o)
    0x00032d98   0x0000004e   Code   RO         4073    .text               c_w.l(_printf_pad.o)
    0x00032de6   0x00000002   PAD
    0x00032de8   0x00000078   Code   RO         4075    .text               c_w.l(_printf_dec.o)
    0x00032e60   0x00000058   Code   RO         4080    .text               c_w.l(_printf_hex_int.o)
    0x00032eb8   0x00000138   Code   RO         4110    .text               c_w.l(__printf_flags_wp.o)
    0x00032ff0   0x00000058   Code   RO         4122    .text               c_w.l(memcmp.o)
    0x00033048   0x00000048   Code   RO         4124    .text               c_w.l(strcpy.o)
    0x00033090   0x0000003e   Code   RO         4126    .text               c_w.l(strlen.o)
    0x000330ce   0x0000008a   Code   RO         4128    .text               c_w.l(rt_memcpy_v6.o)
    0x00033158   0x00000064   Code   RO         4130    .text               c_w.l(rt_memcpy_w.o)
    0x000331bc   0x00000044   Code   RO         4132    .text               c_w.l(rt_memclr.o)
    0x00033200   0x0000004e   Code   RO         4134    .text               c_w.l(rt_memclr_w.o)
    0x0003324e   0x00000006   Code   RO         4136    .text               c_w.l(heapauxi.o)
    0x00033254   0x00000008   Code   RO         4150    .text               c_w.l(rt_heap_descriptor_intlibspace.o)
    0x0003325c   0x00000004   Code   RO         4152    .text               c_w.l(hguard.o)
    0x00033260   0x0000008a   Code   RO         4154    .text               c_w.l(init_alloc.o)
    0x000332ea   0x0000000e   Code   RO         4158    .text               c_w.l(h1_init.o)
    0x000332f8   0x000000b2   Code   RO         4172    .text               c_w.l(_printf_intcommon.o)
    0x000333aa   0x00000002   PAD
    0x000333ac   0x00000030   Code   RO         4174    .text               c_w.l(_printf_char_common.o)
    0x000333dc   0x0000000a   Code   RO         4176    .text               c_w.l(_sputc.o)
    0x000333e6   0x00000002   PAD
    0x000333e8   0x00000008   Code   RO         4228    .text               c_w.l(libspace.o)
    0x000333f0   0x00000034   Code   RO         4252    .text               c_w.l(h1_extend.o)
    0x00033424   0x0000000e   Code   RO         4258    .text               c_w.l(defsig_rtmem_outer.o)
    0x00033432   0x00000002   Code   RO         4269    .text               c_w.l(use_no_semi.o)
    0x00033434   0x00000000   Code   RO         4271    .text               c_w.l(indicate_semi.o)
    0x00033434   0x0000004a   Code   RO         4272    .text               c_w.l(sys_stackheap_outer.o)
    0x0003347e   0x00000012   Code   RO         4278    .text               c_w.l(exit.o)
    0x00033490   0x0000000a   Code   RO         4280    .text               c_w.l(defsig_exit.o)
    0x0003349a   0x00000002   PAD
    0x0003349c   0x00000050   Code   RO         4286    .text               c_w.l(defsig_rtmem_inner.o)
    0x000334ec   0x0000000c   Code   RO         4298    .text               c_w.l(sys_exit.o)
    0x000334f8   0x00000032   Code   RO         4308    .text               c_w.l(defsig_general.o)
    0x0003352a   0x0000000e   Code   RO         4328    .text               c_w.l(sys_wrch.o)
    0x00033538   0x0000000e   Code   RO         4108    i._is_digit         c_w.l(__printf_wp.o)
    0x00033546   0x0000000a   Code   RO         4267    x$fpl$fpinit        fz_wm.l(fpinit.o)
    0x00033550   0x00000054   Data   RO            6    .constdata          main.o
    0x000335a4   0x00000010   Data   RO            7    .constdata          main.o
    0x000335b4   0x0000000b   Data   RO          494    .constdata          mesh_provisionee.o
    0x000335bf   0x00000001   PAD
    0x000335c0   0x00000004   Data   RO          566    .constdata          simple_hal.o
    0x000335c4   0x00000010   Data   RO          863    .constdata          nrf_sdh_soc.o
    0x000335d4   0x0000000c   Data   RO          864    .constdata          nrf_sdh_soc.o
    0x000335e0   0x00000020   Data   RO          912    .constdata          nrf_sdh_ble.o
    0x00033600   0x00000010   Data   RO          913    .constdata          nrf_sdh_ble.o
    0x00033610   0x00000010   Data   RO          950    .constdata          nrf_sdh.o
    0x00033620   0x00000028   Data   RO          951    .constdata          nrf_sdh.o
    0x00033648   0x00000010   Data   RO          952    .constdata          nrf_sdh.o
    0x00033658   0x00000010   Data   RO          953    .constdata          nrf_sdh.o
    0x00033668   0x00000004   Data   RO         1153    .constdata          access.o
    0x0003366c   0x00000004   Data   RO         1154    .constdata          access.o
    0x00033670   0x00000004   Data   RO         1155    .constdata          access.o
    0x00033674   0x00000004   Data   RO         1156    .constdata          access.o
    0x00033678   0x0000003a   Data   RO         1157    .constdata          access.o
    0x000336b2   0x00000004   Data   RO         1276    .constdata          device_state_manager.o
    0x000336b6   0x00000004   Data   RO         1277    .constdata          device_state_manager.o
    0x000336ba   0x00000004   Data   RO         1278    .constdata          device_state_manager.o
    0x000336be   0x00000004   Data   RO         1279    .constdata          device_state_manager.o
    0x000336c2   0x00000004   Data   RO         1280    .constdata          device_state_manager.o
    0x000336c6   0x00000004   Data   RO         1281    .constdata          device_state_manager.o
    0x000336ca   0x00000004   Data   RO         1282    .constdata          device_state_manager.o
    0x000336ce   0x00000004   Data   RO         1283    .constdata          device_state_manager.o
    0x000336d2   0x00000004   Data   RO         1284    .constdata          device_state_manager.o
    0x000336d6   0x00000004   Data   RO         1285    .constdata          device_state_manager.o
    0x000336da   0x00000002   PAD
    0x000336dc   0x00000036   Data   RO         1286    .constdata          device_state_manager.o
    0x00033712   0x00000002   PAD
    0x00033714   0x00000008   Data   RO         1412    .constdata          assertion_handler_weak.o
    0x0003371c   0x00000178   Data   RO         1465    .constdata          config_server.o
    0x00033894   0x00000054   Data   RO         1466    .constdata          config_server.o
    0x000338e8   0x00000004   Data   RO         1549    .constdata          health_server.o
    0x000338ec   0x00000058   Data   RO         1550    .constdata          health_server.o
    0x00033944   0x00000074   Data   RO         1551    .constdata          health_server.o
    0x000339b8   0x00000010   Data   RO         1593    .constdata          prov_provisionee.o
    0x000339c8   0x00000020   Data   RO         1634    .constdata          nrf_mesh_prov.o
    0x000339e8   0x0000000a   Data   RO         1674    .constdata          provisioning.o
    0x000339f2   0x00000004   Data   RO         1731    .constdata          prov_utils.o
    0x000339f6   0x00000002   PAD
    0x000339f8   0x00000067   Data   RO         1732    .constdata          prov_utils.o
    0x00033a5f   0x00000001   PAD
    0x00033a60   0x00000114   Data   RO         1772    .constdata          prov_bearer_adv.o
    0x00033b74   0x00000070   Data   RO         1902    .constdata          transport.o
    0x00033be4   0x00000028   Data   RO         1997    .constdata          flash_manager_defrag.o
    0x00033c0c   0x00000004   Data   RO         2091    .constdata          net_state.o
    0x00033c10   0x00000004   Data   RO         2092    .constdata          net_state.o
    0x00033c14   0x00000004   Data   RO         2093    .constdata          net_state.o
    0x00033c18   0x00000004   Data   RO         2094    .constdata          net_state.o
    0x00033c1c   0x00000014   Data   RO         2095    .constdata          net_state.o
    0x00033c30   0x00000010   Data   RO         2133    .constdata          mesh_flash.o
    0x00033c40   0x00000004   Data   RO         2163    .constdata          nrf_mesh_utils.o
    0x00033c44   0x00000058   Data   RO         2188    .constdata          nrf_mesh.o
    0x00033c9c   0x00000004   Data   RO         2678    .constdata          net_packet.o
    0x00033ca0   0x0000001c   Data   RO         2842    .constdata          flash_manager.o
    0x00033cbc   0x00000004   Data   RO         3034    .constdata          heartbeat.o
    0x00033cc0   0x00000004   Data   RO         3035    .constdata          heartbeat.o
    0x00033cc4   0x00000064   Data   RO         3036    .constdata          heartbeat.o
    0x00033d28   0x00000004   Data   RO         3080    .constdata          net_beacon.o
    0x00033d2c   0x00000008   Data   RO         3081    .constdata          net_beacon.o
    0x00033d34   0x000000b0   Data   RO         3124    .constdata          mesh_config.o
    0x00033de4   0x00000038   Data   RO         3217    .constdata          mesh_config_flashman_glue.o
    0x00033e1c   0x00000024   Data   RO         3329    .constdata          core_tx_local.o
    0x00033e40   0x00000004   Data   RO         3357    .constdata          core_tx_adv.o
    0x00033e44   0x00000004   Data   RO         3358    .constdata          core_tx_adv.o
    0x00033e48   0x00000004   Data   RO         3359    .constdata          core_tx_adv.o
    0x00033e4c   0x00000030   Data   RO         3360    .constdata          core_tx_adv.o
    0x00033e7c   0x00000003   Data   RO         3512    .constdata          advertiser.o
    0x00033e7f   0x00000006   Data   RO         3584    .constdata          broadcast.o
    0x00033e85   0x00000028   Data   RO         3672    .constdata          radio_config.o
    0x00033ead   0x00000003   PAD
    0x00033eb0   0x00000006   Data   RO         3790    .constdata          app_timer_mesh.o
    0x00033eb6   0x00000002   PAD
    0x00033eb8   0x00000004   Data   RO         3825    .constdata          app_timer_workaround.o
    0x00033ebc   0x00000010   Data   RO         3954    .constdata          librtt_nrf52833_xxAA.a(SEGGER_RTT_printf.o)
    0x00033ecc   0x000000b4   Data   RO         3967    .constdata          libuECC_nrf52833_xxAA.a(uECC.o)
    0x00033f80   0x00000028   Data   RO         4081    .constdata          c_w.l(_printf_hex_int.o)
    0x00033fa8   0x00000011   Data   RO         4111    .constdata          c_w.l(__printf_flags_wp.o)
    0x00033fb9   0x00000003   PAD
    0x00033fbc   0x000000b0   Data   RO            8    .conststring        main.o
    0x0003406c   0x00000055   Data   RO         1158    .conststring        access.o
    0x000340c1   0x00000003   PAD
    0x000340c4   0x00000001   Data   RO         1413    .conststring        assertion_handler_weak.o
    0x000340c5   0x00000003   PAD
    0x000340c8   0x00000045   Data   RO         1467    .conststring        config_server.o
    0x0003410d   0x00000003   PAD
    0x00034110   0x000000e4   Data   RO         1773    .conststring        prov_bearer_adv.o
    0x000341f4   0x00000041   Data   RO         1903    .conststring        transport.o
    0x00034235   0x00000003   PAD
    0x00034238   0x00000011   Data   RO         2801    .conststring        log.o
    0x00034249   0x00000003   PAD
    0x0003424c   0x00000087   Data   RO         3082    .conststring        net_beacon.o
    0x000342d3   0x00000001   PAD
    0x000342d4   0x00000020   Data   RO         4356    Region$$Table       anon$$obj.o
    0x000342f4   0x00000008   Data   RO         1775    ad_listeners        prov_bearer_adv.o
    0x000342fc   0x00000008   Data   RO         2190    ad_listeners        nrf_mesh.o
    0x00034304   0x00000008   Data   RO         2949    ad_listeners        beacon.o
    0x0003430c   0x00000070   Data   RO         1164    mesh_config_entries  access.o
    0x0003437c   0x00000118   Data   RO         1297    mesh_config_entries  device_state_manager.o
    0x00034494   0x0000001c   Data   RO         1554    mesh_config_entries  health_server.o
    0x000344b0   0x0000001c   Data   RO         1735    mesh_config_entries  prov_utils.o
    0x000344cc   0x00000070   Data   RO         2101    mesh_config_entries  net_state.o
    0x0003453c   0x0000001c   Data   RO         3039    mesh_config_entries  heartbeat.o
    0x00034558   0x0000001c   Data   RO         3085    mesh_config_entries  net_beacon.o
    0x00034574   0x00000054   Data   RO         3365    mesh_config_entries  core_tx_adv.o
    0x000345c8   0x00000008   Data   RO         3040    mesh_config_entry_listeners  heartbeat.o
    0x000345d0   0x00000008   Data   RO         1165    mesh_config_files   access.o
    0x000345d8   0x00000008   Data   RO         1298    mesh_config_files   device_state_manager.o
    0x000345e0   0x00000008   Data   RO         2102    mesh_config_files   net_state.o
    0x000345e8   0x00000008   Data   RO         2456    mesh_config_files   mesh_opt.o
    0x000345f0   0x00000008   Data   RO          719    sdh_soc_observers0  ble_softdevice_support.o
    0x000345f8   0x00000008   Data   RO          865    sdh_stack_observers0  nrf_sdh_soc.o
    0x00034600   0x00000008   Data   RO          915    sdh_stack_observers0  nrf_sdh_ble.o


    Execution Region RW_IRAM1 (Base: 0x20001f60, Size: 0x00004ef0, Max: 0x0001dda0, ABSOLUTE, COMPRESSED[0x00000050])

    Base Addr    Size         Type   Attr      Idx    E Section Name        Object

    0x20001f60   0x00000001   Data   RW            9    .data               main.o
    0x20001f61   0x00000003   PAD
    0x20001f64   0x0000000c   Data   RW          397    .data               mesh_stack.o
    0x20001f70   0x00000002   Data   RW          495    .data               mesh_provisionee.o
    0x20001f72   0x00000002   PAD
    0x20001f74   0x00000018   Data   RW          567    .data               simple_hal.o
    0x20001f8c   0x00000004   Data   RW          764    .data               app_util_platform.o
    0x20001f90   0x00000001   Data   RW          914    .data               nrf_sdh_ble.o
    0x20001f91   0x00000003   Data   RW          954    .data               nrf_sdh.o
    0x20001f94   0x0000000c   Data   RW         1075    .data               access_publish.o
    0x20001fa0   0x00000008   Data   RW         1159    .data               access.o
    0x20001fa8   0x00000001   Data   RW         1160    .data               access.o
    0x20001fa9   0x00000002   Data   RW         1161    .data               access.o
    0x20001fab   0x00000001   Data   RW         1162    .data               access.o
    0x20001fac   0x00000002   Data   RW         1163    .data               access.o
    0x20001fae   0x00000002   PAD
    0x20001fb0   0x00000020   Data   RW         1287    .data               device_state_manager.o
    0x20001fd0   0x00000001   Data   RW         1288    .data               device_state_manager.o
    0x20001fd1   0x00000001   Data   RW         1289    .data               device_state_manager.o
    0x20001fd2   0x00000008   Data   RW         1290    .data               device_state_manager.o
    0x20001fda   0x00000004   Data   RW         1291    .data               device_state_manager.o
    0x20001fde   0x00000008   Data   RW         1292    .data               device_state_manager.o
    0x20001fe6   0x00000001   Data   RW         1293    .data               device_state_manager.o
    0x20001fe7   0x00000004   Data   RW         1294    .data               device_state_manager.o
    0x20001feb   0x00000008   Data   RW         1295    .data               device_state_manager.o
    0x20001ff3   0x00000008   Data   RW         1296    .data               device_state_manager.o
    0x20001ffb   0x00000001   Data   RW         1383    .data               app_error_weak.o
    0x20001ffc   0x00000018   Data   RW         1468    .data               config_server.o
    0x20002014   0x00000008   Data   RW         1552    .data               health_server.o
    0x2000201c   0x00000001   Data   RW         1553    .data               health_server.o
    0x2000201d   0x00000003   PAD
    0x20002020   0x00000004   Data   RW         1699    .data               prov_beacon.o
    0x20002024   0x00000001   Data   RW         1733    .data               prov_utils.o
    0x20002025   0x00000001   Data   RW         1734    .data               prov_utils.o
    0x20002026   0x00000002   PAD
    0x20002028   0x00000008   Data   RW         1774    .data               prov_bearer_adv.o
    0x20002030   0x00000004   Data   RW         1872    .data               msg_cache.o
    0x20002034   0x00000014   Data   RW         1904    .data               transport.o
    0x20002048   0x00000008   Data   RW         1946    .data               event.o
    0x20002050   0x0000000c   Data   RW         1998    .data               flash_manager_defrag.o
    0x2000205c   0x00000015   Data   RW         2096    .data               net_state.o
    0x20002071   0x00000001   Data   RW         2097    .data               net_state.o
    0x20002072   0x00000001   Data   RW         2098    .data               net_state.o
    0x20002073   0x00000001   Data   RW         2099    .data               net_state.o
    0x20002074   0x00000001   Data   RW         2100    .data               net_state.o
    0x20002075   0x00000003   PAD
    0x20002078   0x0000000c   Data   RW         2134    .data               mesh_flash.o
    0x20002084   0x0000001c   Data   RW         2189    .data               nrf_mesh.o
    0x200020a0   0x0000000c   Data   RW         2328    .data               timer_scheduler.o
    0x200020ac   0x00000010   Data   RW         2354    .data               timer.o
    0x200020bc   0x0000000c   Data   RW         2484    .data               timeslot.o
    0x200020c8   0x00000010   Data   RW         2537    .data               timeslot_timer.o
    0x200020d8   0x00000018   Data   RW         2568    .data               bearer_event.o
    0x200020f0   0x00000004   Data   RW         2633    .data               network.o
    0x200020f4   0x00000004   Data   RW         2802    .data               log.o
    0x200020f8   0x0000000c   Data   RW         2803    .data               log.o
    0x20002104   0x0000001c   Data   RW         2843    .data               flash_manager.o
    0x20002120   0x00000014   Data   RW         2919    .data               replay_cache.o
    0x20002134   0x0000000c   Data   RW         3006    .data               core_tx.o
    0x20002140   0x00000008   Data   RW         3037    .data               heartbeat.o
    0x20002148   0x00000001   Data   RW         3038    .data               heartbeat.o
    0x20002149   0x00000003   PAD
    0x2000214c   0x00000008   Data   RW         3083    .data               net_beacon.o
    0x20002154   0x00000001   Data   RW         3084    .data               net_beacon.o
    0x20002155   0x00000003   PAD
    0x20002158   0x0000000c   Data   RW         3125    .data               mesh_config.o
    0x20002164   0x0000000c   Data   RW         3182    .data               mesh_config_backend.o
    0x20002170   0x00000008   Data   RW         3218    .data               mesh_config_flashman_glue.o
    0x20002178   0x00000010   Data   RW         3330    .data               core_tx_local.o
    0x20002188   0x00000008   Data   RW         3361    .data               core_tx_adv.o
    0x20002190   0x00000002   Data   RW         3362    .data               core_tx_adv.o
    0x20002192   0x00000002   Data   RW         3363    .data               core_tx_adv.o
    0x20002194   0x00000002   Data   RW         3364    .data               core_tx_adv.o
    0x20002196   0x00000002   PAD
    0x20002198   0x00000018   Data   RW         3550    .data               bearer_handler.o
    0x200021b0   0x00000008   Data   RW         3585    .data               broadcast.o
    0x200021b8   0x00000006   Data   RW         3760    .data               mesh_pa_lna.o
    0x200021be   0x00000002   PAD
    0x200021c0   0x00000018   Data   RW         3791    .data               app_timer_mesh.o
    0x200021d8   0x00000004   Data   RW         3851    .data               system_nrf52833.o
    0x200021dc   0x00000011   Data   RW         3935    .data               librtt_nrf52833_xxAA.a(SEGGER_RTT.o)
    0x200021ed   0x00000003   PAD
    0x200021f0   0x00000004   Data   RW         3968    .data               libuECC_nrf52833_xxAA.a(uECC.o)
    0x200021f4   0x000000dc   Zero   RW            5    .bss                main.o
    0x200022d0   0x00000058   Zero   RW          396    .bss                mesh_stack.o
    0x20002328   0x00000378   Zero   RW          493    .bss                mesh_provisionee.o
    0x200026a0   0x00000020   Zero   RW          565    .bss                simple_hal.o
    0x200026c0   0x0000000c   Zero   RW          763    .bss                app_util_platform.o
    0x200026cc   0x00000018   Zero   RW         1074    .bss                access_publish.o
    0x200026e4   0x00000064   Zero   RW         1104    .bss                access_publish_retransmission.o
    0x20002748   0x0000008c   Zero   RW         1151    .bss                access.o
    0x200027d4   0x0000003c   Zero   RW         1152    .bss                access.o
    0x20002810   0x00000074   Zero   RW         1241    .bss                access_reliable.o
    0x20002884   0x00000504   Zero   RW         1273    .bss                device_state_manager.o
    0x20002d88   0x00000010   Zero   RW         1274    .bss                device_state_manager.o
    0x20002d98   0x0000003c   Zero   RW         1275    .bss                device_state_manager.o
    0x20002dd4   0x00000018   Zero   RW         1548    .bss                health_server.o
    0x20002dec   0x00000010   Zero   RW         1824    .bss                nrf_mesh_configure.o
    0x20002dfc   0x00000100   Zero   RW         1871    .bss                msg_cache.o
    0x20002efc   0x00000004   PAD
    0x20002f00   0x00000258   Zero   RW         1901    .bss                transport.o
    0x20003158   0x0000001c   Zero   RW         1996    .bss                flash_manager_defrag.o
    0x20003174   0x00000044   Zero   RW         2089    .bss                net_state.o
    0x200031b8   0x0000003c   Zero   RW         2090    .bss                net_state.o
    0x200031f4   0x00000234   Zero   RW         2132    .bss                mesh_flash.o
    0x20003428   0x0000003c   Zero   RW         2455    .bss                mesh_opt.o
    0x20003464   0x0000002c   Zero   RW         2483    .bss                timeslot.o
    0x20003490   0x00000018   Zero   RW         2536    .bss                timeslot_timer.o
    0x200034a8   0x0000014c   Zero   RW         2567    .bss                bearer_event.o
    0x200035f4   0x00000110   Zero   RW         2841    .bss                flash_manager.o
    0x20003704   0x00000190   Zero   RW         2918    .bss                replay_cache.o
    0x20003894   0x00000024   Zero   RW         3005    .bss                core_tx.o
    0x200038b8   0x00000064   Zero   RW         3033    .bss                heartbeat.o
    0x2000391c   0x000000f8   Zero   RW         3079    .bss                net_beacon.o
    0x20003a14   0x0000000c   Zero   RW         3328    .bss                core_tx_local.o
    0x20003a20   0x000002cc   Zero   RW         3356    .bss                core_tx_adv.o
    0x20003cec   0x0000003c   Zero   RW         3441    .bss                ad_type_filter.o
    0x20003d28   0x00000010   Zero   RW         3511    .bss                advertiser.o
    0x20003d38   0x00000010   Zero   RW         3617    .bss                filter_engine.o
    0x20003d48   0x00000294   Zero   RW         3726    .bss                scanner.o
    0x20003fdc   0x0000010c   Zero   RW         3789    .bss                app_timer_mesh.o
    0x200040e8   0x00000020   Zero   RW         3824    .bss                app_timer_workaround.o
    0x20004108   0x00000020   Zero   RW         3887    .bss                app_error.o
    0x20004128   0x000008c8   Zero   RW         3934    .bss                librtt_nrf52833_xxAA.a(SEGGER_RTT.o)
    0x200049f0   0x00000060   Zero   RW         4229    .bss                c_w.l(libspace.o)
    0x20004a50   0x00000400   Zero   RW         3879    HEAP                arm_startup_nrf52833.o
    0x20004e50   0x00002000   Zero   RW         3878    STACK               arm_startup_nrf52833.o


==============================================================================

Image component sizes


      Code (inc. data)   RO Data    RW Data    ZI Data      Debug   Object Name

      5876        178        279         14        200      55332   access.o
       864         28          0         12         24       5931   access_publish.o
       652         10          0          0        100      11487   access_publish_retransmission.o
      1504        100          0          0        116       9037   access_reliable.o
       164         10          0          0          0       4848   ad_listener.o
       244          8          0          0         60       8663   ad_type_filter.o
         0          0          0          0          0        656   adv_packet_filter.o
      1476         32          3          0         16      14744   advertiser.o
         0          0          0          0          0        536   aes.o
       334          0          0          0          0       5263   aes_cmac.o
       120          4          0          0         32       3493   app_error.o
        26          0          0          0          0        528   app_error_handler_keil.o
       424        202          0          1          0       2038   app_error_weak.o
      1456         46          6         24        268      40338   app_timer_mesh.o
       116         62          4          0         32       1509   app_timer_workaround.o
       220         14          0          4         12      36469   app_util_platform.o
        64         26        512          0       9216        292   arm_startup_nrf52833.o
        32          6          9          0          0        605   assertion_handler_weak.o
       372         96          8          0          0       2871   beacon.o
      1096         32          0         24        332      43242   bearer_event.o
      1276         52          0         24          0      33890   bearer_handler.o
       240        106          8          0          0       8057   ble_softdevice_support.o
       452         44          6          8          0       3725   broadcast.o
       576          0          0          0          0       4564   ccm_soft.o
       380          0          0          0          0       3938   composition_data.o
      8992        162        529         24          0      65064   config_server.o
       496          8          0         12         36       4382   core_tx.o
      1080         26        144         14        716      10840   core_tx_adv.o
       312         18         36         16         12       2637   core_tx_local.o
      8220        258        382         75       1360      50294   device_state_manager.o
       680         26          0          0          0       5368   enc.o
       160          4          0          8          0       2122   event.o
       346          0          0          0          0       4247   fifo.o
       208          4          0          0         16       2269   filter_engine.o
      3280        104         28         28        272      25227   flash_manager.o
      1508        136         40         12         28      11677   flash_manager_defrag.o
       108          0          0          0          0       2824   flash_manager_internal.o
       144         22          0          0          0      30547   hal.o
      1640         38        236          9         24      17072   health_server.o
      1118         28        144          9        100      32021   heartbeat.o
       376          0          0          0          0       3794   list.o
       180         50         17         16          0       5661   log.o
      1204        362        276          1        220     168912   main.o
       332        130          0          0          0       2329   mesh_app_utils.o
      1336         66        176         12          0      15929   mesh_config.o
       564          8          0         12          0       4629   mesh_config_backend.o
       848        112         56          8          0      21421   mesh_config_flashman_glue.o
      1184         28         16         12        564       8268   mesh_flash.o
        14          0          0          0          0       1029   mesh_mem_stdlib.o
         8          0          8          0         60       1266   mesh_opt.o
       580         40          0          6          0       4415   mesh_pa_lna.o
       296         36         11          2        888      17796   mesh_provisionee.o
       476         70          0         12         88      25331   mesh_stack.o
       144          8          0          4        256       2252   msg_cache.o
       276          0          0          0          0       5194   msqueue.o
      1172         70        175          9        248      10385   net_beacon.o
       976         66          4          0          0      26013   net_packet.o
      1628         50        156         25        128      13470   net_state.o
      1448        162          0          4          0      26619   network.o
       164         10          0          0          0       1858   nrf_flash.o
       820        130         96         28          0       6520   nrf_mesh.o
        72          8          0          0         16       2353   nrf_mesh_configure.o
       364         22          0          0          0       3921   nrf_mesh_keygen.o
       864         12         32          0          0      12301   nrf_mesh_prov.o
        84          4          4          0          0       1848   nrf_mesh_utils.o
         8          0          0          0          0      10826   nrf_mesh_weak.o
       620         26         88          3          0      35756   nrf_sdh.o
       244         10         56          1          0       4133   nrf_sdh_ble.o
        60          4         36          0          0       3956   nrf_sdh_soc.o
        74          0          0          0          0       3198   nrf_section_iter.o
        54          0          0          0          0       1139   packed_index_list.o
      1038          0          0          0          0       8730   packet_buffer.o
       228          6          0          4          0       5109   prov_beacon.o
      4034        618        512          8          0      19597   prov_bearer_adv.o
      1838        182         16          0          0      10844   prov_provisionee.o
      1036         46        135          2          0       9255   prov_utils.o
       304          4         10          0          0       4496   provisioning.o
       338          0          0          0          0       4148   queue.o
       404         24         40          0          0       2880   radio_config.o
       148          6          0          0          0       1867   rand.o
       780         12          0         20        400       8119   replay_cache.o
      1508         78          0          0        660      36312   scanner.o
       480         34          4         24         32      65893   simple_hal.o
       420         40          0          4          0       2119   system_nrf52833.o
       464         20          0         16          0       3524   timer.o
       576         14          0         12          0       4072   timer_scheduler.o
       980         44          0         12         44      41242   timeslot.o
       688         28          0         16         24      31778   timeslot_timer.o
      5376        482        177         20        600      52997   transport.o

    ----------------------------------------------------------------------
     83388       5012       4536        636      17204    1334151   Object Totals
         0          0         32          0          0          0   (incl. Generated)
        22          0         29         25          4          0   (incl. Padding)

    ----------------------------------------------------------------------

      Code (inc. data)   RO Data    RW Data    ZI Data      Debug   Library Member Name

        58          0          0          0          0          0   __dczerorl.o
         8          0          0          0          0         68   __main.o
       312          4         17          0          0         92   __printf_flags_wp.o
        14          0          0          0          0         68   __printf_wp.o
         0          0          0          0          0          0   __rtentry.o
        12          0          0          0          0          0   __rtentry2.o
         6          0          0          0          0          0   __rtentry4.o
        52          8          0          0          0          0   __scatter.o
        28          0          0          0          0          0   __scatter_zi.o
        48          6          0          0          0         96   _printf_char_common.o
         6          0          0          0          0          0   _printf_d.o
       120         16          0          0          0         92   _printf_dec.o
        88          4         40          0          0         88   _printf_hex_int.o
       178          0          0          0          0         88   _printf_intcommon.o
        78          0          0          0          0        108   _printf_pad.o
         0          0          0          0          0          0   _printf_percent.o
         4          0          0          0          0          0   _printf_percent_end.o
         6          0          0          0          0          0   _printf_u.o
         6          0          0          0          0          0   _printf_x.o
        10          0          0          0          0         68   _sputc.o
        40          0          0          0          0         80   calloc.o
        10          0          0          0          0         68   defsig_exit.o
        50          0          0          0          0         88   defsig_general.o
        80         58          0          0          0         76   defsig_rtmem_inner.o
        14          0          0          0          0         80   defsig_rtmem_outer.o
        18          0          0          0          0         80   exit.o
        94          0          0          0          0         80   h1_alloc.o
        52          0          0          0          0         68   h1_extend.o
        78          0          0          0          0         80   h1_free.o
        14          0          0          0          0         84   h1_init.o
         6          0          0          0          0        152   heapauxi.o
         4          0          0          0          0        136   hguard.o
         0          0          0          0          0          0   indicate_semi.o
       138          0          0          0          0        168   init_alloc.o
         2          0          0          0          0          0   libinit.o
        14          0          0          0          0          0   libinit2.o
         2          0          0          0          0          0   libshutdown.o
         2          0          0          0          0          0   libshutdown2.o
         8          4          0          0         96         68   libspace.o
       238          0          0          0          0        100   lludivv7m.o
         0          0          0          0          0          0   maybetermalloc1.o
        88          0          0          0          0         76   memcmp.o
        40          6          0          0          0         84   noretval__2sprintf.o
         8          4          0          0          0         68   rt_heap_descriptor_intlibspace.o
        68          0          0          0          0         68   rt_memclr.o
        78          0          0          0          0         80   rt_memclr_w.o
       138          0          0          0          0         68   rt_memcpy_v6.o
       100          0          0          0          0         80   rt_memcpy_w.o
         2          0          0          0          0          0   rtexit.o
        10          0          0          0          0          0   rtexit2.o
        72          0          0          0          0         80   strcpy.o
        62          0          0          0          0         76   strlen.o
        12          4          0          0          0         68   sys_exit.o
        74          0          0          0          0         80   sys_stackheap_outer.o
        14          0          0          0          0         76   sys_wrch.o
         2          0          0          0          0         68   use_no_semi.o
        10          0          0          0          0        116   fpinit.o
      2000         38          0         17       2248      17106   SEGGER_RTT.o
       868          6         16          0          0       4259   SEGGER_RTT_printf.o
      6114         12        180          4          0      30816   uECC.o

    ----------------------------------------------------------------------
     11668        170        256         24       2344      55445   Library Totals
        10          0          3          3          0          0   (incl. Padding)

    ----------------------------------------------------------------------

      Code (inc. data)   RO Data    RW Data    ZI Data      Debug   Library Name

      2666        114         57          0         96       3148   c_w.l
        10          0          0          0          0        116   fz_wm.l
      2868         44         16         17       2248      21365   librtt_nrf52833_xxAA.a
      6114         12        180          4          0      30816   libuECC_nrf52833_xxAA.a

    ----------------------------------------------------------------------
     11668        170        256         24       2344      55445   Library Totals

    ----------------------------------------------------------------------

==============================================================================


      Code (inc. data)   RO Data    RW Data    ZI Data      Debug   

     95056       5182       4792        660      19548    1370828   Grand Totals
     95056       5182       4792         80      19548    1370828   ELF Image Totals (compressed)
     95056       5182       4792         80          0          0   ROM Totals

==============================================================================

    Total RO  Size (Code + RO Data)                99848 (  97.51kB)
    Total RW  Size (RW Data + ZI Data)             20208 (  19.73kB)
    Total ROM Size (Code + RO Data + RW Data)      99928 (  97.59kB)

==============================================================================

