Archive member included to satisfy reference by file (symbol)

external/rtt/librtt_nrf52832_xxAA.a(SEGGER_RTT.c.obj)
                              examples/light_ctl/ctl_lc_server/CMakeFiles/light_ctl_lc_server_nrf52832_xxAA_s132_7.0.1.dir/__/__/__/mesh/core/src/log.c.obj (SEGGER_RTT_Write)
external/rtt/librtt_nrf52832_xxAA.a(SEGGER_RTT_printf.c.obj)
                              examples/light_ctl/ctl_lc_server/CMakeFiles/light_ctl_lc_server_nrf52832_xxAA_s132_7.0.1.dir/__/__/__/mesh/core/src/log.c.obj (SEGGER_RTT_vprintf)
external/micro-ecc/libuECC_nrf52832_xxAA.a(uECC.c.obj)
                              examples/light_ctl/ctl_lc_server/CMakeFiles/light_ctl_lc_server_nrf52832_xxAA_s132_7.0.1.dir/__/__/__/mesh/prov/src/prov_utils.c.obj (uECC_secp256r1)
c:/mesh/arm_gcc/bin/../lib/gcc/arm-none-eabi/9.2.1/thumb/v7e-m+fp/hard\libgcc.a(_aeabi_ldivmod.o)
                              examples/light_ctl/ctl_lc_server/CMakeFiles/light_ctl_lc_server_nrf52832_xxAA_s132_7.0.1.dir/__/__/common/src/app_light_ctl.c.obj (__aeabi_ldivmod)
c:/mesh/arm_gcc/bin/../lib/gcc/arm-none-eabi/9.2.1/thumb/v7e-m+fp/hard\libgcc.a(_aeabi_uldivmod.o)
                              examples/light_ctl/ctl_lc_server/CMakeFiles/light_ctl_lc_server_nrf52832_xxAA_s132_7.0.1.dir/__/__/common/src/app_transition.c.obj (__aeabi_uldivmod)
c:/mesh/arm_gcc/bin/../lib/gcc/arm-none-eabi/9.2.1/thumb/v7e-m+fp/hard\libgcc.a(_udivmoddi4.o)
                              c:/mesh/arm_gcc/bin/../lib/gcc/arm-none-eabi/9.2.1/thumb/v7e-m+fp/hard\libgcc.a(_aeabi_ldivmod.o) (__udivmoddi4)
c:/mesh/arm_gcc/bin/../lib/gcc/arm-none-eabi/9.2.1/thumb/v7e-m+fp/hard\libgcc.a(_dvmd_tls.o)
                              c:/mesh/arm_gcc/bin/../lib/gcc/arm-none-eabi/9.2.1/thumb/v7e-m+fp/hard\libgcc.a(_aeabi_ldivmod.o) (__aeabi_ldiv0)
c:/mesh/arm_gcc/bin/../lib/gcc/arm-none-eabi/9.2.1/../../../../arm-none-eabi/lib/thumb/v7e-m+fp/hard\libg_nano.a(lib_a-abs.o)
                              examples/light_ctl/ctl_lc_server/CMakeFiles/light_ctl_lc_server_nrf52832_xxAA_s132_7.0.1.dir/__/__/common/src/app_light_ctl.c.obj (abs)
c:/mesh/arm_gcc/bin/../lib/gcc/arm-none-eabi/9.2.1/../../../../arm-none-eabi/lib/thumb/v7e-m+fp/hard\libg_nano.a(lib_a-calloc.o)
                              examples/light_ctl/ctl_lc_server/CMakeFiles/light_ctl_lc_server_nrf52832_xxAA_s132_7.0.1.dir/__/__/__/mesh/core/src/mesh_mem_stdlib.c.obj (calloc)
c:/mesh/arm_gcc/bin/../lib/gcc/arm-none-eabi/9.2.1/../../../../arm-none-eabi/lib/thumb/v7e-m+fp/hard\libg_nano.a(lib_a-exit.o)
                              c:/mesh/arm_gcc/bin/../lib/gcc/arm-none-eabi/9.2.1/../../../../arm-none-eabi/lib/thumb/v7e-m+fp/hard/crt0.o (exit)
c:/mesh/arm_gcc/bin/../lib/gcc/arm-none-eabi/9.2.1/../../../../arm-none-eabi/lib/thumb/v7e-m+fp/hard\libg_nano.a(lib_a-impure.o)
                              c:/mesh/arm_gcc/bin/../lib/gcc/arm-none-eabi/9.2.1/../../../../arm-none-eabi/lib/thumb/v7e-m+fp/hard\libg_nano.a(lib_a-exit.o) (_global_impure_ptr)
c:/mesh/arm_gcc/bin/../lib/gcc/arm-none-eabi/9.2.1/../../../../arm-none-eabi/lib/thumb/v7e-m+fp/hard\libg_nano.a(lib_a-init.o)
                              c:/mesh/arm_gcc/bin/../lib/gcc/arm-none-eabi/9.2.1/../../../../arm-none-eabi/lib/thumb/v7e-m+fp/hard/crt0.o (__libc_init_array)
c:/mesh/arm_gcc/bin/../lib/gcc/arm-none-eabi/9.2.1/../../../../arm-none-eabi/lib/thumb/v7e-m+fp/hard\libg_nano.a(lib_a-malloc.o)
                              examples/light_ctl/ctl_lc_server/CMakeFiles/light_ctl_lc_server_nrf52832_xxAA_s132_7.0.1.dir/__/__/__/mesh/core/src/mesh_mem_stdlib.c.obj (malloc)
c:/mesh/arm_gcc/bin/../lib/gcc/arm-none-eabi/9.2.1/../../../../arm-none-eabi/lib/thumb/v7e-m+fp/hard\libg_nano.a(lib_a-memcmp.o)
                              examples/light_ctl/ctl_lc_server/CMakeFiles/light_ctl_lc_server_nrf52832_xxAA_s132_7.0.1.dir/C_/mesh/deps/nRF5_SDK_16.0.0_98a08e2/components/ble/common/ble_advdata.c.obj (memcmp)
c:/mesh/arm_gcc/bin/../lib/gcc/arm-none-eabi/9.2.1/../../../../arm-none-eabi/lib/thumb/v7e-m+fp/hard\libg_nano.a(lib_a-memcpy-stub.o)
                              examples/light_ctl/ctl_lc_server/CMakeFiles/light_ctl_lc_server_nrf52832_xxAA_s132_7.0.1.dir/C_/mesh/deps/nRF5_SDK_16.0.0_98a08e2/components/ble/common/ble_advdata.c.obj (memcpy)
c:/mesh/arm_gcc/bin/../lib/gcc/arm-none-eabi/9.2.1/../../../../arm-none-eabi/lib/thumb/v7e-m+fp/hard\libg_nano.a(lib_a-memset.o)
                              c:/mesh/arm_gcc/bin/../lib/gcc/arm-none-eabi/9.2.1/../../../../arm-none-eabi/lib/thumb/v7e-m+fp/hard/crt0.o (memset)
c:/mesh/arm_gcc/bin/../lib/gcc/arm-none-eabi/9.2.1/../../../../arm-none-eabi/lib/thumb/v7e-m+fp/hard\libg_nano.a(lib_a-nano-callocr.o)
                              c:/mesh/arm_gcc/bin/../lib/gcc/arm-none-eabi/9.2.1/../../../../arm-none-eabi/lib/thumb/v7e-m+fp/hard\libg_nano.a(lib_a-calloc.o) (_calloc_r)
c:/mesh/arm_gcc/bin/../lib/gcc/arm-none-eabi/9.2.1/../../../../arm-none-eabi/lib/thumb/v7e-m+fp/hard\libg_nano.a(lib_a-nano-freer.o)
[...]
Memory Configuration

Name             Origin             Length             Attributes
FLASH            0x00026000         0x00051000         xr
RAM              0x20002df0         0x0000cf10         xrw
*default*        0x00000000         0xffffffff

Linker script and memory map


.text           0x00026000    0x2419c
 *(.isr_vector)
 .isr_vector    0x00026000      0x200 examples/light_ctl/ctl_lc_server/CMakeFiles/light_ctl_lc_server_nrf52832_xxAA_s132_7.0.1.dir/C_/mesh/deps/nRF5_SDK_16.0.0_98a08e2/modules/nrfx/mdk/gcc_startup_nrf52.S.obj
                0x00026000                __isr_vector
 *(.text*)
 .text          0x00026200       0x40 c:/mesh/arm_gcc/bin/../lib/gcc/arm-none-eabi/9.2.1/thumb/v7e-m+fp/hard/crtbegin.o
 .text          0x00026240       0x74 c:/mesh/arm_gcc/bin/../lib/gcc/arm-none-eabi/9.2.1/../../../../arm-none-eabi/lib/thumb/v7e-m+fp/hard/crt0.o
                0x00026240                _start
                0x00026240                _mainCRTStartup
 .text.sd_app_evt_wait
                0x000262b4        0x4 examples/light_ctl/ctl_lc_server/CMakeFiles/light_ctl_lc_server_nrf52832_xxAA_s132_7.0.1.dir/src/main.c.obj
 .text.light_ctl_get_cb
                0x000262b8       0x10 examples/light_ctl/ctl_lc_server/CMakeFiles/light_ctl_lc_server_nrf52832_xxAA_s132_7.0.1.dir/src/main.c.obj
 .text.light_ctl_lightness_get_cb
                0x000262c8        0xc examples/light_ctl/ctl_lc_server/CMakeFiles/light_ctl_lc_server_nrf52832_xxAA_s132_7.0.1.dir/src/main.c.obj
 .text.temperature32_range_listener_cb
                0x000262d4       0x3c examples/light_ctl/ctl_lc_server/CMakeFiles/light_ctl_lc_server_nrf52832_xxAA_s132_7.0.1.dir/src/main.c.obj
 .text.ligth_ctl_transition_cb
                0x00026310       0x84 examples/light_ctl/ctl_lc_server/CMakeFiles/light_ctl_lc_server_nrf52832_xxAA_s132_7.0.1.dir/src/main.c.obj
 .text.models_init_cb
                0x00026394      0x160 examples/light_ctl/ctl_lc_server/CMakeFiles/light_ctl_lc_server_nrf52832_xxAA_s132_7.0.1.dir/src/main.c.obj
 .text.pwm_lightness_ctemp_duv_set
                0x000264f4      0x130 examples/light_ctl/ctl_lc_server/CMakeFiles/light_ctl_lc_server_nrf52832_xxAA_s132_7.0.1.dir/src/main.c.obj
 .text.light_ctl_set_cb
                0x00026624       0x28 examples/light_ctl/ctl_lc_server/CMakeFiles/light_ctl_lc_server_nrf52832_xxAA_s132_7.0.1.dir/src/main.c.obj
 .text.light_ctl_lightness_set_cb
                0x0002664c       0x90 examples/light_ctl/ctl_lc_server/CMakeFiles/light_ctl_lc_server_nrf52832_xxAA_s132_7.0.1.dir/src/main.c.obj
 .text.node_reset
                0x000266dc       0x6c examples/light_ctl/ctl_lc_server/CMakeFiles/light_ctl_lc_server_nrf52832_xxAA_s132_7.0.1.dir/src/main.c.obj
 .text.config_server_evt_cb
                0x00026748        0xc examples/light_ctl/ctl_lc_server/CMakeFiles/light_ctl_lc_server_nrf52832_xxAA_s132_7.0.1.dir/src/main.c.obj
 .text.mesh_events_handle
                0x00026754      0x184 examples/light_ctl/ctl_lc_server/CMakeFiles/light_ctl_lc_server_nrf52832_xxAA_s132_7.0.1.dir/src/main.c.obj
 .text.unicast_address_print
                0x000268d8       0x74 examples/light_ctl/ctl_lc_server/CMakeFiles/light_ctl_lc_server_nrf52832_xxAA_s132_7.0.1.dir/src/main.c.obj
 .text.provisioning_complete_cb
                0x0002694c       0x74 examples/light_ctl/ctl_lc_server/CMakeFiles/light_ctl_lc_server_nrf52832_xxAA_s132_7.0.1.dir/src/main.c.obj
 .text.light_ctl_lightness_transition_cb
                0x000269c0       0x70 examples/light_ctl/ctl_lc_server/CMakeFiles/light_ctl_lc_server_nrf52832_xxAA_s132_7.0.1.dir/src/main.c.obj
 .text.fade_value_toggle.constprop.0
                0x00026a30       0x88 examples/light_ctl/ctl_lc_server/CMakeFiles/light_ctl_lc_server_nrf52832_xxAA_s132_7.0.1.dir/src/main.c.obj
 .text.app_rtt_input_handler
                0x00026ab8      0x260 examples/light_ctl/ctl_lc_server/CMakeFiles/light_ctl_lc_server_nrf52832_xxAA_s132_7.0.1.dir/src/main.c.obj
 .text.startup.main
                0x00026d18      0x230 examples/light_ctl/ctl_lc_server/CMakeFiles/light_ctl_lc_server_nrf52832_xxAA_s132_7.0.1.dir/src/main.c.obj
                0x00026d18                main
 .text.present_ctl_values_set
                0x00026f48       0x36 examples/light_ctl/ctl_lc_server/CMakeFiles/light_ctl_lc_server_nrf52832_xxAA_s132_7.0.1.dir/__/__/common/src/app_light_ctl.c.obj
 *fill*         0x00026f7e        0x2 
 .text.m_transition_abort_flag_cb
                0x00026f80       0x28 examples/light_ctl/ctl_lc_server/CMakeFiles/light_ctl_lc_server_nrf52832_xxAA_s132_7.0.1.dir/__/__/common/src/app_light_ctl.c.obj
 .text.transition_start_cb
                0x00026fa8       0xf4 examples/light_ctl/ctl_lc_server/CMakeFiles/light_ctl_lc_server_nrf52832_xxAA_s132_7.0.1.dir/__/__/common/src/app_light_ctl.c.obj
 .text.ctl_state_temperature32_get_cb
                0x0002709c       0xfc examples/light_ctl/ctl_lc_server/CMakeFiles/light_ctl_lc_server_nrf52832_xxAA_s132_7.0.1.dir/__/__/common/src/app_light_ctl.c.obj
 .text.ctl_state_get_cb
                0x00027198       0xe4 examples/light_ctl/ctl_lc_server/CMakeFiles/light_ctl_lc_server_nrf52832_xxAA_s132_7.0.1.dir/__/__/common/src/app_light_ctl.c.obj
 .text.ctl_publish
                0x0002727c       0xa2 examples/light_ctl/ctl_lc_server/CMakeFiles/light_ctl_lc_server_nrf52832_xxAA_s132_7.0.1.dir/__/__/common/src/app_light_ctl.c.obj
 *fill*         0x0002731e        0x2 
 .text.transition_complete_cb
                0x00027320      0x17c examples/light_ctl/ctl_lc_server/CMakeFiles/light_ctl_lc_server_nrf52832_xxAA_s132_7.0.1.dir/__/__/common/src/app_light_ctl.c.obj
 .text.transition_tick_cb
                0x0002749c      0x178 examples/light_ctl/ctl_lc_server/CMakeFiles/light_ctl_lc_server_nrf52832_xxAA_s132_7.0.1.dir/__/__/common/src/app_light_ctl.c.obj
 .text.ctl_state_default_get_cb
                0x00027614       0x58 examples/light_ctl/ctl_lc_server/CMakeFiles/light_ctl_lc_server_nrf52832_xxAA_s132_7.0.1.dir/__/__/common/src/app_light_ctl.c.obj
 .text.ctl_state_default_set_cb
                0x0002766c       0xb4 examples/light_ctl/ctl_lc_server/CMakeFiles/light_ctl_lc_server_nrf52832_xxAA_s132_7.0.1.dir/__/__/common/src/app_light_ctl.c.obj
 .text.ctl_state_range_set_cb
                0x00027720      0x104 examples/light_ctl/ctl_lc_server/CMakeFiles/light_ctl_lc_server_nrf52832_xxAA_s132_7.0.1.dir/__/__/common/src/app_light_ctl.c.obj
 .text.transition_delay_start_cb
                0x00027824       0x6c examples/light_ctl/ctl_lc_server/CMakeFiles/light_ctl_lc_server_nrf52832_xxAA_s132_7.0.1.dir/__/__/common/src/app_light_ctl.c.obj
 .text.ctl_state_range_get_cb
                0x00027890       0x98 examples/light_ctl/ctl_lc_server/CMakeFiles/light_ctl_lc_server_nrf52832_xxAA_s132_7.0.1.dir/__/__/common/src/app_light_ctl.c.obj
 .text.add_publish
                0x00027928       0x42 examples/light_ctl/ctl_lc_server/CMakeFiles/light_ctl_lc_server_nrf52832_xxAA_s132_7.0.1.dir/__/__/common/src/app_light_ctl.c.obj
 *fill*         0x0002796a        0x2 
 .text.transition_parameters_set.part.0
                0x0002796c       0x30 examples/light_ctl/ctl_lc_server/CMakeFiles/light_ctl_lc_server_nrf52832_xxAA_s132_7.0.1.dir/__/__/common/src/app_light_ctl.c.obj
 .text.ctl_state_set_cb
                0x0002799c      0x1b4 examples/light_ctl/ctl_lc_server/CMakeFiles/light_ctl_lc_server_nrf52832_xxAA_s132_7.0.1.dir/__/__/common/src/app_light_ctl.c.obj
 .text.ctl_state_move_set_cb
                0x00027b50      0x138 examples/light_ctl/ctl_lc_server/CMakeFiles/light_ctl_lc_server_nrf52832_xxAA_s132_7.0.1.dir/__/__/common/src/app_light_ctl.c.obj
 .text.ctl_state_delta_set_cb
                0x00027c88      0x1d8 examples/light_ctl/ctl_lc_server/CMakeFiles/light_ctl_lc_server_nrf52832_xxAA_s132_7.0.1.dir/__/__/common/src/app_light_ctl.c.obj
 .text.ctl_state_temperature32_set_cb
                0x00027e60      0x194 examples/light_ctl/ctl_lc_server/CMakeFiles/light_ctl_lc_server_nrf52832_xxAA_s132_7.0.1.dir/__/__/common/src/app_light_ctl.c.obj
 .text.app_light_ctl_model_init
                0x00027ff4       0xc8 examples/light_ctl/ctl_lc_server/CMakeFiles/light_ctl_lc_server_nrf52832_xxAA_s132_7.0.1.dir/__/__/common/src/app_light_ctl.c.obj
                0x00027ff4                app_light_ctl_model_init
 .text.app_light_ctl_binding_setup
                0x000280bc      0x110 examples/light_ctl/ctl_lc_server/CMakeFiles/light_ctl_lc_server_nrf52832_xxAA_s132_7.0.1.dir/__/__/common/src/app_light_ctl.c.obj
                0x000280bc                app_light_ctl_binding_setup
 .text.app_light_ctl_current_value_publish
                0x000281cc       0xcc examples/light_ctl/ctl_lc_server/CMakeFiles/light_ctl_lc_server_nrf52832_xxAA_s132_7.0.1.dir/__/__/common/src/app_light_ctl.c.obj
                0x000281cc                app_light_ctl_current_value_publish
 .text.app_dtt_server_get_cb
                0x00028298       0x30 examples/light_ctl/ctl_lc_server/CMakeFiles/light_ctl_lc_server_nrf52832_xxAA_s132_7.0.1.dir/__/__/common/src/app_light_lightness.c.obj
                0x00028298                app_dtt_server_get_cb
 .text.app_dtt_server_set_cb
                0x000282c8       0x40 examples/light_ctl/ctl_lc_server/CMakeFiles/light_ctl_lc_server_nrf52832_xxAA_s132_7.0.1.dir/__/__/common/src/app_light_lightness.c.obj
                0x000282c8                app_dtt_server_set_cb
 .text.transition_start_cb
                0x00028308       0xc0 examples/light_ctl/ctl_lc_server/CMakeFiles/light_ctl_lc_server_nrf52832_xxAA_s132_7.0.1.dir/__/__/common/src/app_light_lightness.c.obj
 .text.m_transition_abort_flag_cb
                0x000283c8       0x90 examples/light_ctl/ctl_lc_server/CMakeFiles/light_ctl_lc_server_nrf52832_xxAA_s132_7.0.1.dir/__/__/common/src/app_light_lightness.c.obj
 .text.range_get
                0x00028458       0x48 examples/light_ctl/ctl_lc_server/CMakeFiles/light_ctl_lc_server_nrf52832_xxAA_s132_7.0.1.dir/__/__/common/src/app_light_lightness.c.obj
 .text.light_lightness_state_range_get_cb
                0x000284a0       0x2e examples/light_ctl/ctl_lc_server/CMakeFiles/light_ctl_lc_server_nrf52832_xxAA_s132_7.0.1.dir/__/__/common/src/app_light_lightness.c.obj
 .text.publish_lightness
                0x000284ce       0x26 examples/light_ctl/ctl_lc_server/CMakeFiles/light_ctl_lc_server_nrf52832_xxAA_s132_7.0.1.dir/__/__/common/src/app_light_lightness.c.obj
 .text.light_lightness_state_get_cb
                0x000284f4       0xdc examples/light_ctl/ctl_lc_server/CMakeFiles/light_ctl_lc_server_nrf52832_xxAA_s132_7.0.1.dir/__/__/common/src/app_light_lightness.c.obj
 .text.transition_tick_cb
                0x000285d0       0xe0 examples/light_ctl/ctl_lc_server/CMakeFiles/light_ctl_lc_server_nrf52832_xxAA_s132_7.0.1.dir/__/__/common/src/app_light_lightness.c.obj
 .text.app_onpowerup_server_get_cb
                0x000286b0       0x30 examples/light_ctl/ctl_lc_server/CMakeFiles/light_ctl_lc_server_nrf52832_xxAA_s132_7.0.1.dir/__/__/common/src/app_light_lightness.c.obj
 .text.app_onpowerup_server_set_cb
                0x000286e0       0x34 examples/light_ctl/ctl_lc_server/CMakeFiles/light_ctl_lc_server_nrf52832_xxAA_s132_7.0.1.dir/__/__/common/src/app_light_lightness.c.obj
 .text.light_lightness_state_range_set_cb
                0x00028714       0xa0 examples/light_ctl/ctl_lc_server/CMakeFiles/light_ctl_lc_server_nrf52832_xxAA_s132_7.0.1.dir/__/__/common/src/app_light_lightness.c.obj
 .text.light_lightness_state_default_set_cb
                0x000287b4       0x44 examples/light_ctl/ctl_lc_server/CMakeFiles/light_ctl_lc_server_nrf52832_xxAA_s132_7.0.1.dir/__/__/common/src/app_light_lightness.c.obj
 .text.light_lightness_state_default_get_cb
                0x000287f8       0x30 examples/light_ctl/ctl_lc_server/CMakeFiles/light_ctl_lc_server_nrf52832_xxAA_s132_7.0.1.dir/__/__/common/src/app_light_lightness.c.obj
 .text.light_lightness_state_last_get_cb
                0x00028828       0x30 examples/light_ctl/ctl_lc_server/CMakeFiles/light_ctl_lc_server_nrf52832_xxAA_s132_7.0.1.dir/__/__/common/src/app_light_lightness.c.obj
 .text.transition_parameters_set.part.0
                0x00028858       0x2c examples/light_ctl/ctl_lc_server/CMakeFiles/light_ctl_lc_server_nrf52832_xxAA_s132_7.0.1.dir/__/__/common/src/app_light_lightness.c.obj
 .text.light_lightness_state_set_cb
                0x00028884      0x164 examples/light_ctl/ctl_lc_server/CMakeFiles/light_ctl_lc_server_nrf52832_xxAA_s132_7.0.1.dir/__/__/common/src/app_light_lightness.c.obj
 .text.transition_delay_start_cb
                0x000289e8       0x74 examples/light_ctl/ctl_lc_server/CMakeFiles/light_ctl_lc_server_nrf52832_xxAA_s132_7.0.1.dir/__/__/common/src/app_light_lightness.c.obj
 .text.present_lightness_set_with_range_clip
                0x00028a5c       0x3a examples/light_ctl/ctl_lc_server/CMakeFiles/light_ctl_lc_server_nrf52832_xxAA_s132_7.0.1.dir/__/__/common/src/app_light_lightness.c.obj
 *fill*         0x00028a96        0x2 
 .text.transition_complete_cb
                0x00028a98       0xe4 examples/light_ctl/ctl_lc_server/CMakeFiles/light_ctl_lc_server_nrf52832_xxAA_s132_7.0.1.dir/__/__/common/src/app_light_lightness.c.obj
 .text.light_lightness_state_move_set_cb
                0x00028b7c      0x140 examples/light_ctl/ctl_lc_server/CMakeFiles/light_ctl_lc_server_nrf52832_xxAA_s132_7.0.1.dir/__/__/common/src/app_light_lightness.c.obj
 .text.light_lightness_state_delta_set_cb
                0x00028cbc      0x1bc examples/light_ctl/ctl_lc_server/CMakeFiles/light_ctl_lc_server_nrf52832_xxAA_s132_7.0.1.dir/__/__/common/src/app_light_lightness.c.obj
 .text.app_light_lightness_model_init
                0x00028e78       0xe0 examples/light_ctl/ctl_lc_server/CMakeFiles/light_ctl_lc_server_nrf52832_xxAA_s132_7.0.1.dir/__/__/common/src/app_light_lightness.c.obj
                0x00028e78                app_light_lightness_model_init
 .text.app_light_lightness_binding_setup
                0x00028f58       0xb4 examples/light_ctl/ctl_lc_server/CMakeFiles/light_ctl_lc_server_nrf52832_xxAA_s132_7.0.1.dir/__/__/common/src/app_light_lightness.c.obj
                0x00028f58                app_light_lightness_binding_setup
 .text.app_light_lightness_direct_actual_set
                0x0002900c       0x6c examples/light_ctl/ctl_lc_server/CMakeFiles/light_ctl_lc_server_nrf52832_xxAA_s132_7.0.1.dir/__/__/common/src/app_light_lightness.c.obj
                0x0002900c                app_light_lightness_direct_actual_set
 .text.app_persist_get_cb
                0x00029078       0x20 examples/light_ctl/ctl_lc_server/CMakeFiles/light_ctl_lc_server_nrf52832_xxAA_s132_7.0.1.dir/__/__/common/src/app_light_lc.c.obj
 .text.app_actual_get_cb
                0x00029098       0x28 examples/light_ctl/ctl_lc_server/CMakeFiles/light_ctl_lc_server_nrf52832_xxAA_s132_7.0.1.dir/__/__/common/src/app_light_lc.c.obj
 .text.app_actual_set_cb
                0x000290c0       0x30 examples/light_ctl/ctl_lc_server/CMakeFiles/light_ctl_lc_server_nrf52832_xxAA_s132_7.0.1.dir/__/__/common/src/app_light_lc.c.obj
 .text.add_lightness_set_cb
                0x000290f0       0x94 examples/light_ctl/ctl_lc_server/CMakeFiles/light_ctl_lc_server_nrf52832_xxAA_s132_7.0.1.dir/__/__/common/src/app_light_lc.c.obj
 .text.app_persist_set_cb
                0x00029184       0x70 examples/light_ctl/ctl_lc_server/CMakeFiles/light_ctl_lc_server_nrf52832_xxAA_s132_7.0.1.dir/__/__/common/src/app_light_lc.c.obj
 .text.app_light_lc_model_init
                0x000291f4       0x48 examples/light_ctl/ctl_lc_server/CMakeFiles/light_ctl_lc_server_nrf52832_xxAA_s132_7.0.1.dir/__/__/common/src/app_light_lc.c.obj
                0x000291f4                app_light_lc_model_init
 .text.app_light_lc_ponoff_binding
                0x0002923c       0x3c examples/light_ctl/ctl_lc_server/CMakeFiles/light_ctl_lc_server_nrf52832_xxAA_s132_7.0.1.dir/__/__/common/src/app_light_lc.c.obj
                0x0002923c                app_light_lc_ponoff_binding
 .text.app_transition_fsm_action
                0x00029278       0x10 examples/light_ctl/ctl_lc_server/CMakeFiles/light_ctl_lc_server_nrf52832_xxAA_s132_7.0.1.dir/__/__/common/src/app_transition.c.obj
 .text.app_transition_fsm_guard
                0x00029288       0x10 examples/light_ctl/ctl_lc_server/CMakeFiles/light_ctl_lc_server_nrf52832_xxAA_s132_7.0.1.dir/__/__/common/src/app_transition.c.obj
 .text.a_transition_tick
                0x00029298        0x8 examples/light_ctl/ctl_lc_server/CMakeFiles/light_ctl_lc_server_nrf52832_xxAA_s132_7.0.1.dir/__/__/common/src/app_transition.c.obj
 .text.g_set_delay
                0x000292a0        0xa examples/light_ctl/ctl_lc_server/CMakeFiles/light_ctl_lc_server_nrf52832_xxAA_s132_7.0.1.dir/__/__/common/src/app_transition.c.obj
 .text.g_set_transition
                0x000292aa       0x16 examples/light_ctl/ctl_lc_server/CMakeFiles/light_ctl_lc_server_nrf52832_xxAA_s132_7.0.1.dir/__/__/common/src/app_transition.c.obj
 .text.transition_timer_cb
                0x000292c0        0xa examples/light_ctl/ctl_lc_server/CMakeFiles/light_ctl_lc_server_nrf52832_xxAA_s132_7.0.1.dir/__/__/common/src/app_transition.c.obj
 .text.delay_cb
                0x000292ca       0x10 examples/light_ctl/ctl_lc_server/CMakeFiles/light_ctl_lc_server_nrf52832_xxAA_s132_7.0.1.dir/__/__/common/src/app_transition.c.obj
 .text.g_transition_complete
                0x000292da       0x3c examples/light_ctl/ctl_lc_server/CMakeFiles/light_ctl_lc_server_nrf52832_xxAA_s132_7.0.1.dir/__/__/common/src/app_transition.c.obj
 .text.a_abort  0x00029316       0x1c examples/light_ctl/ctl_lc_server/CMakeFiles/light_ctl_lc_server_nrf52832_xxAA_s132_7.0.1.dir/__/__/common/src/app_transition.c.obj
 .text.a_transition_complete
                0x00029332       0x1c examples/light_ctl/ctl_lc_server/CMakeFiles/light_ctl_lc_server_nrf52832_xxAA_s132_7.0.1.dir/__/__/common/src/app_transition.c.obj
 *fill*         0x0002934e        0x2 
 .text.a_transition_start
                0x00029350       0xac examples/light_ctl/ctl_lc_server/CMakeFiles/light_ctl_lc_server_nrf52832_xxAA_s132_7.0.1.dir/__/__/common/src/app_transition.c.obj
 .text.a_delay_start
                0x000293fc       0x28 examples/light_ctl/ctl_lc_server/CMakeFiles/light_ctl_lc_server_nrf52832_xxAA_s132_7.0.1.dir/__/__/common/src/app_transition.c.obj
 .text.app_transition_trigger
                0x00029424       0x1c examples/light_ctl/ctl_lc_server/CMakeFiles/light_ctl_lc_server_nrf52832_xxAA_s132_7.0.1.dir/__/__/common/src/app_transition.c.obj
                0x00029424                app_transition_trigger
 .text.app_transition_abort
                0x00029440       0x1c examples/light_ctl/ctl_lc_server/CMakeFiles/light_ctl_lc_server_nrf52832_xxAA_s132_7.0.1.dir/__/__/common/src/app_transition.c.obj
                0x00029440                app_transition_abort
 .text.app_transition_remaining_time_get
                0x0002945c       0x32 examples/light_ctl/ctl_lc_server/CMakeFiles/light_ctl_lc_server_nrf52832_xxAA_s132_7.0.1.dir/__/__/common/src/app_transition.c.obj
                0x0002945c                app_transition_remaining_time_get
 .text.app_transition_elapsed_time_get
                0x0002948e       0x28 examples/light_ctl/ctl_lc_server/CMakeFiles/light_ctl_lc_server_nrf52832_xxAA_s132_7.0.1.dir/__/__/common/src/app_transition.c.obj
                0x0002948e                app_transition_elapsed_time_get
 *fill*         0x000294b6        0x2 
 .text.app_transition_init
                0x000294b8       0x40 examples/light_ctl/ctl_lc_server/CMakeFiles/light_ctl_lc_server_nrf52832_xxAA_s132_7.0.1.dir/__/__/common/src/app_transition.c.obj
                0x000294b8                app_transition_init
 .text.mesh_evt_handler
                0x000294f8       0x1c examples/light_ctl/ctl_lc_server/CMakeFiles/light_ctl_lc_server_nrf52832_xxAA_s132_7.0.1.dir/__/__/__/mesh/stack/src/mesh_stack.c.obj
 .text.mesh_stack_start
                0x00029514       0x1a examples/light_ctl/ctl_lc_server/CMakeFiles/light_ctl_lc_server_nrf52832_xxAA_s132_7.0.1.dir/__/__/__/mesh/stack/src/mesh_stack.c.obj
                0x00029514                mesh_stack_start
 *fill*         0x0002952e        0x2 
 .text.mesh_stack_provisioning_data_store
                0x00029530       0xe0 examples/light_ctl/ctl_lc_server/CMakeFiles/light_ctl_lc_server_nrf52832_xxAA_s132_7.0.1.dir/__/__/__/mesh/stack/src/mesh_stack.c.obj
                0x00029530                mesh_stack_provisioning_data_store
 .text.mesh_stack_config_clear
                0x00029610       0x16 examples/light_ctl/ctl_lc_server/CMakeFiles/light_ctl_lc_server_nrf52832_xxAA_s132_7.0.1.dir/__/__/__/mesh/stack/src/mesh_stack.c.obj
                0x00029610                mesh_stack_config_clear
 *fill*         0x00029626        0x2 
 .text.mesh_stack_init
                0x00029628       0x7c examples/light_ctl/ctl_lc_server/CMakeFiles/light_ctl_lc_server_nrf52832_xxAA_s132_7.0.1.dir/__/__/__/mesh/stack/src/mesh_stack.c.obj
                0x00029628                mesh_stack_init
 .text.mesh_stack_is_device_provisioned
                0x000296a4        0x4 examples/light_ctl/ctl_lc_server/CMakeFiles/light_ctl_lc_server_nrf52832_xxAA_s132_7.0.1.dir/__/__/__/mesh/stack/src/mesh_stack.c.obj
                0x000296a4                mesh_stack_is_device_provisioned
 .text.mesh_stack_device_reset
                0x000296a8       0x20 examples/light_ctl/ctl_lc_server/CMakeFiles/light_ctl_lc_server_nrf52832_xxAA_s132_7.0.1.dir/__/__/__/mesh/stack/src/mesh_stack.c.obj
                0x000296a8                mesh_stack_device_reset
 .text.sd_ble_cfg_set
                0x000296c8        0x4 examples/light_ctl/ctl_lc_server/CMakeFiles/light_ctl_lc_server_nrf52832_xxAA_s132_7.0.1.dir/__/__/common/src/mesh_provisionee.c.obj
 .text.sd_state_evt_handler
                0x000296cc       0xf4 examples/light_ctl/ctl_lc_server/CMakeFiles/light_ctl_lc_server_nrf52832_xxAA_s132_7.0.1.dir/__/__/common/src/mesh_provisionee.c.obj
 .text.mesh_evt_handler
                0x000297c0       0x2c examples/light_ctl/ctl_lc_server/CMakeFiles/light_ctl_lc_server_nrf52832_xxAA_s132_7.0.1.dir/__/__/common/src/mesh_provisionee.c.obj
 .text.provisionee_start
                0x000297ec       0x30 examples/light_ctl/ctl_lc_server/CMakeFiles/light_ctl_lc_server_nrf52832_xxAA_s132_7.0.1.dir/__/__/common/src/mesh_provisionee.c.obj
 .text.prov_evt_handler
                0x0002981c       0xbc examples/light_ctl/ctl_lc_server/CMakeFiles/light_ctl_lc_server_nrf52832_xxAA_s132_7.0.1.dir/__/__/common/src/mesh_provisionee.c.obj
 .text.mesh_provisionee_prov_start
                0x000298d8       0x94 examples/light_ctl/ctl_lc_server/CMakeFiles/light_ctl_lc_server_nrf52832_xxAA_s132_7.0.1.dir/__/__/common/src/mesh_provisionee.c.obj
                0x000298d8                mesh_provisionee_prov_start
 .text.timeout_handler
                0x0002996c       0x1c examples/light_ctl/ctl_lc_server/CMakeFiles/light_ctl_lc_server_nrf52832_xxAA_s132_7.0.1.dir/__/__/common/src/rtt_input.c.obj
                0x0002996c                timeout_handler
 .text.rtt_input_enable
                0x00029988       0x6c examples/light_ctl/ctl_lc_server/CMakeFiles/light_ctl_lc_server_nrf52832_xxAA_s132_7.0.1.dir/__/__/common/src/rtt_input.c.obj
                0x00029988                rtt_input_enable
 .text.mesh_app_uuid_print
                0x000299f4      0x134 examples/light_ctl/ctl_lc_server/CMakeFiles/light_ctl_lc_server_nrf52832_xxAA_s132_7.0.1.dir/__/__/common/src/mesh_app_utils.c.obj
                0x000299f4                mesh_app_uuid_print
 .text.pwm_utils_level_set
                0x00029b28       0x3c examples/light_ctl/ctl_lc_server/CMakeFiles/light_ctl_lc_server_nrf52832_xxAA_s132_7.0.1.dir/__/__/common/src/pwm_utils.c.obj
                0x00029b28                pwm_utils_level_set
 .text.pwm_utils_enable
                0x00029b64       0xa0 examples/light_ctl/ctl_lc_server/CMakeFiles/light_ctl_lc_server_nrf52832_xxAA_s132_7.0.1.dir/__/__/common/src/pwm_utils.c.obj
                0x00029b64                pwm_utils_enable
 .text.pwm_dealloc
                0x00029c04       0x58 examples/light_ctl/ctl_lc_server/CMakeFiles/light_ctl_lc_server_nrf52832_xxAA_s132_7.0.1.dir/C_/mesh/deps/nRF5_SDK_16.0.0_98a08e2/components/libraries/pwm/app_pwm.c.obj
 .text.pwm_ready_tick
                0x00029c5c       0x5c examples/light_ctl/ctl_lc_server/CMakeFiles/light_ctl_lc_server_nrf52832_xxAA_s132_7.0.1.dir/C_/mesh/deps/nRF5_SDK_16.0.0_98a08e2/components/libraries/pwm/app_pwm.c.obj
                0x00029c5c                pwm_ready_tick
 .text.app_pwm_busy_check
                0x00029cb8       0x3c examples/light_ctl/ctl_lc_server/CMakeFiles/light_ctl_lc_server_nrf52832_xxAA_s132_7.0.1.dir/C_/mesh/deps/nRF5_SDK_16.0.0_98a08e2/components/libraries/pwm/app_pwm.c.obj
                0x00029cb8                app_pwm_busy_check
 .text.app_pwm_channel_duty_ticks_set
                0x00029cf4      0x160 examples/light_ctl/ctl_lc_server/CMakeFiles/light_ctl_lc_server_nrf52832_xxAA_s132_7.0.1.dir/C_/mesh/deps/nRF5_SDK_16.0.0_98a08e2/components/libraries/pwm/app_pwm.c.obj
                0x00029cf4                app_pwm_channel_duty_ticks_set
 .text.app_pwm_cycle_ticks_get
                0x00029e54        0x6 examples/light_ctl/ctl_lc_server/CMakeFiles/light_ctl_lc_server_nrf52832_xxAA_s132_7.0.1.dir/C_/mesh/deps/nRF5_SDK_16.0.0_98a08e2/components/libraries/pwm/app_pwm.c.obj
                0x00029e54                app_pwm_cycle_ticks_get
 *fill*         0x00029e5a        0x2 
 .text.app_pwm_init
                0x00029e5c      0x2ac examples/light_ctl/ctl_lc_server/CMakeFiles/light_ctl_lc_server_nrf52832_xxAA_s132_7.0.1.dir/C_/mesh/deps/nRF5_SDK_16.0.0_98a08e2/components/libraries/pwm/app_pwm.c.obj
                0x00029e5c                app_pwm_init
 .text.app_pwm_enable
                0x0002a108       0x74 examples/light_ctl/ctl_lc_server/CMakeFiles/light_ctl_lc_server_nrf52832_xxAA_s132_7.0.1.dir/C_/mesh/deps/nRF5_SDK_16.0.0_98a08e2/components/libraries/pwm/app_pwm.c.obj
                0x0002a108                app_pwm_enable
 .text.nrfx_timer_init
                0x0002a17c       0xdc examples/light_ctl/ctl_lc_server/CMakeFiles/light_ctl_lc_server_nrf52832_xxAA_s132_7.0.1.dir/C_/mesh/deps/nRF5_SDK_16.0.0_98a08e2/modules/nrfx/drivers/src/nrfx_timer.c.obj
                0x0002a17c                nrfx_timer_init
 .text.nrfx_timer_enable
                0x0002a258       0x1c examples/light_ctl/ctl_lc_server/CMakeFiles/light_ctl_lc_server_nrf52832_xxAA_s132_7.0.1.dir/C_/mesh/deps/nRF5_SDK_16.0.0_98a08e2/modules/nrfx/drivers/src/nrfx_timer.c.obj
                0x0002a258                nrfx_timer_enable
 .text.nrfx_timer_disable
                0x0002a274       0x18 examples/light_ctl/ctl_lc_server/CMakeFiles/light_ctl_lc_server_nrf52832_xxAA_s132_7.0.1.dir/C_/mesh/deps/nRF5_SDK_16.0.0_98a08e2/modules/nrfx/drivers/src/nrfx_timer.c.obj
                0x0002a274                nrfx_timer_disable
 .text.nrfx_timer_uninit
                0x0002a28c       0x50 examples/light_ctl/ctl_lc_server/CMakeFiles/light_ctl_lc_server_nrf52832_xxAA_s132_7.0.1.dir/C_/mesh/deps/nRF5_SDK_16.0.0_98a08e2/modules/nrfx/drivers/src/nrfx_timer.c.obj
                0x0002a28c                nrfx_timer_uninit
 .text.nrfx_timer_clear
                0x0002a2dc        0x8 examples/light_ctl/ctl_lc_server/CMakeFiles/light_ctl_lc_server_nrf52832_xxAA_s132_7.0.1.dir/C_/mesh/deps/nRF5_SDK_16.0.0_98a08e2/modules/nrfx/drivers/src/nrfx_timer.c.obj
                0x0002a2dc                nrfx_timer_clear
 .text.nrfx_timer_compare
                0x0002a2e4       0x36 examples/light_ctl/ctl_lc_server/CMakeFiles/light_ctl_lc_server_nrf52832_xxAA_s132_7.0.1.dir/C_/mesh/deps/nRF5_SDK_16.0.0_98a08e2/modules/nrfx/drivers/src/nrfx_timer.c.obj
                0x0002a2e4                nrfx_timer_compare
 .text.nrfx_timer_extended_compare
                0x0002a31a       0x2c examples/light_ctl/ctl_lc_server/CMakeFiles/light_ctl_lc_server_nrf52832_xxAA_s132_7.0.1.dir/C_/mesh/deps/nRF5_SDK_16.0.0_98a08e2/modules/nrfx/drivers/src/nrfx_timer.c.obj
                0x0002a31a                nrfx_timer_extended_compare
 .text.nrfx_timer_compare_int_enable
                0x0002a346       0x28 examples/light_ctl/ctl_lc_server/CMakeFiles/light_ctl_lc_server_nrf52832_xxAA_s132_7.0.1.dir/C_/mesh/deps/nRF5_SDK_16.0.0_98a08e2/modules/nrfx/drivers/src/nrfx_timer.c.obj
                0x0002a346                nrfx_timer_compare_int_enable
 .text.nrfx_timer_compare_int_disable
                0x0002a36e       0x10 examples/light_ctl/ctl_lc_server/CMakeFiles/light_ctl_lc_server_nrf52832_xxAA_s132_7.0.1.dir/C_/mesh/deps/nRF5_SDK_16.0.0_98a08e2/modules/nrfx/drivers/src/nrfx_timer.c.obj
                0x0002a36e                nrfx_timer_compare_int_disable
 *fill*         0x0002a37e        0x2 
 .text.TIMER1_IRQHandler
                0x0002a380       0x54 examples/light_ctl/ctl_lc_server/CMakeFiles/light_ctl_lc_server_nrf52832_xxAA_s132_7.0.1.dir/C_/mesh/deps/nRF5_SDK_16.0.0_98a08e2/modules/nrfx/drivers/src/nrfx_timer.c.obj
                0x0002a380                TIMER1_IRQHandler
 .text.nrfx_ppi_channel_alloc
                0x0002a3d4       0x68 examples/light_ctl/ctl_lc_server/CMakeFiles/light_ctl_lc_server_nrf52832_xxAA_s132_7.0.1.dir/C_/mesh/deps/nRF5_SDK_16.0.0_98a08e2/modules/nrfx/drivers/src/nrfx_ppi.c.obj
                0x0002a3d4                nrfx_ppi_channel_alloc
 .text.nrfx_ppi_channel_free
                0x0002a43c       0x48 examples/light_ctl/ctl_lc_server/CMakeFiles/light_ctl_lc_server_nrf52832_xxAA_s132_7.0.1.dir/C_/mesh/deps/nRF5_SDK_16.0.0_98a08e2/modules/nrfx/drivers/src/nrfx_ppi.c.obj
                0x0002a43c                nrfx_ppi_channel_free
 .text.nrfx_ppi_channel_assign
                0x0002a484       0x40 examples/light_ctl/ctl_lc_server/CMakeFiles/light_ctl_lc_server_nrf52832_xxAA_s132_7.0.1.dir/C_/mesh/deps/nRF5_SDK_16.0.0_98a08e2/modules/nrfx/drivers/src/nrfx_ppi.c.obj
                0x0002a484                nrfx_ppi_channel_assign
 .text.nrfx_ppi_channel_enable
                0x0002a4c4       0x30 examples/light_ctl/ctl_lc_server/CMakeFiles/light_ctl_lc_server_nrf52832_xxAA_s132_7.0.1.dir/C_/mesh/deps/nRF5_SDK_16.0.0_98a08e2/modules/nrfx/drivers/src/nrfx_ppi.c.obj
                0x0002a4c4                nrfx_ppi_channel_enable
 .text.nrfx_ppi_channel_disable
                0x0002a4f4       0x30 examples/light_ctl/ctl_lc_server/CMakeFiles/light_ctl_lc_server_nrf52832_xxAA_s132_7.0.1.dir/C_/mesh/deps/nRF5_SDK_16.0.0_98a08e2/modules/nrfx/drivers/src/nrfx_ppi.c.obj
                0x0002a4f4                nrfx_ppi_channel_disable
 .text.nrf_gpiote_event_clear
                0x0002a524       0x18 examples/light_ctl/ctl_lc_server/CMakeFiles/light_ctl_lc_server_nrf52832_xxAA_s132_7.0.1.dir/C_/mesh/deps/nRF5_SDK_16.0.0_98a08e2/modules/nrfx/drivers/src/nrfx_gpiote.c.obj
 .text.nrf_gpio_cfg_sense_set
                0x0002a53c       0x20 examples/light_ctl/ctl_lc_server/CMakeFiles/light_ctl_lc_server_nrf52832_xxAA_s132_7.0.1.dir/C_/mesh/deps/nRF5_SDK_16.0.0_98a08e2/modules/nrfx/drivers/src/nrfx_gpiote.c.obj
 .text.channel_free
                0x0002a55c       0x1c examples/light_ctl/ctl_lc_server/CMakeFiles/light_ctl_lc_server_nrf52832_xxAA_s132_7.0.1.dir/C_/mesh/deps/nRF5_SDK_16.0.0_98a08e2/modules/nrfx/drivers/src/nrfx_gpiote.c.obj
 .text.pin_configured_clear
                0x0002a578       0x1c examples/light_ctl/ctl_lc_server/CMakeFiles/light_ctl_lc_server_nrf52832_xxAA_s132_7.0.1.dir/C_/mesh/deps/nRF5_SDK_16.0.0_98a08e2/modules/nrfx/drivers/src/nrfx_gpiote.c.obj
 .text.nrfx_gpiote_init
                0x0002a594       0x70 examples/light_ctl/ctl_lc_server/CMakeFiles/light_ctl_lc_server_nrf52832_xxAA_s132_7.0.1.dir/C_/mesh/deps/nRF5_SDK_16.0.0_98a08e2/modules/nrfx/drivers/src/nrfx_gpiote.c.obj
                0x0002a594                nrfx_gpiote_init
 .text.nrfx_gpiote_is_init
                0x0002a604       0x14 examples/light_ctl/ctl_lc_server/CMakeFiles/light_ctl_lc_server_nrf52832_xxAA_s132_7.0.1.dir/C_/mesh/deps/nRF5_SDK_16.0.0_98a08e2/modules/nrfx/drivers/src/nrfx_gpiote.c.obj
                0x0002a604                nrfx_gpiote_is_init
 .text.nrfx_gpiote_out_init
                0x0002a618       0xc4 examples/light_ctl/ctl_lc_server/CMakeFiles/light_ctl_lc_server_nrf52832_xxAA_s132_7.0.1.dir/C_/mesh/deps/nRF5_SDK_16.0.0_98a08e2/modules/nrfx/drivers/src/nrfx_gpiote.c.obj
                0x0002a618                nrfx_gpiote_out_init
 .text.nrfx_gpiote_out_uninit
                0x0002a6dc       0x64 examples/light_ctl/ctl_lc_server/CMakeFiles/light_ctl_lc_server_nrf52832_xxAA_s132_7.0.1.dir/C_/mesh/deps/nRF5_SDK_16.0.0_98a08e2/modules/nrfx/drivers/src/nrfx_gpiote.c.obj
                0x0002a6dc                nrfx_gpiote_out_uninit
 .text.nrfx_gpiote_out_task_enable
                0x0002a740       0x24 examples/light_ctl/ctl_lc_server/CMakeFiles/light_ctl_lc_server_nrf52832_xxAA_s132_7.0.1.dir/C_/mesh/deps/nRF5_SDK_16.0.0_98a08e2/modules/nrfx/drivers/src/nrfx_gpiote.c.obj
                0x0002a740                nrfx_gpiote_out_task_enable
 .text.nrfx_gpiote_set_task_addr_get
                0x0002a764       0x1c examples/light_ctl/ctl_lc_server/CMakeFiles/light_ctl_lc_server_nrf52832_xxAA_s132_7.0.1.dir/C_/mesh/deps/nRF5_SDK_16.0.0_98a08e2/modules/nrfx/drivers/src/nrfx_gpiote.c.obj
                0x0002a764                nrfx_gpiote_set_task_addr_get
 .text.nrfx_gpiote_clr_task_addr_get
                0x0002a780       0x1c examples/light_ctl/ctl_lc_server/CMakeFiles/light_ctl_lc_server_nrf52832_xxAA_s132_7.0.1.dir/C_/mesh/deps/nRF5_SDK_16.0.0_98a08e2/modules/nrfx/drivers/src/nrfx_gpiote.c.obj
                0x0002a780                nrfx_gpiote_clr_task_addr_get
 .text.nrfx_gpiote_out_task_force
                0x0002a79c       0x30 examples/light_ctl/ctl_lc_server/CMakeFiles/light_ctl_lc_server_nrf52832_xxAA_s132_7.0.1.dir/C_/mesh/deps/nRF5_SDK_16.0.0_98a08e2/modules/nrfx/drivers/src/nrfx_gpiote.c.obj
                0x0002a79c                nrfx_gpiote_out_task_force
 .text.GPIOTE_IRQHandler
                0x0002a7cc      0x170 examples/light_ctl/ctl_lc_server/CMakeFiles/light_ctl_lc_server_nrf52832_xxAA_s132_7.0.1.dir/C_/mesh/deps/nRF5_SDK_16.0.0_98a08e2/modules/nrfx/drivers/src/nrfx_gpiote.c.obj
                0x0002a7cc                GPIOTE_IRQHandler
 .text.nrf_drv_ppi_init
                0x0002a93c       0x14 examples/light_ctl/ctl_lc_server/CMakeFiles/light_ctl_lc_server_nrf52832_xxAA_s132_7.0.1.dir/C_/mesh/deps/nRF5_SDK_16.0.0_98a08e2/integration/nrfx/legacy/nrf_drv_ppi.c.obj
                0x0002a93c                nrf_drv_ppi_init
 .text.sd_ble_gap_adv_set_configure
                0x0002a950        0x4 examples/light_ctl/ctl_lc_server/CMakeFiles/light_ctl_lc_server_nrf52832_xxAA_s132_7.0.1.dir/__/__/common/src/mesh_adv.c.obj
 .text.sd_ble_gap_adv_start
                0x0002a954        0x4 examples/light_ctl/ctl_lc_server/CMakeFiles/light_ctl_lc_server_nrf52832_xxAA_s132_7.0.1.dir/__/__/common/src/mesh_adv.c.obj
 .text.sd_ble_gap_adv_stop
                0x0002a958        0x4 examples/light_ctl/ctl_lc_server/CMakeFiles/light_ctl_lc_server_nrf52832_xxAA_s132_7.0.1.dir/__/__/common/src/mesh_adv.c.obj
 .text.mesh_adv_data_set
                0x0002a95c       0xe0 examples/light_ctl/ctl_lc_server/CMakeFiles/light_ctl_lc_server_nrf52832_xxAA_s132_7.0.1.dir/__/__/common/src/mesh_adv.c.obj
                0x0002a95c                mesh_adv_data_set
 .text.mesh_adv_params_set
                0x0002aa3c       0x28 examples/light_ctl/ctl_lc_server/CMakeFiles/light_ctl_lc_server_nrf52832_xxAA_s132_7.0.1.dir/__/__/common/src/mesh_adv.c.obj
                0x0002aa3c                mesh_adv_params_set
 .text.mesh_adv_start
                0x0002aa64       0x20 examples/light_ctl/ctl_lc_server/CMakeFiles/light_ctl_lc_server_nrf52832_xxAA_s132_7.0.1.dir/__/__/common/src/mesh_adv.c.obj
                0x0002aa64                mesh_adv_start
 .text.mesh_adv_stop
                0x0002aa84       0x1c examples/light_ctl/ctl_lc_server/CMakeFiles/light_ctl_lc_server_nrf52832_xxAA_s132_7.0.1.dir/__/__/common/src/mesh_adv.c.obj
                0x0002aa84                mesh_adv_stop
 .text.sd_ble_gap_disconnect
                0x0002aaa0        0x4 examples/light_ctl/ctl_lc_server/CMakeFiles/light_ctl_lc_server_nrf52832_xxAA_s132_7.0.1.dir/__/__/common/src/ble_softdevice_support.c.obj
 .text.sd_ble_gap_ppcp_set
                0x0002aaa4        0x4 examples/light_ctl/ctl_lc_server/CMakeFiles/light_ctl_lc_server_nrf52832_xxAA_s132_7.0.1.dir/__/__/common/src/ble_softdevice_support.c.obj
 .text.sd_ble_gap_device_name_set
                0x0002aaa8        0x4 examples/light_ctl/ctl_lc_server/CMakeFiles/light_ctl_lc_server_nrf52832_xxAA_s132_7.0.1.dir/__/__/common/src/ble_softdevice_support.c.obj
 .text.sd_ble_cfg_set
                0x0002aaac        0x4 examples/light_ctl/ctl_lc_server/CMakeFiles/light_ctl_lc_server_nrf52832_xxAA_s132_7.0.1.dir/__/__/common/src/ble_softdevice_support.c.obj
 .text.conn_params_error_handler
                0x0002aab0        0x4 examples/light_ctl/ctl_lc_server/CMakeFiles/light_ctl_lc_server_nrf52832_xxAA_s132_7.0.1.dir/__/__/common/src/ble_softdevice_support.c.obj
 .text.on_sd_evt
                0x0002aab4        0x4 examples/light_ctl/ctl_lc_server/CMakeFiles/light_ctl_lc_server_nrf52832_xxAA_s132_7.0.1.dir/__/__/common/src/ble_softdevice_support.c.obj
 .text.on_conn_params_evt
                0x0002aab8       0x80 examples/light_ctl/ctl_lc_server/CMakeFiles/light_ctl_lc_server_nrf52832_xxAA_s132_7.0.1.dir/__/__/common/src/ble_softdevice_support.c.obj
 .text.ble_stack_init
                0x0002ab38       0x78 examples/light_ctl/ctl_lc_server/CMakeFiles/light_ctl_lc_server_nrf52832_xxAA_s132_7.0.1.dir/__/__/common/src/ble_softdevice_support.c.obj
                0x0002ab38                ble_stack_init
 .text.gap_params_init
                0x0002abb0       0x50 examples/light_ctl/ctl_lc_server/CMakeFiles/light_ctl_lc_server_nrf52832_xxAA_s132_7.0.1.dir/__/__/common/src/ble_softdevice_support.c.obj
                0x0002abb0                gap_params_init
 .text.conn_params_init
                0x0002ac00       0x68 examples/light_ctl/ctl_lc_server/CMakeFiles/light_ctl_lc_server_nrf52832_xxAA_s132_7.0.1.dir/__/__/common/src/ble_softdevice_support.c.obj
                0x0002ac00                conn_params_init
 .text.app_util_critical_region_enter
                0x0002ac68       0x48 examples/light_ctl/ctl_lc_server/CMakeFiles/light_ctl_lc_server_nrf52832_xxAA_s132_7.0.1.dir/C_/mesh/deps/nRF5_SDK_16.0.0_98a08e2/components/libraries/util/app_util_platform.c.obj
                0x0002ac68                app_util_critical_region_enter
 .text.app_util_critical_region_exit
                0x0002acb0       0x2c examples/light_ctl/ctl_lc_server/CMakeFiles/light_ctl_lc_server_nrf52832_xxAA_s132_7.0.1.dir/C_/mesh/deps/nRF5_SDK_16.0.0_98a08e2/components/libraries/util/app_util_platform.c.obj
                0x0002acb0                app_util_critical_region_exit
 .text.sd_ble_gap_addr_get
                0x0002acdc        0x4 examples/light_ctl/ctl_lc_server/CMakeFiles/light_ctl_lc_server_nrf52832_xxAA_s132_7.0.1.dir/C_/mesh/deps/nRF5_SDK_16.0.0_98a08e2/components/ble/common/ble_advdata.c.obj
 .text.sd_ble_gap_appearance_get
                0x0002ace0        0x4 examples/light_ctl/ctl_lc_server/CMakeFiles/light_ctl_lc_server_nrf52832_xxAA_s132_7.0.1.dir/C_/mesh/deps/nRF5_SDK_16.0.0_98a08e2/components/ble/common/ble_advdata.c.obj
 .text.sd_ble_gap_device_name_get
                0x0002ace4        0x4 examples/light_ctl/ctl_lc_server/CMakeFiles/light_ctl_lc_server_nrf52832_xxAA_s132_7.0.1.dir/C_/mesh/deps/nRF5_SDK_16.0.0_98a08e2/components/ble/common/ble_advdata.c.obj
 .text.sd_ble_uuid_encode
                0x0002ace8        0x4 examples/light_ctl/ctl_lc_server/CMakeFiles/light_ctl_lc_server_nrf52832_xxAA_s132_7.0.1.dir/C_/mesh/deps/nRF5_SDK_16.0.0_98a08e2/components/ble/common/ble_advdata.c.obj
 .text.uuid_list_sized_encode
                0x0002acec       0xac examples/light_ctl/ctl_lc_server/CMakeFiles/light_ctl_lc_server_nrf52832_xxAA_s132_7.0.1.dir/C_/mesh/deps/nRF5_SDK_16.0.0_98a08e2/components/ble/common/ble_advdata.c.obj
 .text.uuid_list_encode
                0x0002ad98       0x38 examples/light_ctl/ctl_lc_server/CMakeFiles/light_ctl_lc_server_nrf52832_xxAA_s132_7.0.1.dir/C_/mesh/deps/nRF5_SDK_16.0.0_98a08e2/components/ble/common/ble_advdata.c.obj
 .text.ble_advdata_encode
                0x0002add0      0x394 examples/light_ctl/ctl_lc_server/CMakeFiles/light_ctl_lc_server_nrf52832_xxAA_s132_7.0.1.dir/C_/mesh/deps/nRF5_SDK_16.0.0_98a08e2/components/ble/common/ble_advdata.c.obj
                0x0002add0                ble_advdata_encode
 .text.nrf_section_iter_init
                0x0002b164       0x12 examples/light_ctl/ctl_lc_server/CMakeFiles/light_ctl_lc_server_nrf52832_xxAA_s132_7.0.1.dir/C_/mesh/deps/nRF5_SDK_16.0.0_98a08e2/components/libraries/experimental_section_vars/nrf_section_iter.c.obj
                0x0002b164                nrf_section_iter_init
 .text.nrf_section_iter_next
                0x0002b176       0x18 examples/light_ctl/ctl_lc_server/CMakeFiles/light_ctl_lc_server_nrf52832_xxAA_s132_7.0.1.dir/C_/mesh/deps/nRF5_SDK_16.0.0_98a08e2/components/libraries/experimental_section_vars/nrf_section_iter.c.obj
                0x0002b176                nrf_section_iter_next
 .text.sd_evt_get
                0x0002b18e        0x4 examples/light_ctl/ctl_lc_server/CMakeFiles/light_ctl_lc_server_nrf52832_xxAA_s132_7.0.1.dir/C_/mesh/deps/nRF5_SDK_16.0.0_98a08e2/components/softdevice/common/nrf_sdh_soc.c.obj
 *fill*         0x0002b192        0x2 
 .text.nrf_sdh_soc_evts_poll
                0x0002b194       0x3c examples/light_ctl/ctl_lc_server/CMakeFiles/light_ctl_lc_server_nrf52832_xxAA_s132_7.0.1.dir/C_/mesh/deps/nRF5_SDK_16.0.0_98a08e2/components/softdevice/common/nrf_sdh_soc.c.obj
 .text.sd_ble_enable
                0x0002b1d0        0x4 examples/light_ctl/ctl_lc_server/CMakeFiles/light_ctl_lc_server_nrf52832_xxAA_s132_7.0.1.dir/C_/mesh/deps/nRF5_SDK_16.0.0_98a08e2/components/softdevice/common/nrf_sdh_ble.c.obj
 .text.sd_ble_cfg_set
                0x0002b1d4        0x4 examples/light_ctl/ctl_lc_server/CMakeFiles/light_ctl_lc_server_nrf52832_xxAA_s132_7.0.1.dir/C_/mesh/deps/nRF5_SDK_16.0.0_98a08e2/components/softdevice/common/nrf_sdh_ble.c.obj
 .text.sd_ble_evt_get
                0x0002b1d8        0x4 examples/light_ctl/ctl_lc_server/CMakeFiles/light_ctl_lc_server_nrf52832_xxAA_s132_7.0.1.dir/C_/mesh/deps/nRF5_SDK_16.0.0_98a08e2/components/softdevice/common/nrf_sdh_ble.c.obj
 .text.nrf_sdh_ble_evts_poll
                0x0002b1dc       0x50 examples/light_ctl/ctl_lc_server/CMakeFiles/light_ctl_lc_server_nrf52832_xxAA_s132_7.0.1.dir/C_/mesh/deps/nRF5_SDK_16.0.0_98a08e2/components/softdevice/common/nrf_sdh_ble.c.obj
 .text.nrf_sdh_ble_default_cfg_set
                0x0002b22c       0xd0 examples/light_ctl/ctl_lc_server/CMakeFiles/light_ctl_lc_server_nrf52832_xxAA_s132_7.0.1.dir/C_/mesh/deps/nRF5_SDK_16.0.0_98a08e2/components/softdevice/common/nrf_sdh_ble.c.obj
                0x0002b22c                nrf_sdh_ble_default_cfg_set
 .text.nrf_sdh_ble_enable
                0x0002b2fc       0x14 examples/light_ctl/ctl_lc_server/CMakeFiles/light_ctl_lc_server_nrf52832_xxAA_s132_7.0.1.dir/C_/mesh/deps/nRF5_SDK_16.0.0_98a08e2/components/softdevice/common/nrf_sdh_ble.c.obj
                0x0002b2fc                nrf_sdh_ble_enable
 .text.sd_softdevice_enable
                0x0002b310        0x4 examples/light_ctl/ctl_lc_server/CMakeFiles/light_ctl_lc_server_nrf52832_xxAA_s132_7.0.1.dir/C_/mesh/deps/nRF5_SDK_16.0.0_98a08e2/components/softdevice/common/nrf_sdh.c.obj
 .text.sd_softdevice_disable
                0x0002b314        0x4 examples/light_ctl/ctl_lc_server/CMakeFiles/light_ctl_lc_server_nrf52832_xxAA_s132_7.0.1.dir/C_/mesh/deps/nRF5_SDK_16.0.0_98a08e2/components/softdevice/common/nrf_sdh.c.obj
 .text.sdh_request_observer_notify
                0x0002b318       0x30 examples/light_ctl/ctl_lc_server/CMakeFiles/light_ctl_lc_server_nrf52832_xxAA_s132_7.0.1.dir/C_/mesh/deps/nRF5_SDK_16.0.0_98a08e2/components/softdevice/common/nrf_sdh.c.obj
 .text.sdh_state_observer_notify
                0x0002b348       0x28 examples/light_ctl/ctl_lc_server/CMakeFiles/light_ctl_lc_server_nrf52832_xxAA_s132_7.0.1.dir/C_/mesh/deps/nRF5_SDK_16.0.0_98a08e2/components/softdevice/common/nrf_sdh.c.obj
 .text.softdevice_evt_irq_disable
                0x0002b370       0x24 examples/light_ctl/ctl_lc_server/CMakeFiles/light_ctl_lc_server_nrf52832_xxAA_s132_7.0.1.dir/C_/mesh/deps/nRF5_SDK_16.0.0_98a08e2/components/softdevice/common/nrf_sdh.c.obj
 .text.softdevices_evt_irq_enable
                0x0002b394       0x38 examples/light_ctl/ctl_lc_server/CMakeFiles/light_ctl_lc_server_nrf52832_xxAA_s132_7.0.1.dir/C_/mesh/deps/nRF5_SDK_16.0.0_98a08e2/components/softdevice/common/nrf_sdh.c.obj
 .text.nrf_sdh_enable_request
                0x0002b3cc       0x7c examples/light_ctl/ctl_lc_server/CMakeFiles/light_ctl_lc_server_nrf52832_xxAA_s132_7.0.1.dir/C_/mesh/deps/nRF5_SDK_16.0.0_98a08e2/components/softdevice/common/nrf_sdh.c.obj
                0x0002b3cc                nrf_sdh_enable_request
 .text.nrf_sdh_disable_request
                0x0002b448       0x60 examples/light_ctl/ctl_lc_server/CMakeFiles/light_ctl_lc_server_nrf52832_xxAA_s132_7.0.1.dir/C_/mesh/deps/nRF5_SDK_16.0.0_98a08e2/components/softdevice/common/nrf_sdh.c.obj
                0x0002b448                nrf_sdh_disable_request
 .text.nrf_sdh_evts_poll
                0x0002b4a8       0x28 examples/light_ctl/ctl_lc_server/CMakeFiles/light_ctl_lc_server_nrf52832_xxAA_s132_7.0.1.dir/C_/mesh/deps/nRF5_SDK_16.0.0_98a08e2/components/softdevice/common/nrf_sdh.c.obj
                0x0002b4a8                nrf_sdh_evts_poll
 .text.SWI2_EGU2_IRQHandler
                0x0002b4d0        0x4 examples/light_ctl/ctl_lc_server/CMakeFiles/light_ctl_lc_server_nrf52832_xxAA_s132_7.0.1.dir/C_/mesh/deps/nRF5_SDK_16.0.0_98a08e2/components/softdevice/common/nrf_sdh.c.obj
                0x0002b4d0                SWI2_EGU2_IRQHandler
 .text.sd_ble_gap_conn_param_update
                0x0002b4d4        0x4 examples/light_ctl/ctl_lc_server/CMakeFiles/light_ctl_lc_server_nrf52832_xxAA_s132_7.0.1.dir/C_/mesh/deps/nRF5_SDK_16.0.0_98a08e2/components/ble/common/ble_conn_params.c.obj
 .text.sd_ble_gap_disconnect
                0x0002b4d8        0x4 examples/light_ctl/ctl_lc_server/CMakeFiles/light_ctl_lc_server_nrf52832_xxAA_s132_7.0.1.dir/C_/mesh/deps/nRF5_SDK_16.0.0_98a08e2/components/ble/common/ble_conn_params.c.obj
 .text.sd_ble_gap_ppcp_set
                0x0002b4dc        0x4 examples/light_ctl/ctl_lc_server/CMakeFiles/light_ctl_lc_server_nrf52832_xxAA_s132_7.0.1.dir/C_/mesh/deps/nRF5_SDK_16.0.0_98a08e2/components/ble/common/ble_conn_params.c.obj
 .text.sd_ble_gap_ppcp_get
                0x0002b4e0        0x4 examples/light_ctl/ctl_lc_server/CMakeFiles/light_ctl_lc_server_nrf52832_xxAA_s132_7.0.1.dir/C_/mesh/deps/nRF5_SDK_16.0.0_98a08e2/components/ble/common/ble_conn_params.c.obj
 .text.instance_get
                0x0002b4e4       0x14 examples/light_ctl/ctl_lc_server/CMakeFiles/light_ctl_lc_server_nrf52832_xxAA_s132_7.0.1.dir/C_/mesh/deps/nRF5_SDK_16.0.0_98a08e2/components/ble/common/ble_conn_params.c.obj
 .text.send_error_evt
                0x0002b4f8       0x10 examples/light_ctl/ctl_lc_server/CMakeFiles/light_ctl_lc_server_nrf52832_xxAA_s132_7.0.1.dir/C_/mesh/deps/nRF5_SDK_16.0.0_98a08e2/components/ble/common/ble_conn_params.c.obj
 .text.update_timeout_handler
                0x0002b508       0x6c examples/light_ctl/ctl_lc_server/CMakeFiles/light_ctl_lc_server_nrf52832_xxAA_s132_7.0.1.dir/C_/mesh/deps/nRF5_SDK_16.0.0_98a08e2/components/ble/common/ble_conn_params.c.obj
 .text.conn_params_negotiation
                0x0002b574       0x48 examples/light_ctl/ctl_lc_server/CMakeFiles/light_ctl_lc_server_nrf52832_xxAA_s132_7.0.1.dir/C_/mesh/deps/nRF5_SDK_16.0.0_98a08e2/components/ble/common/ble_conn_params.c.obj
 .text.is_conn_params_ok.constprop.0
                0x0002b5bc       0x34 examples/light_ctl/ctl_lc_server/CMakeFiles/light_ctl_lc_server_nrf52832_xxAA_s132_7.0.1.dir/C_/mesh/deps/nRF5_SDK_16.0.0_98a08e2/components/ble/common/ble_conn_params.c.obj
 .text.ble_evt_handler
                0x0002b5f0       0xe0 examples/light_ctl/ctl_lc_server/CMakeFiles/light_ctl_lc_server_nrf52832_xxAA_s132_7.0.1.dir/C_/mesh/deps/nRF5_SDK_16.0.0_98a08e2/components/ble/common/ble_conn_params.c.obj
 .text.ble_conn_params_init
                0x0002b6d0       0x74 examples/light_ctl/ctl_lc_server/CMakeFiles/light_ctl_lc_server_nrf52832_xxAA_s132_7.0.1.dir/C_/mesh/deps/nRF5_SDK_16.0.0_98a08e2/components/ble/common/ble_conn_params.c.obj
                0x0002b6d0                ble_conn_params_init
 .text.ble_srv_is_notification_enabled
                0x0002b744        0x8 examples/light_ctl/ctl_lc_server/CMakeFiles/light_ctl_lc_server_nrf52832_xxAA_s132_7.0.1.dir/C_/mesh/deps/nRF5_SDK_16.0.0_98a08e2/components/ble/common/ble_srv_common.c.obj
                0x0002b744                ble_srv_is_notification_enabled
 .text._weak_handler
                0x0002b74c        0x4 examples/light_ctl/ctl_lc_server/CMakeFiles/light_ctl_lc_server_nrf52832_xxAA_s132_7.0.1.dir/__/__/common/src/nrf_mesh_weak.c.obj
                0x0002b74c                nrf_mesh_dfu_init
                0x0002b74c                nrf_mesh_dfu_jump_to_bootloader
                0x0002b74c                nrf_mesh_dfu_rx
                0x0002b74c                prov_provisioner_provision
                0x0002b74c                nrf_mesh_dfu_bank_info_get
                0x0002b74c                prov_provisioner_oob_pubkey
                0x0002b74c                nrf_mesh_dfu_request
                0x0002b74c                nrf_mesh_dfu_bank_flash
                0x0002b74c                nrf_mesh_dfu_enable
                0x0002b74c                _weak_handler
                0x0002b74c                nrf_mesh_dfu_relay
                0x0002b74c                nrf_mesh_dfu_abort
                0x0002b74c                mesh_flash_op_execute
                0x0002b74c                prov_provisionee_init
                0x0002b74c                nrf_mesh_dfu_state_get
                0x0002b74c                prov_provisioner_shared_secret
                0x0002b74c                prov_provisioner_auth_data
                0x0002b74c                prov_bearer_adv_packet_in
                0x0002b74c                prov_provisioner_oob_use
 .text.app_error_fault_handler
                0x0002b750      0x200 examples/light_ctl/ctl_lc_server/CMakeFiles/light_ctl_lc_server_nrf52832_xxAA_s132_7.0.1.dir/__/__/common/src/app_error_weak.c.obj
                0x0002b750                app_error_fault_handler
 .text.mesh_assertion_handler
                0x0002b950       0x24 examples/light_ctl/ctl_lc_server/CMakeFiles/light_ctl_lc_server_nrf52832_xxAA_s132_7.0.1.dir/__/__/common/src/assertion_handler_weak.c.obj
                0x0002b950                mesh_assertion_handler
 .text.nrf_mesh_configure_device_uuid_set
                0x0002b974       0x10 examples/light_ctl/ctl_lc_server/CMakeFiles/light_ctl_lc_server_nrf52832_xxAA_s132_7.0.1.dir/__/__/__/mesh/core/src/nrf_mesh_configure.c.obj
                0x0002b974                nrf_mesh_configure_device_uuid_set
 .text.nrf_mesh_configure_device_uuid_reset
                0x0002b984       0x40 examples/light_ctl/ctl_lc_server/CMakeFiles/light_ctl_lc_server_nrf52832_xxAA_s132_7.0.1.dir/__/__/__/mesh/core/src/nrf_mesh_configure.c.obj
                0x0002b984                nrf_mesh_configure_device_uuid_reset
 .text.nrf_mesh_configure_device_uuid_get
                0x0002b9c4        0x8 examples/light_ctl/ctl_lc_server/CMakeFiles/light_ctl_lc_server_nrf52832_xxAA_s132_7.0.1.dir/__/__/__/mesh/core/src/nrf_mesh_configure.c.obj
                0x0002b9c4                nrf_mesh_configure_device_uuid_get
 .text.msg_cache_init
                0x0002b9cc       0x24 examples/light_ctl/ctl_lc_server/CMakeFiles/light_ctl_lc_server_nrf52832_xxAA_s132_7.0.1.dir/__/__/__/mesh/core/src/msg_cache.c.obj
                0x0002b9cc                msg_cache_init
 .text.msg_cache_entry_exists
                0x0002b9f0       0x3c examples/light_ctl/ctl_lc_server/CMakeFiles/light_ctl_lc_server_nrf52832_xxAA_s132_7.0.1.dir/__/__/__/mesh/core/src/msg_cache.c.obj
                0x0002b9f0                msg_cache_entry_exists
 .text.msg_cache_entry_add
                0x0002ba2c       0x30 examples/light_ctl/ctl_lc_server/CMakeFiles/light_ctl_lc_server_nrf52832_xxAA_s132_7.0.1.dir/__/__/__/mesh/core/src/msg_cache.c.obj
                0x0002ba2c                msg_cache_entry_add
 .text.transport_sar_first_seq_num_get
                0x0002ba5c       0x12 examples/light_ctl/ctl_lc_server/CMakeFiles/light_ctl_lc_server_nrf52832_xxAA_s132_7.0.1.dir/__/__/__/mesh/core/src/transport.c.obj
 *fill*         0x0002ba6e        0x2 
 .text.control_packet_callback_get
                0x0002ba70       0x40 examples/light_ctl/ctl_lc_server/CMakeFiles/light_ctl_lc_server_nrf52832_xxAA_s132_7.0.1.dir/__/__/__/mesh/core/src/transport.c.obj
 .text.tx_complete
                0x0002bab0       0x2c examples/light_ctl/ctl_lc_server/CMakeFiles/light_ctl_lc_server_nrf52832_xxAA_s132_7.0.1.dir/__/__/__/mesh/core/src/transport.c.obj
 .text.block_ack_full
                0x0002badc       0x1a examples/light_ctl/ctl_lc_server/CMakeFiles/light_ctl_lc_server_nrf52832_xxAA_s132_7.0.1.dir/__/__/__/mesh/core/src/transport.c.obj
 .text.upper_trs_packet_encrypt
                0x0002baf6       0x86 examples/light_ctl/ctl_lc_server/CMakeFiles/light_ctl_lc_server_nrf52832_xxAA_s132_7.0.1.dir/__/__/__/mesh/core/src/transport.c.obj
 .text.sar_ctx_alloc
                0x0002bb7c       0xbc examples/light_ctl/ctl_lc_server/CMakeFiles/light_ctl_lc_server_nrf52832_xxAA_s132_7.0.1.dir/__/__/__/mesh/core/src/transport.c.obj
 .text.sar_ctx_free
                0x0002bc38       0x3a examples/light_ctl/ctl_lc_server/CMakeFiles/light_ctl_lc_server_nrf52832_xxAA_s132_7.0.1.dir/__/__/__/mesh/core/src/transport.c.obj
 .text.sar_ctx_tx_complete
                0x0002bc72       0x34 examples/light_ctl/ctl_lc_server/CMakeFiles/light_ctl_lc_server_nrf52832_xxAA_s132_7.0.1.dir/__/__/__/mesh/core/src/transport.c.obj
 .text.transport_metadata_validate
                0x0002bca6       0x54 examples/light_ctl/ctl_lc_server/CMakeFiles/light_ctl_lc_server_nrf52832_xxAA_s132_7.0.1.dir/__/__/__/mesh/core/src/transport.c.obj
 *fill*         0x0002bcfa        0x2 
 .text.test_transport_decrypt
                0x0002bcfc       0x88 examples/light_ctl/ctl_lc_server/CMakeFiles/light_ctl_lc_server_nrf52832_xxAA_s132_7.0.1.dir/__/__/__/mesh/core/src/transport.c.obj
 .text.replay_list_add
                0x0002bd84       0x4c examples/light_ctl/ctl_lc_server/CMakeFiles/light_ctl_lc_server_nrf52832_xxAA_s132_7.0.1.dir/__/__/__/mesh/core/src/transport.c.obj
 .text.upper_transport_access_packet_in
                0x0002bdd0      0x1a0 examples/light_ctl/ctl_lc_server/CMakeFiles/light_ctl_lc_server_nrf52832_xxAA_s132_7.0.1.dir/__/__/__/mesh/core/src/transport.c.obj
 .text.trs_packet_header_build
                0x0002bf70       0xa4 examples/light_ctl/ctl_lc_server/CMakeFiles/light_ctl_lc_server_nrf52832_xxAA_s132_7.0.1.dir/__/__/__/mesh/core/src/transport.c.obj
 .text.trs_sar_packet_out
                0x0002c014      0x10c examples/light_ctl/ctl_lc_server/CMakeFiles/light_ctl_lc_server_nrf52832_xxAA_s132_7.0.1.dir/__/__/__/mesh/core/src/transport.c.obj
 .text.tx_retry_timer_reset
                0x0002c120       0x3c examples/light_ctl/ctl_lc_server/CMakeFiles/light_ctl_lc_server_nrf52832_xxAA_s132_7.0.1.dir/__/__/__/mesh/core/src/transport.c.obj
 .text.segmented_packet_tx
                0x0002c15c      0x148 examples/light_ctl/ctl_lc_server/CMakeFiles/light_ctl_lc_server_nrf52832_xxAA_s132_7.0.1.dir/__/__/__/mesh/core/src/transport.c.obj
 .text.sar_ctx_cancel
                0x0002c2a4       0xe0 examples/light_ctl/ctl_lc_server/CMakeFiles/light_ctl_lc_server_nrf52832_xxAA_s132_7.0.1.dir/__/__/__/mesh/core/src/transport.c.obj
 .text.abort_timeout
                0x0002c384        0x8 examples/light_ctl/ctl_lc_server/CMakeFiles/light_ctl_lc_server_nrf52832_xxAA_s132_7.0.1.dir/__/__/__/mesh/core/src/transport.c.obj
 .text.retry_timeout
                0x0002c38c       0x4c examples/light_ctl/ctl_lc_server/CMakeFiles/light_ctl_lc_server_nrf52832_xxAA_s132_7.0.1.dir/__/__/__/mesh/core/src/transport.c.obj
 .text.transport_control_packet_in
                0x0002c3d8      0x1d8 examples/light_ctl/ctl_lc_server/CMakeFiles/light_ctl_lc_server_nrf52832_xxAA_s132_7.0.1.dir/__/__/__/mesh/core/src/transport.c.obj
 .text.upper_transport_tx
                0x0002c5b0       0x8e examples/light_ctl/ctl_lc_server/CMakeFiles/light_ctl_lc_server_nrf52832_xxAA_s132_7.0.1.dir/__/__/__/mesh/core/src/transport.c.obj
 *fill*         0x0002c63e        0x2 
 .text.transport_init
                0x0002c640       0x84 examples/light_ctl/ctl_lc_server/CMakeFiles/light_ctl_lc_server_nrf52832_xxAA_s132_7.0.1.dir/__/__/__/mesh/core/src/transport.c.obj
                0x0002c640                transport_init
 .text.transport_enable
                0x0002c6c4        0x4 examples/light_ctl/ctl_lc_server/CMakeFiles/light_ctl_lc_server_nrf52832_xxAA_s132_7.0.1.dir/__/__/__/mesh/core/src/transport.c.obj
                0x0002c6c4                transport_enable
 .text.transport_tx
                0x0002c6c8       0xd4 examples/light_ctl/ctl_lc_server/CMakeFiles/light_ctl_lc_server_nrf52832_xxAA_s132_7.0.1.dir/__/__/__/mesh/core/src/transport.c.obj
                0x0002c6c8                transport_tx
 .text.transport_control_tx
                0x0002c79c       0xe8 examples/light_ctl/ctl_lc_server/CMakeFiles/light_ctl_lc_server_nrf52832_xxAA_s132_7.0.1.dir/__/__/__/mesh/core/src/transport.c.obj
                0x0002c79c                transport_control_tx
 .text.sar_ack_send
                0x0002c884      0x11c examples/light_ctl/ctl_lc_server/CMakeFiles/light_ctl_lc_server_nrf52832_xxAA_s132_7.0.1.dir/__/__/__/mesh/core/src/transport.c.obj
 .text.ack_timeout
                0x0002c9a0       0x30 examples/light_ctl/ctl_lc_server/CMakeFiles/light_ctl_lc_server_nrf52832_xxAA_s132_7.0.1.dir/__/__/__/mesh/core/src/transport.c.obj
 .text.transport_packet_in
                0x0002c9d0      0x4cc examples/light_ctl/ctl_lc_server/CMakeFiles/light_ctl_lc_server_nrf52832_xxAA_s132_7.0.1.dir/__/__/__/mesh/core/src/transport.c.obj
                0x0002c9d0                transport_packet_in
 .text.transport_sar_process
                0x0002ce9c       0x68 examples/light_ctl/ctl_lc_server/CMakeFiles/light_ctl_lc_server_nrf52832_xxAA_s132_7.0.1.dir/__/__/__/mesh/core/src/transport.c.obj
 .text.transport_control_packet_consumer_add
                0x0002cf04       0x64 examples/light_ctl/ctl_lc_server/CMakeFiles/light_ctl_lc_server_nrf52832_xxAA_s132_7.0.1.dir/__/__/__/mesh/core/src/transport.c.obj
                0x0002cf04                transport_control_packet_consumer_add
 .text.event_handle
                0x0002cf68       0x58 examples/light_ctl/ctl_lc_server/CMakeFiles/light_ctl_lc_server_nrf52832_xxAA_s132_7.0.1.dir/__/__/__/mesh/core/src/event.c.obj
                0x0002cf68                event_handle
 .text.event_handler_add
                0x0002cfc0       0x20 examples/light_ctl/ctl_lc_server/CMakeFiles/light_ctl_lc_server_nrf52832_xxAA_s132_7.0.1.dir/__/__/__/mesh/core/src/event.c.obj
                0x0002cfc0                event_handler_add
 .text.event_handler_remove
                0x0002cfe0       0x34 examples/light_ctl/ctl_lc_server/CMakeFiles/light_ctl_lc_server_nrf52832_xxAA_s132_7.0.1.dir/__/__/__/mesh/core/src/event.c.obj
                0x0002cfe0                event_handler_remove
 .text.m_index_increment
                0x0002d014       0x1e examples/light_ctl/ctl_lc_server/CMakeFiles/light_ctl_lc_server_nrf52832_xxAA_s132_7.0.1.dir/__/__/__/mesh/core/src/packet_buffer.c.obj
 .text.m_get_next_packet
                0x0002d032       0x1e examples/light_ctl/ctl_lc_server/CMakeFiles/light_ctl_lc_server_nrf52832_xxAA_s132_7.0.1.dir/__/__/__/mesh/core/src/packet_buffer.c.obj
 .text.packet_buffer_init
                0x0002d050       0xa8 examples/light_ctl/ctl_lc_server/CMakeFiles/light_ctl_lc_server_nrf52832_xxAA_s132_7.0.1.dir/__/__/__/mesh/core/src/packet_buffer.c.obj
                0x0002d050                packet_buffer_init
 .text.packet_buffer_flush
                0x0002d0f8       0x50 examples/light_ctl/ctl_lc_server/CMakeFiles/light_ctl_lc_server_nrf52832_xxAA_s132_7.0.1.dir/__/__/__/mesh/core/src/packet_buffer.c.obj
                0x0002d0f8                packet_buffer_flush
 .text.packet_buffer_reserve
                0x0002d148       0xa2 examples/light_ctl/ctl_lc_server/CMakeFiles/light_ctl_lc_server_nrf52832_xxAA_s132_7.0.1.dir/__/__/__/mesh/core/src/packet_buffer.c.obj
                0x0002d148                packet_buffer_reserve
 .text.packet_buffer_commit
                0x0002d1ea       0x62 examples/light_ctl/ctl_lc_server/CMakeFiles/light_ctl_lc_server_nrf52832_xxAA_s132_7.0.1.dir/__/__/__/mesh/core/src/packet_buffer.c.obj
                0x0002d1ea                packet_buffer_commit
 .text.packet_buffer_pop
                0x0002d24c       0x5a examples/light_ctl/ctl_lc_server/CMakeFiles/light_ctl_lc_server_nrf52832_xxAA_s132_7.0.1.dir/__/__/__/mesh/core/src/packet_buffer.c.obj
                0x0002d24c                packet_buffer_pop
 .text.packet_buffer_can_pop
                0x0002d2a6       0x34 examples/light_ctl/ctl_lc_server/CMakeFiles/light_ctl_lc_server_nrf52832_xxAA_s132_7.0.1.dir/__/__/__/mesh/core/src/packet_buffer.c.obj
                0x0002d2a6                packet_buffer_can_pop
 .text.packet_buffer_packets_ready_to_pop
                0x0002d2da       0x36 examples/light_ctl/ctl_lc_server/CMakeFiles/light_ctl_lc_server_nrf52832_xxAA_s132_7.0.1.dir/__/__/__/mesh/core/src/packet_buffer.c.obj
                0x0002d2da                packet_buffer_packets_ready_to_pop
 .text.packet_buffer_free
                0x0002d310       0x74 examples/light_ctl/ctl_lc_server/CMakeFiles/light_ctl_lc_server_nrf52832_xxAA_s132_7.0.1.dir/__/__/__/mesh/core/src/packet_buffer.c.obj
                0x0002d310                packet_buffer_free
 .text.packet_buffer_is_empty
                0x0002d384       0x28 examples/light_ctl/ctl_lc_server/CMakeFiles/light_ctl_lc_server_nrf52832_xxAA_s132_7.0.1.dir/__/__/__/mesh/core/src/packet_buffer.c.obj
                0x0002d384                packet_buffer_is_empty
 .text.get_last_page
                0x0002d3ac       0x14 examples/light_ctl/ctl_lc_server/CMakeFiles/light_ctl_lc_server_nrf52832_xxAA_s132_7.0.1.dir/__/__/__/mesh/core/src/flash_manager_defrag.c.obj
 .text.defrag_on_end
                0x0002d3c0       0x1c examples/light_ctl/ctl_lc_server/CMakeFiles/light_ctl_lc_server_nrf52832_xxAA_s132_7.0.1.dir/__/__/__/mesh/core/src/flash_manager_defrag.c.obj
 .text.execute_procedure_step
                0x0002d3dc       0x70 examples/light_ctl/ctl_lc_server/CMakeFiles/light_ctl_lc_server_nrf52832_xxAA_s132_7.0.1.dir/__/__/__/mesh/core/src/flash_manager_defrag.c.obj
 .text.get_next_entry
                0x0002d44c       0x38 examples/light_ctl/ctl_lc_server/CMakeFiles/light_ctl_lc_server_nrf52832_xxAA_s132_7.0.1.dir/__/__/__/mesh/core/src/flash_manager_defrag.c.obj
 .text.get_next_data_entry
                0x0002d484       0x26 examples/light_ctl/ctl_lc_server/CMakeFiles/light_ctl_lc_server_nrf52832_xxAA_s132_7.0.1.dir/__/__/__/mesh/core/src/flash_manager_defrag.c.obj
 *fill*         0x0002d4aa        0x2 
 .text.on_flash_op_end
                0x0002d4ac       0x30 examples/light_ctl/ctl_lc_server/CMakeFiles/light_ctl_lc_server_nrf52832_xxAA_s132_7.0.1.dir/__/__/__/mesh/core/src/flash_manager_defrag.c.obj
 .text.check_for_invalid_entries
                0x0002d4dc       0x38 examples/light_ctl/ctl_lc_server/CMakeFiles/light_ctl_lc_server_nrf52832_xxAA_s132_7.0.1.dir/__/__/__/mesh/core/src/flash_manager_defrag.c.obj
 .text.erase_recovery_area
                0x0002d514       0x34 examples/light_ctl/ctl_lc_server/CMakeFiles/light_ctl_lc_server_nrf52832_xxAA_s132_7.0.1.dir/__/__/__/mesh/core/src/flash_manager_defrag.c.obj
 .text.flash.constprop.0
                0x0002d548       0x24 examples/light_ctl/ctl_lc_server/CMakeFiles/light_ctl_lc_server_nrf52832_xxAA_s132_7.0.1.dir/__/__/__/mesh/core/src/flash_manager_defrag.c.obj
 .text.invalidate_duplicate_entries
                0x0002d56c       0xa8 examples/light_ctl/ctl_lc_server/CMakeFiles/light_ctl_lc_server_nrf52832_xxAA_s132_7.0.1.dir/__/__/__/mesh/core/src/flash_manager_defrag.c.obj
 .text.seal_storage_page
                0x0002d614       0x50 examples/light_ctl/ctl_lc_server/CMakeFiles/light_ctl_lc_server_nrf52832_xxAA_s132_7.0.1.dir/__/__/__/mesh/core/src/flash_manager_defrag.c.obj
 .text.copy_metadata
                0x0002d664       0x3c examples/light_ctl/ctl_lc_server/CMakeFiles/light_ctl_lc_server_nrf52832_xxAA_s132_7.0.1.dir/__/__/__/mesh/core/src/flash_manager_defrag.c.obj
 .text.write_defrag_start_pointer
                0x0002d6a0       0x20 examples/light_ctl/ctl_lc_server/CMakeFiles/light_ctl_lc_server_nrf52832_xxAA_s132_7.0.1.dir/__/__/__/mesh/core/src/flash_manager_defrag.c.obj
 .text.write_back
                0x0002d6c0       0x28 examples/light_ctl/ctl_lc_server/CMakeFiles/light_ctl_lc_server_nrf52832_xxAA_s132_7.0.1.dir/__/__/__/mesh/core/src/flash_manager_defrag.c.obj
 .text.post_process
                0x0002d6e8       0x40 examples/light_ctl/ctl_lc_server/CMakeFiles/light_ctl_lc_server_nrf52832_xxAA_s132_7.0.1.dir/__/__/__/mesh/core/src/flash_manager_defrag.c.obj
 .text.backup_entries
                0x0002d728       0xd8 examples/light_ctl/ctl_lc_server/CMakeFiles/light_ctl_lc_server_nrf52832_xxAA_s132_7.0.1.dir/__/__/__/mesh/core/src/flash_manager_defrag.c.obj
 .text.erase_source
                0x0002d800       0x34 examples/light_ctl/ctl_lc_server/CMakeFiles/light_ctl_lc_server_nrf52832_xxAA_s132_7.0.1.dir/__/__/__/mesh/core/src/flash_manager_defrag.c.obj
 .text.flash_manager_defrag_init
                0x0002d834      0x118 examples/light_ctl/ctl_lc_server/CMakeFiles/light_ctl_lc_server_nrf52832_xxAA_s132_7.0.1.dir/__/__/__/mesh/core/src/flash_manager_defrag.c.obj
                0x0002d834                flash_manager_defrag_init
 .text.flash_manager_defragging
                0x0002d94c       0x38 examples/light_ctl/ctl_lc_server/CMakeFiles/light_ctl_lc_server_nrf52832_xxAA_s132_7.0.1.dir/__/__/__/mesh/core/src/flash_manager_defrag.c.obj
                0x0002d94c                flash_manager_defragging
 .text.flash_manager_defrag_is_running
                0x0002d984       0x10 examples/light_ctl/ctl_lc_server/CMakeFiles/light_ctl_lc_server_nrf52832_xxAA_s132_7.0.1.dir/__/__/__/mesh/core/src/flash_manager_defrag.c.obj
                0x0002d984                flash_manager_defrag_is_running
 .text.flash_manager_defrag
                0x0002d994       0x44 examples/light_ctl/ctl_lc_server/CMakeFiles/light_ctl_lc_server_nrf52832_xxAA_s132_7.0.1.dir/__/__/__/mesh/core/src/flash_manager_defrag.c.obj
                0x0002d994                flash_manager_defrag
 .text.flash_manager_defrag_recovery_page_get
                0x0002d9d8        0xc examples/light_ctl/ctl_lc_server/CMakeFiles/light_ctl_lc_server_nrf52832_xxAA_s132_7.0.1.dir/__/__/__/mesh/core/src/flash_manager_defrag.c.obj
                0x0002d9d8                flash_manager_defrag_recovery_page_get
 .text.fifo_init
                0x0002d9e4       0x34 examples/light_ctl/ctl_lc_server/CMakeFiles/light_ctl_lc_server_nrf52832_xxAA_s132_7.0.1.dir/__/__/__/mesh/core/src/fifo.c.obj
                0x0002d9e4                fifo_init
 .text.fifo_pop
                0x0002da18       0x52 examples/light_ctl/ctl_lc_server/CMakeFiles/light_ctl_lc_server_nrf52832_xxAA_s132_7.0.1.dir/__/__/__/mesh/core/src/fifo.c.obj
                0x0002da18                fifo_pop
 *fill*         0x0002da6a        0x2 
 .text.wait_for_ready
                0x0002da6c       0x10 examples/light_ctl/ctl_lc_server/CMakeFiles/light_ctl_lc_server_nrf52832_xxAA_s132_7.0.1.dir/__/__/__/mesh/core/src/nrf_flash.c.obj
 .text.nrf_flash_erase
                0x0002da7c       0x50 examples/light_ctl/ctl_lc_server/CMakeFiles/light_ctl_lc_server_nrf52832_xxAA_s132_7.0.1.dir/__/__/__/mesh/core/src/nrf_flash.c.obj
                0x0002da7c                nrf_flash_erase
 .text.nrf_flash_write
                0x0002dacc       0x58 examples/light_ctl/ctl_lc_server/CMakeFiles/light_ctl_lc_server_nrf52832_xxAA_s132_7.0.1.dir/__/__/__/mesh/core/src/nrf_flash.c.obj
                0x0002dacc                nrf_flash_write
 .text.iv_timeout_limit_passed
                0x0002db24       0x18 examples/light_ctl/ctl_lc_server/CMakeFiles/light_ctl_lc_server_nrf52832_xxAA_s132_7.0.1.dir/__/__/__/mesh/core/src/net_state.c.obj
 .text.seqnum_block_legacy_setter
                0x0002db3c       0x3c examples/light_ctl/ctl_lc_server/CMakeFiles/light_ctl_lc_server_nrf52832_xxAA_s132_7.0.1.dir/__/__/__/mesh/core/src/net_state.c.obj
 .text.iv_index_legacy_setter
                0x0002db78       0x3c examples/light_ctl/ctl_lc_server/CMakeFiles/light_ctl_lc_server_nrf52832_xxAA_s132_7.0.1.dir/__/__/__/mesh/core/src/net_state.c.obj
 .text.seqnum_block_deleter
                0x0002dbb4       0x24 examples/light_ctl/ctl_lc_server/CMakeFiles/light_ctl_lc_server_nrf52832_xxAA_s132_7.0.1.dir/__/__/__/mesh/core/src/net_state.c.obj
 .text.iv_index_deleter
                0x0002dbd8       0x24 examples/light_ctl/ctl_lc_server/CMakeFiles/light_ctl_lc_server_nrf52832_xxAA_s132_7.0.1.dir/__/__/__/mesh/core/src/net_state.c.obj
 .text.seqnum_block_getter
                0x0002dbfc       0x28 examples/light_ctl/ctl_lc_server/CMakeFiles/light_ctl_lc_server_nrf52832_xxAA_s132_7.0.1.dir/__/__/__/mesh/core/src/net_state.c.obj
 .text.seqnum_block_setter
                0x0002dc24       0x38 examples/light_ctl/ctl_lc_server/CMakeFiles/light_ctl_lc_server_nrf52832_xxAA_s132_7.0.1.dir/__/__/__/mesh/core/src/net_state.c.obj
 .text.iv_index_getter
                0x0002dc5c       0x28 examples/light_ctl/ctl_lc_server/CMakeFiles/light_ctl_lc_server_nrf52832_xxAA_s132_7.0.1.dir/__/__/__/mesh/core/src/net_state.c.obj
 .text.iv_index_setter
                0x0002dc84       0x38 examples/light_ctl/ctl_lc_server/CMakeFiles/light_ctl_lc_server_nrf52832_xxAA_s132_7.0.1.dir/__/__/__/mesh/core/src/net_state.c.obj
 .text.iv_index_notify
                0x0002dcbc       0x30 examples/light_ctl/ctl_lc_server/CMakeFiles/light_ctl_lc_server_nrf52832_xxAA_s132_7.0.1.dir/__/__/__/mesh/core/src/net_state.c.obj
 .text.persist_completed_notify
                0x0002dcec       0x2c examples/light_ctl/ctl_lc_server/CMakeFiles/light_ctl_lc_server_nrf52832_xxAA_s132_7.0.1.dir/__/__/__/mesh/core/src/net_state.c.obj
 .text.seqnum_block_allocate
                0x0002dd18       0x58 examples/light_ctl/ctl_lc_server/CMakeFiles/light_ctl_lc_server_nrf52832_xxAA_s132_7.0.1.dir/__/__/__/mesh/core/src/net_state.c.obj
 .text.iv_index_store
                0x0002dd70       0x44 examples/light_ctl/ctl_lc_server/CMakeFiles/light_ctl_lc_server_nrf52832_xxAA_s132_7.0.1.dir/__/__/__/mesh/core/src/net_state.c.obj
 .text.net_state_reset
                0x0002ddb4       0x30 examples/light_ctl/ctl_lc_server/CMakeFiles/light_ctl_lc_server_nrf52832_xxAA_s132_7.0.1.dir/__/__/__/mesh/core/src/net_state.c.obj
                0x0002ddb4                net_state_reset
 .text.net_state_init
                0x0002dde4       0x48 examples/light_ctl/ctl_lc_server/CMakeFiles/light_ctl_lc_server_nrf52832_xxAA_s132_7.0.1.dir/__/__/__/mesh/core/src/net_state.c.obj
                0x0002dde4                net_state_init
 .text.net_state_enable
                0x0002de2c       0xc4 examples/light_ctl/ctl_lc_server/CMakeFiles/light_ctl_lc_server_nrf52832_xxAA_s132_7.0.1.dir/__/__/__/mesh/core/src/net_state.c.obj
                0x0002de2c                net_state_enable
 .text.net_state_is_seqnum_block_ready
                0x0002def0       0x14 examples/light_ctl/ctl_lc_server/CMakeFiles/light_ctl_lc_server_nrf52832_xxAA_s132_7.0.1.dir/__/__/__/mesh/core/src/net_state.c.obj
                0x0002def0                net_state_is_seqnum_block_ready
 .text.net_state_iv_update_start
                0x0002df04       0x40 examples/light_ctl/ctl_lc_server/CMakeFiles/light_ctl_lc_server_nrf52832_xxAA_s132_7.0.1.dir/__/__/__/mesh/core/src/net_state.c.obj
                0x0002df04                net_state_iv_update_start
 .text.iv_update_trigger_if_pending
                0x0002df44       0x5c examples/light_ctl/ctl_lc_server/CMakeFiles/light_ctl_lc_server_nrf52832_xxAA_s132_7.0.1.dir/__/__/__/mesh/core/src/net_state.c.obj
 .text.iv_update_timer_handler
                0x0002dfa0       0x9c examples/light_ctl/ctl_lc_server/CMakeFiles/light_ctl_lc_server_nrf52832_xxAA_s132_7.0.1.dir/__/__/__/mesh/core/src/net_state.c.obj
 .text.mesh_evt_handler
                0x0002e03c       0x88 examples/light_ctl/ctl_lc_server/CMakeFiles/light_ctl_lc_server_nrf52832_xxAA_s132_7.0.1.dir/__/__/__/mesh/core/src/net_state.c.obj
 .text.net_state_seqnum_alloc
                0x0002e0c4       0x74 examples/light_ctl/ctl_lc_server/CMakeFiles/light_ctl_lc_server_nrf52832_xxAA_s132_7.0.1.dir/__/__/__/mesh/core/src/net_state.c.obj
                0x0002e0c4                net_state_seqnum_alloc
 .text.net_state_iv_index_lock
                0x0002e138       0x3c examples/light_ctl/ctl_lc_server/CMakeFiles/light_ctl_lc_server_nrf52832_xxAA_s132_7.0.1.dir/__/__/__/mesh/core/src/net_state.c.obj
                0x0002e138                net_state_iv_index_lock
 .text.net_state_key_refresh_phase_changed
                0x0002e174       0x20 examples/light_ctl/ctl_lc_server/CMakeFiles/light_ctl_lc_server_nrf52832_xxAA_s132_7.0.1.dir/__/__/__/mesh/core/src/net_state.c.obj
                0x0002e174                net_state_key_refresh_phase_changed
 .text.net_state_beacon_iv_index_get
                0x0002e194        0xc examples/light_ctl/ctl_lc_server/CMakeFiles/light_ctl_lc_server_nrf52832_xxAA_s132_7.0.1.dir/__/__/__/mesh/core/src/net_state.c.obj
                0x0002e194                net_state_beacon_iv_index_get
 .text.net_state_tx_iv_index_get
                0x0002e1a0       0x14 examples/light_ctl/ctl_lc_server/CMakeFiles/light_ctl_lc_server_nrf52832_xxAA_s132_7.0.1.dir/__/__/__/mesh/core/src/net_state.c.obj
                0x0002e1a0                net_state_tx_iv_index_get
 .text.net_state_rx_iv_index_get
                0x0002e1b4       0x18 examples/light_ctl/ctl_lc_server/CMakeFiles/light_ctl_lc_server_nrf52832_xxAA_s132_7.0.1.dir/__/__/__/mesh/core/src/net_state.c.obj
                0x0002e1b4                net_state_rx_iv_index_get
 .text.net_state_iv_update_get
                0x0002e1cc        0xc examples/light_ctl/ctl_lc_server/CMakeFiles/light_ctl_lc_server_nrf52832_xxAA_s132_7.0.1.dir/__/__/__/mesh/core/src/net_state.c.obj
                0x0002e1cc                net_state_iv_update_get
 .text.net_state_iv_index_set
                0x0002e1d8       0x44 examples/light_ctl/ctl_lc_server/CMakeFiles/light_ctl_lc_server_nrf52832_xxAA_s132_7.0.1.dir/__/__/__/mesh/core/src/net_state.c.obj
                0x0002e1d8                net_state_iv_index_set
 .text.send_end_events
                0x0002e21c       0x84 examples/light_ctl/ctl_lc_server/CMakeFiles/light_ctl_lc_server_nrf52832_xxAA_s132_7.0.1.dir/__/__/__/mesh/core/src/mesh_flash.c.obj
 .text.flash_op_action_prepare
                0x0002e2a0       0x78 examples/light_ctl/ctl_lc_server/CMakeFiles/light_ctl_lc_server_nrf52832_xxAA_s132_7.0.1.dir/__/__/__/mesh/core/src/mesh_flash.c.obj
 .text.flash_op_schedule
                0x0002e318       0x20 examples/light_ctl/ctl_lc_server/CMakeFiles/light_ctl_lc_server_nrf52832_xxAA_s132_7.0.1.dir/__/__/__/mesh/core/src/mesh_flash.c.obj
 .text.flash_op_start
                0x0002e338      0x138 examples/light_ctl/ctl_lc_server/CMakeFiles/light_ctl_lc_server_nrf52832_xxAA_s132_7.0.1.dir/__/__/__/mesh/core/src/mesh_flash.c.obj
 .text.mesh_flash_init
                0x0002e470       0x7c examples/light_ctl/ctl_lc_server/CMakeFiles/light_ctl_lc_server_nrf52832_xxAA_s132_7.0.1.dir/__/__/__/mesh/core/src/mesh_flash.c.obj
                0x0002e470                mesh_flash_init
 .text.mesh_flash_user_callback_set
                0x0002e4ec       0x20 examples/light_ctl/ctl_lc_server/CMakeFiles/light_ctl_lc_server_nrf52832_xxAA_s132_7.0.1.dir/__/__/__/mesh/core/src/mesh_flash.c.obj
                0x0002e4ec                mesh_flash_user_callback_set
 .text.mesh_flash_op_push
                0x0002e50c      0x10c examples/light_ctl/ctl_lc_server/CMakeFiles/light_ctl_lc_server_nrf52832_xxAA_s132_7.0.1.dir/__/__/__/mesh/core/src/mesh_flash.c.obj
                0x0002e50c                mesh_flash_op_push
 .text.mesh_flash_set_suspended
                0x0002e618       0x70 examples/light_ctl/ctl_lc_server/CMakeFiles/light_ctl_lc_server_nrf52832_xxAA_s132_7.0.1.dir/__/__/__/mesh/core/src/mesh_flash.c.obj
                0x0002e618                mesh_flash_set_suspended
 .text.nrf_mesh_address_type_get
                0x0002e688       0x10 examples/light_ctl/ctl_lc_server/CMakeFiles/light_ctl_lc_server_nrf52832_xxAA_s132_7.0.1.dir/__/__/__/mesh/core/src/nrf_mesh_utils.c.obj
                0x0002e688                nrf_mesh_address_type_get
 .text.sd_softdevice_is_enabled
                0x0002e698        0x4 examples/light_ctl/ctl_lc_server/CMakeFiles/light_ctl_lc_server_nrf52832_xxAA_s132_7.0.1.dir/__/__/__/mesh/core/src/nrf_mesh.c.obj
 .text.packet_in
                0x0002e69c       0x6c examples/light_ctl/ctl_lc_server/CMakeFiles/light_ctl_lc_server_nrf52832_xxAA_s132_7.0.1.dir/__/__/__/mesh/core/src/nrf_mesh.c.obj
 .text.scanner_packet_process_cb
                0x0002e708       0x8c examples/light_ctl/ctl_lc_server/CMakeFiles/light_ctl_lc_server_nrf52832_xxAA_s132_7.0.1.dir/__/__/__/mesh/core/src/nrf_mesh.c.obj
 .text.nrf_mesh_enabled_be_cb
                0x0002e794       0x50 examples/light_ctl/ctl_lc_server/CMakeFiles/light_ctl_lc_server_nrf52832_xxAA_s132_7.0.1.dir/__/__/__/mesh/core/src/nrf_mesh.c.obj
 .text.bearer_stopped_cb
                0x0002e7e4       0x30 examples/light_ctl/ctl_lc_server/CMakeFiles/light_ctl_lc_server_nrf52832_xxAA_s132_7.0.1.dir/__/__/__/mesh/core/src/nrf_mesh.c.obj
 .text.config_stable_catch
                0x0002e814       0x24 examples/light_ctl/ctl_lc_server/CMakeFiles/light_ctl_lc_server_nrf52832_xxAA_s132_7.0.1.dir/__/__/__/mesh/core/src/nrf_mesh.c.obj
 .text.nrf_mesh_init
                0x0002e838       0xdc examples/light_ctl/ctl_lc_server/CMakeFiles/light_ctl_lc_server_nrf52832_xxAA_s132_7.0.1.dir/__/__/__/mesh/core/src/nrf_mesh.c.obj
                0x0002e838                nrf_mesh_init
 .text.nrf_mesh_enable
                0x0002e914       0xb4 examples/light_ctl/ctl_lc_server/CMakeFiles/light_ctl_lc_server_nrf52832_xxAA_s132_7.0.1.dir/__/__/__/mesh/core/src/nrf_mesh.c.obj
                0x0002e914                nrf_mesh_enable
 .text.nrf_mesh_disable
                0x0002e9c8       0x2c examples/light_ctl/ctl_lc_server/CMakeFiles/light_ctl_lc_server_nrf52832_xxAA_s132_7.0.1.dir/__/__/__/mesh/core/src/nrf_mesh.c.obj
                0x0002e9c8                nrf_mesh_disable
 .text.nrf_mesh_packet_send
                0x0002e9f4        0x4 examples/light_ctl/ctl_lc_server/CMakeFiles/light_ctl_lc_server_nrf52832_xxAA_s132_7.0.1.dir/__/__/__/mesh/core/src/nrf_mesh.c.obj
                0x0002e9f4                nrf_mesh_packet_send
 .text.nrf_mesh_evt_handler_add
                0x0002e9f8        0x4 examples/light_ctl/ctl_lc_server/CMakeFiles/light_ctl_lc_server_nrf52832_xxAA_s132_7.0.1.dir/__/__/__/mesh/core/src/nrf_mesh.c.obj
                0x0002e9f8                nrf_mesh_evt_handler_add
 .text.nrf_mesh_evt_handler_remove
                0x0002e9fc        0x4 examples/light_ctl/ctl_lc_server/CMakeFiles/light_ctl_lc_server_nrf52832_xxAA_s132_7.0.1.dir/__/__/__/mesh/core/src/nrf_mesh.c.obj
                0x0002e9fc                nrf_mesh_evt_handler_remove
 .text.nrf_mesh_on_sd_evt
                0x0002ea00        0xa examples/light_ctl/ctl_lc_server/CMakeFiles/light_ctl_lc_server_nrf52832_xxAA_s132_7.0.1.dir/__/__/__/mesh/core/src/nrf_mesh.c.obj
                0x0002ea00                nrf_mesh_on_sd_evt
 .text.nrf_mesh_subnet_added
                0x0002ea0a        0x4 examples/light_ctl/ctl_lc_server/CMakeFiles/light_ctl_lc_server_nrf52832_xxAA_s132_7.0.1.dir/__/__/__/mesh/core/src/nrf_mesh.c.obj
                0x0002ea0a                nrf_mesh_subnet_added
 *fill*         0x0002ea0e        0x2 
 .text.nrf_mesh_unique_token_get
                0x0002ea10       0x18 examples/light_ctl/ctl_lc_server/CMakeFiles/light_ctl_lc_server_nrf52832_xxAA_s132_7.0.1.dir/__/__/__/mesh/core/src/nrf_mesh.c.obj
                0x0002ea10                nrf_mesh_unique_token_get
 .text.queue_init
                0x0002ea28       0x14 examples/light_ctl/ctl_lc_server/CMakeFiles/light_ctl_lc_server_nrf52832_xxAA_s132_7.0.1.dir/__/__/__/mesh/core/src/queue.c.obj
                0x0002ea28                queue_init
 .text.queue_push
                0x0002ea3c       0x34 examples/light_ctl/ctl_lc_server/CMakeFiles/light_ctl_lc_server_nrf52832_xxAA_s132_7.0.1.dir/__/__/__/mesh/core/src/queue.c.obj
                0x0002ea3c                queue_push
 .text.queue_pop
                0x0002ea70       0x2a examples/light_ctl/ctl_lc_server/CMakeFiles/light_ctl_lc_server_nrf52832_xxAA_s132_7.0.1.dir/__/__/__/mesh/core/src/queue.c.obj
                0x0002ea70                queue_pop
 .text.queue_peek
                0x0002ea9a       0x10 examples/light_ctl/ctl_lc_server/CMakeFiles/light_ctl_lc_server_nrf52832_xxAA_s132_7.0.1.dir/__/__/__/mesh/core/src/queue.c.obj
                0x0002ea9a                queue_peek
 .text.sd_power_reset_reason_clr
                0x0002eaaa        0x4 examples/light_ctl/ctl_lc_server/CMakeFiles/light_ctl_lc_server_nrf52832_xxAA_s132_7.0.1.dir/__/__/__/mesh/core/src/hal.c.obj
 .text.sd_power_gpregret_set
                0x0002eaae        0x4 examples/light_ctl/ctl_lc_server/CMakeFiles/light_ctl_lc_server_nrf52832_xxAA_s132_7.0.1.dir/__/__/__/mesh/core/src/hal.c.obj
 .text.sd_power_gpregret_clr
                0x0002eab2        0x4 examples/light_ctl/ctl_lc_server/CMakeFiles/light_ctl_lc_server_nrf52832_xxAA_s132_7.0.1.dir/__/__/__/mesh/core/src/hal.c.obj
 *fill*         0x0002eab6        0x2 
 .text.hal_device_reset
                0x0002eab8       0x40 examples/light_ctl/ctl_lc_server/CMakeFiles/light_ctl_lc_server_nrf52832_xxAA_s132_7.0.1.dir/__/__/__/mesh/core/src/hal.c.obj
                0x0002eab8                hal_device_reset
 .text.hal_lfclk_ppm_get
                0x0002eaf8       0x14 examples/light_ctl/ctl_lc_server/CMakeFiles/light_ctl_lc_server_nrf52832_xxAA_s132_7.0.1.dir/__/__/__/mesh/core/src/hal.c.obj
                0x0002eaf8                hal_lfclk_ppm_get
 .text.hal_irq_active_get
                0x0002eb0c       0x10 examples/light_ctl/ctl_lc_server/CMakeFiles/light_ctl_lc_server_nrf52832_xxAA_s132_7.0.1.dir/__/__/__/mesh/core/src/hal.c.obj
                0x0002eb0c                hal_irq_active_get
 .text.hal_irq_is_enabled
                0x0002eb1c       0x30 examples/light_ctl/ctl_lc_server/CMakeFiles/light_ctl_lc_server_nrf52832_xxAA_s132_7.0.1.dir/__/__/__/mesh/core/src/hal.c.obj
                0x0002eb1c                hal_irq_is_enabled
 .text.sd_ecb_block_encrypt
                0x0002eb4c        0x4 examples/light_ctl/ctl_lc_server/CMakeFiles/light_ctl_lc_server_nrf52832_xxAA_s132_7.0.1.dir/__/__/__/mesh/core/src/aes_cmac.c.obj
 .text.utils_xor.constprop.0
                0x0002eb50       0x20 examples/light_ctl/ctl_lc_server/CMakeFiles/light_ctl_lc_server_nrf52832_xxAA_s132_7.0.1.dir/__/__/__/mesh/core/src/aes_cmac.c.obj
 .text.aes_cmac
                0x0002eb70      0x108 examples/light_ctl/ctl_lc_server/CMakeFiles/light_ctl_lc_server_nrf52832_xxAA_s132_7.0.1.dir/__/__/__/mesh/core/src/aes_cmac.c.obj
                0x0002eb70                aes_cmac
 .text.add_evt  0x0002ec78       0x4c examples/light_ctl/ctl_lc_server/CMakeFiles/light_ctl_lc_server_nrf52832_xxAA_s132_7.0.1.dir/__/__/__/mesh/core/src/timer_scheduler.c.obj
 .text.remove_evt
                0x0002ecc4       0x50 examples/light_ctl/ctl_lc_server/CMakeFiles/light_ctl_lc_server_nrf52832_xxAA_s132_7.0.1.dir/__/__/__/mesh/core/src/timer_scheduler.c.obj
 .text.timer_cb
                0x0002ed14        0xc examples/light_ctl/ctl_lc_server/CMakeFiles/light_ctl_lc_server_nrf52832_xxAA_s132_7.0.1.dir/__/__/__/mesh/core/src/timer_scheduler.c.obj
 .text.setup_timeout.isra.0
                0x0002ed20       0x1c examples/light_ctl/ctl_lc_server/CMakeFiles/light_ctl_lc_server_nrf52832_xxAA_s132_7.0.1.dir/__/__/__/mesh/core/src/timer_scheduler.c.obj
 .text.flag_event_cb
                0x0002ed3c       0x98 examples/light_ctl/ctl_lc_server/CMakeFiles/light_ctl_lc_server_nrf52832_xxAA_s132_7.0.1.dir/__/__/__/mesh/core/src/timer_scheduler.c.obj
 .text.timer_sch_init
                0x0002edd4       0x2c examples/light_ctl/ctl_lc_server/CMakeFiles/light_ctl_lc_server_nrf52832_xxAA_s132_7.0.1.dir/__/__/__/mesh/core/src/timer_scheduler.c.obj
                0x0002edd4                timer_sch_init
 .text.timer_sch_schedule
                0x0002ee00       0x44 examples/light_ctl/ctl_lc_server/CMakeFiles/light_ctl_lc_server_nrf52832_xxAA_s132_7.0.1.dir/__/__/__/mesh/core/src/timer_scheduler.c.obj
                0x0002ee00                timer_sch_schedule
 .text.timer_sch_abort
                0x0002ee44       0x2e examples/light_ctl/ctl_lc_server/CMakeFiles/light_ctl_lc_server_nrf52832_xxAA_s132_7.0.1.dir/__/__/__/mesh/core/src/timer_scheduler.c.obj
                0x0002ee44                timer_sch_abort
 .text.timer_sch_reschedule
                0x0002ee72       0x38 examples/light_ctl/ctl_lc_server/CMakeFiles/light_ctl_lc_server_nrf52832_xxAA_s132_7.0.1.dir/__/__/__/mesh/core/src/timer_scheduler.c.obj
                0x0002ee72                timer_sch_reschedule
 .text.timer_init
                0x0002eeaa       0x1a examples/light_ctl/ctl_lc_server/CMakeFiles/light_ctl_lc_server_nrf52832_xxAA_s132_7.0.1.dir/__/__/__/mesh/core/src/timer.c.obj
                0x0002eeaa                timer_init
 .text.timer_now
                0x0002eec4       0x48 examples/light_ctl/ctl_lc_server/CMakeFiles/light_ctl_lc_server_nrf52832_xxAA_s132_7.0.1.dir/__/__/__/mesh/core/src/timer.c.obj
                0x0002eec4                timer_now
 .text.nrf_mesh_timer_tail_handle
                0x0002ef0c       0x34 examples/light_ctl/ctl_lc_server/CMakeFiles/light_ctl_lc_server_nrf52832_xxAA_s132_7.0.1.dir/__/__/__/mesh/core/src/timer.c.obj
                0x0002ef0c                nrf_mesh_timer_tail_handle
 .text.nrf_mesh_timer_ovfw_handle
                0x0002ef40       0x94 examples/light_ctl/ctl_lc_server/CMakeFiles/light_ctl_lc_server_nrf52832_xxAA_s132_7.0.1.dir/__/__/__/mesh/core/src/timer.c.obj
                0x0002ef40                nrf_mesh_timer_ovfw_handle
 .text.timer_start
                0x0002efd4       0xac examples/light_ctl/ctl_lc_server/CMakeFiles/light_ctl_lc_server_nrf52832_xxAA_s132_7.0.1.dir/__/__/__/mesh/core/src/timer.c.obj
                0x0002efd4                timer_start
 .text.timer_stop
                0x0002f080       0x30 examples/light_ctl/ctl_lc_server/CMakeFiles/light_ctl_lc_server_nrf52832_xxAA_s132_7.0.1.dir/__/__/__/mesh/core/src/timer.c.obj
                0x0002f080                timer_stop
 .text.sd_rand_application_bytes_available_get
                0x0002f0b0        0x4 examples/light_ctl/ctl_lc_server/CMakeFiles/light_ctl_lc_server_nrf52832_xxAA_s132_7.0.1.dir/__/__/__/mesh/core/src/rand.c.obj
 .text.sd_rand_application_vector_get
                0x0002f0b4        0x4 examples/light_ctl/ctl_lc_server/CMakeFiles/light_ctl_lc_server_nrf52832_xxAA_s132_7.0.1.dir/__/__/__/mesh/core/src/rand.c.obj
 .text.rand_prng_get
                0x0002f0b8       0x24 examples/light_ctl/ctl_lc_server/CMakeFiles/light_ctl_lc_server_nrf52832_xxAA_s132_7.0.1.dir/__/__/__/mesh/core/src/rand.c.obj
                0x0002f0b8                rand_prng_get
 .text.rand_hw_rng_get
                0x0002f0dc       0x44 examples/light_ctl/ctl_lc_server/CMakeFiles/light_ctl_lc_server_nrf52832_xxAA_s132_7.0.1.dir/__/__/__/mesh/core/src/rand.c.obj
                0x0002f0dc                rand_hw_rng_get
 .text.rand_prng_seed
                0x0002f120       0x34 examples/light_ctl/ctl_lc_server/CMakeFiles/light_ctl_lc_server_nrf52832_xxAA_s132_7.0.1.dir/__/__/__/mesh/core/src/rand.c.obj
                0x0002f120                rand_prng_seed
 .text.mesh_opt_init
                0x0002f154        0x2 examples/light_ctl/ctl_lc_server/CMakeFiles/light_ctl_lc_server_nrf52832_xxAA_s132_7.0.1.dir/__/__/__/mesh/core/src/mesh_opt.c.obj
                0x0002f154                mesh_opt_init
 .text.mesh_opt_clear
                0x0002f156        0x6 examples/light_ctl/ctl_lc_server/CMakeFiles/light_ctl_lc_server_nrf52832_xxAA_s132_7.0.1.dir/__/__/__/mesh/core/src/mesh_opt.c.obj
                0x0002f156                mesh_opt_clear
 .text.sd_radio_session_open
                0x0002f15c        0x4 examples/light_ctl/ctl_lc_server/CMakeFiles/light_ctl_lc_server_nrf52832_xxAA_s132_7.0.1.dir/__/__/__/mesh/core/src/timeslot.c.obj
 .text.sd_radio_session_close
                0x0002f160        0x4 examples/light_ctl/ctl_lc_server/CMakeFiles/light_ctl_lc_server_nrf52832_xxAA_s132_7.0.1.dir/__/__/__/mesh/core/src/timeslot.c.obj
 .text.sd_radio_request
                0x0002f164        0x4 examples/light_ctl/ctl_lc_server/CMakeFiles/light_ctl_lc_server_nrf52832_xxAA_s132_7.0.1.dir/__/__/__/mesh/core/src/timeslot.c.obj
 .text.end_timer_handler
                0x0002f168       0x28 examples/light_ctl/ctl_lc_server/CMakeFiles/light_ctl_lc_server_nrf52832_xxAA_s132_7.0.1.dir/__/__/__/mesh/core/src/timeslot.c.obj
 .text.get_end_time.isra.0
                0x0002f190       0x20 examples/light_ctl/ctl_lc_server/CMakeFiles/light_ctl_lc_server_nrf52832_xxAA_s132_7.0.1.dir/__/__/__/mesh/core/src/timeslot.c.obj
 .text.on_ts_begin.constprop.0
                0x0002f1b0       0x48 examples/light_ctl/ctl_lc_server/CMakeFiles/light_ctl_lc_server_nrf52832_xxAA_s132_7.0.1.dir/__/__/__/mesh/core/src/timeslot.c.obj
 .text.handle_extend_end.constprop.0
                0x0002f1f8       0x88 examples/light_ctl/ctl_lc_server/CMakeFiles/light_ctl_lc_server_nrf52832_xxAA_s132_7.0.1.dir/__/__/__/mesh/core/src/timeslot.c.obj
 .text.radio_signal_callback
                0x0002f280      0x12c examples/light_ctl/ctl_lc_server/CMakeFiles/light_ctl_lc_server_nrf52832_xxAA_s132_7.0.1.dir/__/__/__/mesh/core/src/timeslot.c.obj
 .text.timeslot_sd_event_handler
                0x0002f3ac       0x60 examples/light_ctl/ctl_lc_server/CMakeFiles/light_ctl_lc_server_nrf52832_xxAA_s132_7.0.1.dir/__/__/__/mesh/core/src/timeslot.c.obj
                0x0002f3ac                timeslot_sd_event_handler
 .text.timeslot_init
                0x0002f40c       0x50 examples/light_ctl/ctl_lc_server/CMakeFiles/light_ctl_lc_server_nrf52832_xxAA_s132_7.0.1.dir/__/__/__/mesh/core/src/timeslot.c.obj
                0x0002f40c                timeslot_init
 .text.timeslot_start
                0x0002f45c       0x44 examples/light_ctl/ctl_lc_server/CMakeFiles/light_ctl_lc_server_nrf52832_xxAA_s132_7.0.1.dir/__/__/__/mesh/core/src/timeslot.c.obj
                0x0002f45c                timeslot_start
 .text.timeslot_end_is_pending
                0x0002f4a0       0x28 examples/light_ctl/ctl_lc_server/CMakeFiles/light_ctl_lc_server_nrf52832_xxAA_s132_7.0.1.dir/__/__/__/mesh/core/src/timeslot.c.obj
                0x0002f4a0                timeslot_end_is_pending
 .text.timeslot_length_get
                0x0002f4c8        0xc examples/light_ctl/ctl_lc_server/CMakeFiles/light_ctl_lc_server_nrf52832_xxAA_s132_7.0.1.dir/__/__/__/mesh/core/src/timeslot.c.obj
                0x0002f4c8                timeslot_length_get
 .text.timeslot_remaining_time_get
                0x0002f4d4       0x24 examples/light_ctl/ctl_lc_server/CMakeFiles/light_ctl_lc_server_nrf52832_xxAA_s132_7.0.1.dir/__/__/__/mesh/core/src/timeslot.c.obj
                0x0002f4d4                timeslot_remaining_time_get
 .text.timeslot_is_in_ts
                0x0002f4f8        0xc examples/light_ctl/ctl_lc_server/CMakeFiles/light_ctl_lc_server_nrf52832_xxAA_s132_7.0.1.dir/__/__/__/mesh/core/src/timeslot.c.obj
                0x0002f4f8                timeslot_is_in_ts
 .text.timeslot_is_in_cb
                0x0002f504        0xc examples/light_ctl/ctl_lc_server/CMakeFiles/light_ctl_lc_server_nrf52832_xxAA_s132_7.0.1.dir/__/__/__/mesh/core/src/timeslot.c.obj
                0x0002f504                timeslot_is_in_cb
 .text.timeslot_session_is_active
                0x0002f510       0x10 examples/light_ctl/ctl_lc_server/CMakeFiles/light_ctl_lc_server_nrf52832_xxAA_s132_7.0.1.dir/__/__/__/mesh/core/src/timeslot.c.obj
                0x0002f510                timeslot_session_is_active
 .text.timeslot_trigger
                0x0002f520       0x24 examples/light_ctl/ctl_lc_server/CMakeFiles/light_ctl_lc_server_nrf52832_xxAA_s132_7.0.1.dir/__/__/__/mesh/core/src/timeslot.c.obj
                0x0002f520                timeslot_trigger
 .text.timeslot_stop
                0x0002f544       0x1c examples/light_ctl/ctl_lc_server/CMakeFiles/light_ctl_lc_server_nrf52832_xxAA_s132_7.0.1.dir/__/__/__/mesh/core/src/timeslot.c.obj
                0x0002f544                timeslot_stop
 .text.timeslot_restart
                0x0002f560       0x20 examples/light_ctl/ctl_lc_server/CMakeFiles/light_ctl_lc_server_nrf52832_xxAA_s132_7.0.1.dir/__/__/__/mesh/core/src/timeslot.c.obj
                0x0002f560                timeslot_restart
 .text.timeslot_state_lock
                0x0002f580       0x24 examples/light_ctl/ctl_lc_server/CMakeFiles/light_ctl_lc_server_nrf52832_xxAA_s132_7.0.1.dir/__/__/__/mesh/core/src/timeslot.c.obj
                0x0002f580                timeslot_state_lock
 .text.timer_mut_unlock
                0x0002f5a4       0x10 examples/light_ctl/ctl_lc_server/CMakeFiles/light_ctl_lc_server_nrf52832_xxAA_s132_7.0.1.dir/__/__/__/mesh/core/src/timeslot_timer.c.obj
 .text.ts_timer_order_cb