Component: ARM Compiler 5.06 update 1 (build 61) Tool: armlink [4d35a8]

==============================================================================

Section Cross References

    main.o(.text) refers to log.o(.text) for log_printf
    main.o(.text) refers to assertion_handler_weak.o(.text) for mesh_assertion_handler
    main.o(.text) refers to rt_memcpy_w.o(.text) for __aeabi_memcpy4
    main.o(.text) refers to rt_memclr_w.o(.text) for __aeabi_memclr4
    main.o(.text) refers to simple_hal.o(.text) for hal_led_pin_set
    main.o(.text) refers to provisioner_helper.o(.text) for prov_helper_provision_next_device
    main.o(.text) refers to hal.o(.text) for hal_device_reset
    main.o(.text) refers to node_setup.o(.text) for node_setup_config_client_event_process
    main.o(.text) refers to log.o(.data) for g_log_dbg_msk
    main.o(.text) refers to main.o(.bss) for .bss
    main.o(.text) refers to main.o(.data) for .data
    main.o(.text) refers to access.o(.text) for access_model_application_bind
    main.o(.text) refers to app_error_handler_keil.o(.emb_text) for app_error_handler
    main.o(.text) refers to config_server.o(.text) for config_server_bind
    main.o(.text) refers to mesh_stack.o(.text) for mesh_stack_is_device_provisioned
    main.o(.text) refers to mesh_config.o(.text) for mesh_config_entry_delete
    main.o(.text) refers to config_client.o(.text) for config_client_init
    main.o(.text) refers to health_client.o(.text) for health_client_init
    main.o(.text) refers to nrf_mesh.o(.text) for nrf_mesh_evt_handler_add
    main.o(.text) refers to log.o(.data) for g_log_hex_digits
    main.o(.text) refers to main.o(.conststring) for .conststring
    main.o(.text) refers to main.o(.constdata) for .constdata
    main.o(.text) refers to app_timer_mesh.o(.text) for app_timer_init
    main.o(.text) refers to ble_softdevice_support.o(.text) for ble_stack_init
    main.o(.text) refers to rtt_input.o(.text) for rtt_input_enable
    main.o(.constdata) refers to main.o(.text) for app_config_server_event_cb
    main.o(.constdata) refers to main.o(.bss) for m_dev_handles
    main.o(.data) refers to main.o(.text) for app_mesh_core_event_cb
    main.o(mesh_config_entries) refers to main.o(.constdata) for <Data1>
    main.o(mesh_config_entries) refers to main.o(.text) for provisioner_setter
    main.o(mesh_config_entries) refers to main.o(.data) for m_provisioner_state
    main.o(mesh_config_files) refers to main.o(.bss) for m_provisioner_file_backend_data
    mesh_stack.o(.text) refers to device_state_manager.o(.text) for nrf_mesh_is_device_provisioned
    mesh_stack.o(.text) refers to mesh_opt.o(.text) for mesh_opt_clear
    mesh_stack.o(.text) refers to access.o(.text) for access_clear
    mesh_stack.o(.text) refers to net_state.o(.text) for net_state_reset
    mesh_stack.o(.text) refers to nrf_mesh.o(.text) for nrf_mesh_init
    mesh_stack.o(.text) refers to config_server.o(.text) for config_server_init
    mesh_stack.o(.text) refers to health_server.o(.text) for health_server_init
    mesh_stack.o(.text) refers to mesh_config.o(.text) for mesh_config_load
    mesh_stack.o(.text) refers to assertion_handler_weak.o(.text) for mesh_assertion_handler
    mesh_stack.o(.text) refers to log.o(.text) for log_printf
    mesh_stack.o(.text) refers to flash_manager.o(.text) for flash_manager_is_stable
    mesh_stack.o(.text) refers to hal.o(.text) for hal_device_reset
    mesh_stack.o(.text) refers to mesh_config_flashman_glue.o(.text) for mesh_config_backend_flash_usage_get
    mesh_stack.o(.text) refers to mesh_stack.o(.bss) for .bss
    mesh_stack.o(.text) refers to log.o(.data) for g_log_dbg_msk
    mesh_stack.o(.text) refers to mesh_stack.o(.data) for .data
    mesh_stack.o(.data) refers to mesh_stack.o(.text) for mesh_evt_handler
    provisioner_helper.o(.text) refers to strcmpv7m.o(.text) for strcmp
    provisioner_helper.o(.text) refers to log.o(.text) for log_printf
    provisioner_helper.o(.text) refers to nrf_mesh_prov.o(.text) for nrf_mesh_prov_scan_start
    provisioner_helper.o(.text) refers to app_error_handler_keil.o(.emb_text) for app_error_handler
    provisioner_helper.o(.text) refers to node_setup.o(.text) for node_setup_uri_get
    provisioner_helper.o(.text) refers to provisioner_helper.o(.bss) for .bss
    provisioner_helper.o(.text) refers to log.o(.data) for g_log_dbg_msk
    provisioner_helper.o(.text) refers to provisioner_helper.o(.data) for .data
    provisioner_helper.o(.text) refers to log.o(.data) for g_log_hex_digits
    provisioner_helper.o(.text) refers to provisioner_helper.o(.conststring) for .conststring
    provisioner_helper.o(.text) refers to device_state_manager.o(.text) for dsm_address_publish_add
    provisioner_helper.o(.text) refers to config_client.o(.text) for config_client_server_bind
    provisioner_helper.o(.text) refers to assertion_handler_weak.o(.text) for mesh_assertion_handler
    provisioner_helper.o(.text) refers to rt_memcpy_w.o(.text) for __aeabi_memcpy4
[...]
    health_client_fault_test                 0x00037eb3   Thumb Code    70  health_client.o(.text)
    health_client_period_get                 0x00037ef9   Thumb Code    20  health_client.o(.text)
    health_client_period_set                 0x00037f0d   Thumb Code    66  health_client.o(.text)
    health_client_attention_get              0x00037f4f   Thumb Code    20  health_client.o(.text)
    health_client_attention_set              0x00037f63   Thumb Code    66  health_client.o(.text)
    health_client_init                       0x00037fa5   Thumb Code    62  health_client.o(.text)
    health_client_pending_msg_cancel         0x00037fe3   Thumb Code     6  health_client.o(.text)
    access_publish_init                      0x0003820b   Thumb Code    28  access_publish.o(.text)
    access_publish_clear                     0x00038227   Thumb Code    20  access_publish.o(.text)
    access_publish_period_set                0x0003823b   Thumb Code    98  access_publish.o(.text)
    access_publish_period_get                0x0003829d   Thumb Code    32  access_publish.o(.text)
    access_publish_retransmission_init       0x000384a9   Thumb Code    26  access_publish_retransmission.o(.text)
    access_publish_retransmission_message_add 0x000384c3   Thumb Code   174  access_publish_retransmission.o(.text)
    access_incoming_handle                   0x00038655   Thumb Code   346  access.o(.text)
    access_model_publish_period_get          0x00038c3f   Thumb Code    62  access.o(.text)
    access_load_config_apply                 0x0003904d   Thumb Code   172  access.o(.text)
    access_packet_tx                         0x000390f9   Thumb Code    54  access.o(.text)
    access_clear                             0x0003912f   Thumb Code    34  access.o(.text)
    access_init                              0x00039151   Thumb Code    42  access.o(.text)
    access_model_add                         0x0003917b   Thumb Code   406  access.o(.text)
    access_model_publish                     0x00039311   Thumb Code    82  access.o(.text)
    access_model_reply                       0x00039363   Thumb Code    28  access.o(.text)
    access_model_element_index_get           0x0003937f   Thumb Code    40  access.o(.text)
    access_model_publish_address_set         0x000393a7   Thumb Code    52  access.o(.text)
    access_model_publish_address_get         0x000393db   Thumb Code    40  access.o(.text)
    access_model_publish_retransmit_set      0x00039403   Thumb Code    62  access.o(.text)
    access_model_publish_retransmit_get      0x00039441   Thumb Code    40  access.o(.text)
    access_model_publish_period_divisor_set  0x00039469   Thumb Code    52  access.o(.text)
    access_model_publish_period_set          0x0003949d   Thumb Code    92  access.o(.text)
    access_model_subscription_list_alloc     0x000394f9   Thumb Code   104  access.o(.text)
    access_model_subscription_list_dealloc   0x00039561   Thumb Code   134  access.o(.text)
    access_model_subscription_lists_share    0x000395e7   Thumb Code   100  access.o(.text)
    access_model_subscription_add            0x0003964b   Thumb Code    88  access.o(.text)
    access_model_subscription_remove         0x000396a3   Thumb Code    88  access.o(.text)
    access_model_subscriptions_get           0x000396fb   Thumb Code   106  access.o(.text)
    access_model_application_bind            0x00039765   Thumb Code    66  access.o(.text)
    access_model_application_unbind          0x000397a7   Thumb Code    66  access.o(.text)
    access_model_applications_get            0x000397e9   Thumb Code    88  access.o(.text)
    access_model_publish_application_set     0x00039841   Thumb Code    52  access.o(.text)
    access_model_publish_application_get     0x00039875   Thumb Code    40  access.o(.text)
    access_default_ttl_set                   0x0003989d   Thumb Code    20  access.o(.text)
    access_default_ttl_get                   0x000398b1   Thumb Code     6  access.o(.text)
    access_model_publish_friendship_credential_flag_set 0x000398b7   Thumb Code    44  access.o(.text)
    access_model_publish_friendship_credential_flag_get 0x000398e3   Thumb Code    40  access.o(.text)
    access_model_publish_ttl_set             0x0003990b   Thumb Code    56  access.o(.text)
    access_model_publish_ttl_get             0x00039943   Thumb Code    40  access.o(.text)
    access_element_location_set              0x0003996b   Thumb Code    38  access.o(.text)
    access_element_location_get              0x00039991   Thumb Code    24  access.o(.text)
    access_element_sig_model_count_get       0x000399a9   Thumb Code    24  access.o(.text)
    access_element_vendor_model_count_get    0x000399c1   Thumb Code    24  access.o(.text)
    access_model_id_get                      0x000399d9   Thumb Code    46  access.o(.text)
    access_handle_get                        0x00039a07   Thumb Code    74  access.o(.text)
    access_element_models_get                0x00039a51   Thumb Code    78  access.o(.text)
    access_model_p_args_get                  0x00039a9f   Thumb Code    40  access.o(.text)
    access_model_publication_stop            0x00039ac7   Thumb Code    82  access.o(.text)
    access_model_publication_by_appkey_stop  0x00039b19   Thumb Code    50  access.o(.text)
    access_reliable_message_rx_cb            0x00039fab   Thumb Code   102  access_reliable.o(.text)
    access_reliable_model_is_free            0x0003a011   Thumb Code    44  access_reliable.o(.text)
    access_reliable_init                     0x0003a03d   Thumb Code    18  access_reliable.o(.text)
    access_reliable_cancel_all               0x0003a04f   Thumb Code   178  access_reliable.o(.text)
    access_model_reliable_cancel             0x0003a101   Thumb Code    92  access_reliable.o(.text)
    access_model_reliable_publish            0x0003a15d   Thumb Code    90  access_reliable.o(.text)
    dsm_subnet_update_commit                 0x0003a51f   Thumb Code   194  device_state_manager.o(.text)
    dsm_subnet_update_swap_keys              0x0003a5e1   Thumb Code    74  device_state_manager.o(.text)
    dsm_legacy_pretreatment_do               0x0003aa43   Thumb Code    58  device_state_manager.o(.text)
    dsm_load_config_apply                    0x0003af09   Thumb Code    56  device_state_manager.o(.text)
    dsm_clear                                0x0003af41   Thumb Code   134  device_state_manager.o(.text)
    dsm_init                                 0x0003afc7   Thumb Code    28  device_state_manager.o(.text)
    dsm_local_unicast_addresses_set          0x0003afe3   Thumb Code   106  device_state_manager.o(.text)
    dsm_local_unicast_addresses_get          0x0003b04d   Thumb Code    24  device_state_manager.o(.text)
    dsm_address_publish_add                  0x0003b065   Thumb Code     4  device_state_manager.o(.text)
    dsm_address_publish_add_handle           0x0003b069   Thumb Code    62  device_state_manager.o(.text)
    dsm_address_publish_virtual_add          0x0003b0a7   Thumb Code     4  device_state_manager.o(.text)
    dsm_address_publish_remove               0x0003b0ab   Thumb Code    72  device_state_manager.o(.text)
    dsm_address_subscription_add             0x0003b0f3   Thumb Code     6  device_state_manager.o(.text)
    dsm_address_subscription_virtual_add     0x0003b0f9   Thumb Code     4  device_state_manager.o(.text)
    dsm_address_subscription_add_handle      0x0003b0fd   Thumb Code    62  device_state_manager.o(.text)
    dsm_address_subscription_get             0x0003b13b   Thumb Code    54  device_state_manager.o(.text)
    nrf_mesh_rx_address_get                  0x0003b171   Thumb Code   102  device_state_manager.o(.text)
    nrf_mesh_is_address_rx                   0x0003b1d7   Thumb Code    68  device_state_manager.o(.text)
    dsm_address_is_rx                        0x0003b21b   Thumb Code     2  device_state_manager.o(.text)
    dsm_address_get                          0x0003b21d   Thumb Code    92  device_state_manager.o(.text)
    dsm_address_subscription_count_get       0x0003b279   Thumb Code    86  device_state_manager.o(.text)
    dsm_address_subscription_remove          0x0003b2cf   Thumb Code   106  device_state_manager.o(.text)
    dsm_address_get_all                      0x0003b339   Thumb Code    90  device_state_manager.o(.text)
    dsm_address_handle_get                   0x0003b393   Thumb Code   134  device_state_manager.o(.text)
    dsm_net_key_index_to_subnet_handle       0x0003b419   Thumb Code    22  device_state_manager.o(.text)
    dsm_subnet_handle_get                    0x0003b42f   Thumb Code    12  device_state_manager.o(.text)
    dsm_subnet_handle_to_netkey_index        0x0003b43b   Thumb Code    40  device_state_manager.o(.text)
    dsm_appkey_index_to_appkey_handle        0x0003b463   Thumb Code    22  device_state_manager.o(.text)
    dsm_appkey_handle_get                    0x0003b479   Thumb Code    12  device_state_manager.o(.text)
    dsm_appkey_handle_to_appkey_index        0x0003b485   Thumb Code    42  device_state_manager.o(.text)
    dsm_appkey_handle_to_subnet_handle       0x0003b4af   Thumb Code   112  device_state_manager.o(.text)
    dsm_subnet_add                           0x0003b51f   Thumb Code   216  device_state_manager.o(.text)
    dsm_subnet_kr_phase_get                  0x0003b5f7   Thumb Code    34  device_state_manager.o(.text)
    dsm_subnet_update                        0x0003b619   Thumb Code   150  device_state_manager.o(.text)
    dsm_appkey_delete                        0x0003b6af   Thumb Code    40  device_state_manager.o(.text)
    dsm_subnet_delete                        0x0003b6d7   Thumb Code   238  device_state_manager.o(.text)
    dsm_subnet_get_all                       0x0003b7c5   Thumb Code    80  device_state_manager.o(.text)
    dsm_subnet_key_get                       0x0003b815   Thumb Code    68  device_state_manager.o(.text)
    dsm_devkey_add                           0x0003b859   Thumb Code   212  device_state_manager.o(.text)
    dsm_devkey_delete                        0x0003b92d   Thumb Code    62  device_state_manager.o(.text)
    dsm_devkey_handle_get                    0x0003b96b   Thumb Code    48  device_state_manager.o(.text)
    dsm_appkey_add                           0x0003b99b   Thumb Code   226  device_state_manager.o(.text)
    dsm_appkey_update                        0x0003ba7d   Thumb Code   130  device_state_manager.o(.text)
    dsm_appkey_get_all                       0x0003baff   Thumb Code   174  device_state_manager.o(.text)
    dsm_tx_secmat_get                        0x0003bbad   Thumb Code    58  device_state_manager.o(.text)
    dsm_beacon_info_get                      0x0003bbe7   Thumb Code    38  device_state_manager.o(.text)
    dsm_net_secmat_from_keyindex_get         0x0003bc0d   Thumb Code    42  device_state_manager.o(.text)
    nrf_mesh_net_secmat_next_get             0x0003bc37   Thumb Code   108  device_state_manager.o(.text)
    nrf_mesh_app_secmat_next_get             0x0003bca3   Thumb Code   124  device_state_manager.o(.text)
    nrf_mesh_devkey_secmat_get               0x0003bd1f   Thumb Code    66  device_state_manager.o(.text)
    nrf_mesh_primary_net_secmat_get          0x0003bd61   Thumb Code    68  device_state_manager.o(.text)
    nrf_mesh_beacon_info_next_get            0x0003bda5   Thumb Code   186  device_state_manager.o(.text)
    nrf_mesh_unicast_address_get             0x0003be5f   Thumb Code    30  device_state_manager.o(.text)
    nrf_mesh_key_refresh_phase_get           0x0003be7d   Thumb Code    52  device_state_manager.o(.text)
    nrf_mesh_net_secmat_from_index_get       0x0003beb1   Thumb Code    22  device_state_manager.o(.text)
    nrf_mesh_is_device_provisioned           0x0003bec7   Thumb Code    20  device_state_manager.o(.text)
    RTC1_IRQHandler                          0x0003c39b   Thumb Code    72  app_timer_mesh.o(.text)
    SWI0_EGU0_IRQHandler                     0x0003c3e3   Thumb Code     4  app_timer_mesh.o(.text)
    app_timer_init                           0x0003c3e7   Thumb Code   150  app_timer_mesh.o(.text)
    app_timer_create                         0x0003c47d   Thumb Code    32  app_timer_mesh.o(.text)
    app_timer_start                          0x0003c49d   Thumb Code   130  app_timer_mesh.o(.text)
    app_timer_stop                           0x0003c51f   Thumb Code    24  app_timer_mesh.o(.text)
    app_timer_stop_all                       0x0003c537   Thumb Code    16  app_timer_mesh.o(.text)
    app_timer_cnt_get                        0x0003c547   Thumb Code     8  app_timer_mesh.o(.text)
    app_timer_cnt_diff_compute               0x0003c54f   Thumb Code     8  app_timer_mesh.o(.text)
    app_timer_pause                          0x0003c557   Thumb Code     8  app_timer_mesh.o(.text)
    app_timer_resume                         0x0003c55f   Thumb Code     8  app_timer_mesh.o(.text)
    is_app_timer_init                        0x0003c567   Thumb Code     6  app_timer_mesh.o(.text)
    app_timer_workaround_apply               0x0003c7bf   Thumb Code    52  app_timer_workaround.o(.text)
    prov_provisioner_provision               0x0003cb73   Thumb Code    68  prov_provisioner.o(.text)
    prov_provisioner_oob_use                 0x0003cbb7   Thumb Code   158  prov_provisioner.o(.text)
    prov_provisioner_auth_data               0x0003cc55   Thumb Code    20  prov_provisioner.o(.text)
    prov_provisioner_shared_secret           0x0003cc69   Thumb Code    40  prov_provisioner.o(.text)
    prov_provisioner_oob_pubkey              0x0003cc91   Thumb Code    76  prov_provisioner.o(.text)
    nrf_mesh_prov_init                       0x0003ce4b   Thumb Code    62  nrf_mesh_prov.o(.text)
    nrf_mesh_prov_bearer_add                 0x0003ce99   Thumb Code    36  nrf_mesh_prov.o(.text)
    nrf_mesh_prov_generate_keys              0x0003cebd   Thumb Code     4  nrf_mesh_prov.o(.text)
    nrf_mesh_prov_listen_stop                0x0003cec1   Thumb Code    48  nrf_mesh_prov.o(.text)
    nrf_mesh_prov_listen                     0x0003cef1   Thumb Code   158  nrf_mesh_prov.o(.text)
    nrf_mesh_prov_provision                  0x0003cf8f   Thumb Code    80  nrf_mesh_prov.o(.text)
    nrf_mesh_prov_oob_use                    0x0003cfdf   Thumb Code    20  nrf_mesh_prov.o(.text)
    nrf_mesh_prov_auth_data_provide          0x0003cff3   Thumb Code   256  nrf_mesh_prov.o(.text)
    nrf_mesh_prov_shared_secret_provide      0x0003d0f3   Thumb Code    14  nrf_mesh_prov.o(.text)
    nrf_mesh_prov_pubkey_provide             0x0003d101   Thumb Code    16  nrf_mesh_prov.o(.text)
    nrf_mesh_prov_scan_start                 0x0003d111   Thumb Code    16  nrf_mesh_prov.o(.text)
    nrf_mesh_prov_scan_stop                  0x0003d121   Thumb Code     4  nrf_mesh_prov.o(.text)
    prov_packet_length_valid                 0x0003d189   Thumb Code    24  provisioning.o(.text)
    prov_tx_invite                           0x0003d1a1   Thumb Code    24  provisioning.o(.text)
    prov_tx_capabilities                     0x0003d1b9   Thumb Code    28  provisioning.o(.text)
    prov_tx_start                            0x0003d1d5   Thumb Code    14  provisioning.o(.text)
    prov_tx_public_key                       0x0003d1e3   Thumb Code    36  provisioning.o(.text)
    prov_tx_input_complete                   0x0003d207   Thumb Code    18  provisioning.o(.text)
    prov_tx_confirmation                     0x0003d219   Thumb Code    36  provisioning.o(.text)
    prov_tx_random                           0x0003d23d   Thumb Code    34  provisioning.o(.text)
    prov_tx_complete                         0x0003d25f   Thumb Code    18  provisioning.o(.text)
    prov_tx_failed                           0x0003d271   Thumb Code    22  provisioning.o(.text)
    prov_tx_data                             0x0003d287   Thumb Code     4  provisioning.o(.text)
    prov_tx                                  0x0003d28b   Thumb Code     2  provisioning.o(.text)
    prov_beacon_unprov_build                 0x0003d291   Thumb Code    80  prov_beacon.o(.text)
    prov_beacon_unprov_packet_in             0x0003d2e1   Thumb Code   112  prov_beacon.o(.text)
    prov_beacon_scan_start                   0x0003d351   Thumb Code    18  prov_beacon.o(.text)
    prov_beacon_scan_stop                    0x0003d363   Thumb Code     8  prov_beacon.o(.text)
    mesh_opt_prov_ecdh_offloading_set        0x0003d38b   Thumb Code    14  prov_utils.o(.text)
    prov_utils_opt_set                       0x0003d399   Thumb Code    16  prov_utils.o(.text)
    mesh_opt_prov_ecdh_offloading_get        0x0003d3a9   Thumb Code    10  prov_utils.o(.text)
    prov_utils_opt_get                       0x0003d3b3   Thumb Code    16  prov_utils.o(.text)
    prov_utils_use_ecdh_offloading           0x0003d3c3   Thumb Code    22  prov_utils.o(.text)
    prov_utils_authentication_values_derive  0x0003d3d9   Thumb Code    84  prov_utils.o(.text)
    prov_utils_keys_generate                 0x0003d42d   Thumb Code    32  prov_utils.o(.text)
    prov_utils_derive_keys                   0x0003d44d   Thumb Code   160  prov_utils.o(.text)
    prov_utils_is_valid_public_key           0x0003d4ed   Thumb Code    24  prov_utils.o(.text)
    prov_utils_calculate_shared_secret       0x0003d505   Thumb Code    48  prov_utils.o(.text)
    prov_utils_generate_oob_data             0x0003d535   Thumb Code   124  prov_utils.o(.text)
    prov_utils_confirmation_check            0x0003d5b1   Thumb Code    90  prov_utils.o(.text)
    prov_utils_auth_data_is_alphanumeric     0x0003d60b   Thumb Code    38  prov_utils.o(.text)
    prov_utils_auth_data_is_valid_number     0x0003d631   Thumb Code    38  prov_utils.o(.text)
    prov_utils_is_valid_pdu                  0x0003d657   Thumb Code    44  prov_utils.o(.text)
    calculate_3GPP_CRC                       0x0003d77d   Thumb Code    28  prov_bearer_adv.o(.text)
    nrf_mesh_prov_bearer_adv_interface_get   0x0003e509   Thumb Code   204  prov_bearer_adv.o(.text)
    SystemCoreClockUpdate                    0x0003e73d   Thumb Code     8  system_nrf52840.o(.text)
    SystemInit                               0x0003e745   Thumb Code   424  system_nrf52840.o(.text)
    Reset_Handler                            0x0003e929   Thumb Code     8  arm_startup_nrf52840.o(.text)
    NMI_Handler                              0x0003e931   Thumb Code     2  arm_startup_nrf52840.o(.text)
    HardFault_Handler                        0x0003e933   Thumb Code     2  arm_startup_nrf52840.o(.text)
    MemoryManagement_Handler                 0x0003e935   Thumb Code     2  arm_startup_nrf52840.o(.text)
    BusFault_Handler                         0x0003e937   Thumb Code     2  arm_startup_nrf52840.o(.text)
    UsageFault_Handler                       0x0003e939   Thumb Code     2  arm_startup_nrf52840.o(.text)
    SVC_Handler                              0x0003e93b   Thumb Code     2  arm_startup_nrf52840.o(.text)
    DebugMon_Handler                         0x0003e93d   Thumb Code     2  arm_startup_nrf52840.o(.text)
    PendSV_Handler                           0x0003e93f   Thumb Code     2  arm_startup_nrf52840.o(.text)
    SysTick_Handler                          0x0003e941   Thumb Code     2  arm_startup_nrf52840.o(.text)
    CCM_AAR_IRQHandler                       0x0003e943   Thumb Code     0  arm_startup_nrf52840.o(.text)
    COMP_LPCOMP_IRQHandler                   0x0003e943   Thumb Code     0  arm_startup_nrf52840.o(.text)
    CRYPTOCELL_IRQHandler                    0x0003e943   Thumb Code     0  arm_startup_nrf52840.o(.text)
    ECB_IRQHandler                           0x0003e943   Thumb Code     0  arm_startup_nrf52840.o(.text)
    FPU_IRQHandler                           0x0003e943   Thumb Code     0  arm_startup_nrf52840.o(.text)
    I2S_IRQHandler                           0x0003e943   Thumb Code     0  arm_startup_nrf52840.o(.text)
    MWU_IRQHandler                           0x0003e943   Thumb Code     0  arm_startup_nrf52840.o(.text)
    NFCT_IRQHandler                          0x0003e943   Thumb Code     0  arm_startup_nrf52840.o(.text)
    PDM_IRQHandler                           0x0003e943   Thumb Code     0  arm_startup_nrf52840.o(.text)
    POWER_CLOCK_IRQHandler                   0x0003e943   Thumb Code     0  arm_startup_nrf52840.o(.text)
    PWM0_IRQHandler                          0x0003e943   Thumb Code     0  arm_startup_nrf52840.o(.text)
    PWM1_IRQHandler                          0x0003e943   Thumb Code     0  arm_startup_nrf52840.o(.text)
    PWM2_IRQHandler                          0x0003e943   Thumb Code     0  arm_startup_nrf52840.o(.text)
    PWM3_IRQHandler                          0x0003e943   Thumb Code     0  arm_startup_nrf52840.o(.text)
    QSPI_IRQHandler                          0x0003e943   Thumb Code     0  arm_startup_nrf52840.o(.text)
    RADIO_IRQHandler                         0x0003e943   Thumb Code     0  arm_startup_nrf52840.o(.text)
    RNG_IRQHandler                           0x0003e943   Thumb Code     0  arm_startup_nrf52840.o(.text)
    RTC0_IRQHandler                          0x0003e943   Thumb Code     0  arm_startup_nrf52840.o(.text)
    RTC2_IRQHandler                          0x0003e943   Thumb Code     0  arm_startup_nrf52840.o(.text)
    SAADC_IRQHandler                         0x0003e943   Thumb Code     0  arm_startup_nrf52840.o(.text)
    SPIM0_SPIS0_TWIM0_TWIS0_SPI0_TWI0_IRQHandler 0x0003e943   Thumb Code     0  arm_startup_nrf52840.o(.text)
    SPIM1_SPIS1_TWIM1_TWIS1_SPI1_TWI1_IRQHandler 0x0003e943   Thumb Code     0  arm_startup_nrf52840.o(.text)
    SPIM2_SPIS2_SPI2_IRQHandler              0x0003e943   Thumb Code     0  arm_startup_nrf52840.o(.text)
    SPIM3_IRQHandler                         0x0003e943   Thumb Code     0  arm_startup_nrf52840.o(.text)
    SWI1_EGU1_IRQHandler                     0x0003e943   Thumb Code     0  arm_startup_nrf52840.o(.text)
    SWI3_EGU3_IRQHandler                     0x0003e943   Thumb Code     0  arm_startup_nrf52840.o(.text)
    SWI4_EGU4_IRQHandler                     0x0003e943   Thumb Code     0  arm_startup_nrf52840.o(.text)
    SWI5_EGU5_IRQHandler                     0x0003e943   Thumb Code     0  arm_startup_nrf52840.o(.text)
    TEMP_IRQHandler                          0x0003e943   Thumb Code     0  arm_startup_nrf52840.o(.text)
    TIMER0_IRQHandler                        0x0003e943   Thumb Code     0  arm_startup_nrf52840.o(.text)
    TIMER1_IRQHandler                        0x0003e943   Thumb Code     0  arm_startup_nrf52840.o(.text)
    TIMER3_IRQHandler                        0x0003e943   Thumb Code     0  arm_startup_nrf52840.o(.text)
    TIMER4_IRQHandler                        0x0003e943   Thumb Code     0  arm_startup_nrf52840.o(.text)
    UARTE0_UART0_IRQHandler                  0x0003e943   Thumb Code     0  arm_startup_nrf52840.o(.text)
    UARTE1_IRQHandler                        0x0003e943   Thumb Code     0  arm_startup_nrf52840.o(.text)
    USBD_IRQHandler                          0x0003e943   Thumb Code     0  arm_startup_nrf52840.o(.text)
    WDT_IRQHandler                           0x0003e943   Thumb Code     0  arm_startup_nrf52840.o(.text)
    __user_initial_stackheap                 0x0003e945   Thumb Code    10  arm_startup_nrf52840.o(.text)
    app_error_handler_bare                   0x0003e969   Thumb Code    22  app_error.o(.text)
    app_error_save_and_stop                  0x0003e97f   Thumb Code    94  app_error.o(.text)
    SEGGER_RTT_ReadNoLock                    0x0003eac9   Thumb Code   114  SEGGER_RTT.o(.text)
    SEGGER_RTT_Read                          0x0003eb3b   Thumb Code    24  SEGGER_RTT.o(.text)
    SEGGER_RTT_WriteWithOverwriteNoLock      0x0003eb53   Thumb Code   142  SEGGER_RTT.o(.text)
    SEGGER_RTT_WriteSkipNoLock               0x0003ebe1   Thumb Code   108  SEGGER_RTT.o(.text)
    SEGGER_RTT_WriteNoLock                   0x0003ec4d   Thumb Code    86  SEGGER_RTT.o(.text)
    SEGGER_RTT_Write                         0x0003eca3   Thumb Code    48  SEGGER_RTT.o(.text)
    SEGGER_RTT_WriteString                   0x0003ecd3   Thumb Code    24  SEGGER_RTT.o(.text)
    SEGGER_RTT_PutCharSkipNoLock             0x0003eceb   Thumb Code    48  SEGGER_RTT.o(.text)
    SEGGER_RTT_PutCharSkip                   0x0003ed1b   Thumb Code    76  SEGGER_RTT.o(.text)
    SEGGER_RTT_PutChar                       0x0003ed67   Thumb Code   118  SEGGER_RTT.o(.text)
    SEGGER_RTT_GetKey                        0x0003eddd   Thumb Code    28  SEGGER_RTT.o(.text)
    SEGGER_RTT_WaitKey                       0x0003edf9   Thumb Code    12  SEGGER_RTT.o(.text)
    SEGGER_RTT_HasKey                        0x0003ee05   Thumb Code    28  SEGGER_RTT.o(.text)
    SEGGER_RTT_HasData                       0x0003ee21   Thumb Code    18  SEGGER_RTT.o(.text)
    SEGGER_RTT_HasDataUp                     0x0003ee33   Thumb Code    18  SEGGER_RTT.o(.text)
    SEGGER_RTT_AllocDownBuffer               0x0003ee45   Thumb Code    96  SEGGER_RTT.o(.text)
    SEGGER_RTT_AllocUpBuffer                 0x0003eea5   Thumb Code    96  SEGGER_RTT.o(.text)
    SEGGER_RTT_ConfigUpBuffer                0x0003ef05   Thumb Code    46  SEGGER_RTT.o(.text)
    SEGGER_RTT_ConfigDownBuffer              0x0003ef33   Thumb Code    46  SEGGER_RTT.o(.text)
    SEGGER_RTT_SetNameUpBuffer               0x0003ef61   Thumb Code    58  SEGGER_RTT.o(.text)
    SEGGER_RTT_SetNameDownBuffer             0x0003ef9b   Thumb Code    58  SEGGER_RTT.o(.text)
    SEGGER_RTT_SetFlagsUpBuffer              0x0003efd5   Thumb Code    58  SEGGER_RTT.o(.text)
    SEGGER_RTT_SetFlagsDownBuffer            0x0003f00f   Thumb Code    58  SEGGER_RTT.o(.text)
    SEGGER_RTT_Init                          0x0003f049   Thumb Code     2  SEGGER_RTT.o(.text)
    SEGGER_RTT_SetTerminal                   0x0003f04b   Thumb Code   132  SEGGER_RTT.o(.text)
    SEGGER_RTT_TerminalOut                   0x0003f0cf   Thumb Code   170  SEGGER_RTT.o(.text)
    SEGGER_RTT_vprintf                       0x0003f2b7   Thumb Code   382  SEGGER_RTT_printf.o(.text)
    SEGGER_RTT_printf                        0x0003f435   Thumb Code    22  SEGGER_RTT_printf.o(.text)
    uECC_set_rng                             0x0003f521   Thumb Code     6  uECC.o(.text)
    uECC_get_rng                             0x0003f527   Thumb Code     6  uECC.o(.text)
    uECC_curve_private_key_size              0x0003f52d   Thumb Code    16  uECC.o(.text)
    uECC_curve_public_key_size               0x0003f53d   Thumb Code     8  uECC.o(.text)
    uECC_secp256r1                           0x0003fb21   Thumb Code     6  uECC.o(.text)
    uECC_make_key                            0x0004019f   Thumb Code   128  uECC.o(.text)
    uECC_shared_secret                       0x0004021f   Thumb Code   188  uECC.o(.text)
    uECC_valid_point                         0x000402db   Thumb Code    96  uECC.o(.text)
    uECC_valid_public_key                    0x0004033b   Thumb Code    52  uECC.o(.text)
    uECC_compute_public_key                  0x0004036f   Thumb Code   140  uECC.o(.text)
    uECC_sign                                0x00040603   Thumb Code    84  uECC.o(.text)
    uECC_sign_deterministic                  0x000406f9   Thumb Code   368  uECC.o(.text)
    uECC_verify                              0x00040869   Thumb Code   674  uECC.o(.text)
    calloc                                   0x00040cf7   Thumb Code    40  calloc.o(.text)
    malloc                                   0x00040d1f   Thumb Code    94  h1_alloc.o(.text)
    free                                     0x00040d7d   Thumb Code    78  h1_free.o(.text)
    __aeabi_uldivmod                         0x00040dcb   Thumb Code     0  lludivv7m.o(.text)
    _ll_udiv                                 0x00040dcb   Thumb Code   238  lludivv7m.o(.text)
    memcmp                                   0x00040eb9   Thumb Code    88  memcmp.o(.text)
    strcpy                                   0x00040f11   Thumb Code    72  strcpy.o(.text)
    strlen                                   0x00040f59   Thumb Code    62  strlen.o(.text)
    __aeabi_memcpy                           0x00040f97   Thumb Code     0  rt_memcpy_v6.o(.text)
    __rt_memcpy                              0x00040f97   Thumb Code   138  rt_memcpy_v6.o(.text)
    _memcpy_lastbytes                        0x00040ffd   Thumb Code     0  rt_memcpy_v6.o(.text)
    __aeabi_memcpy4                          0x00041021   Thumb Code     0  rt_memcpy_w.o(.text)
    __aeabi_memcpy8                          0x00041021   Thumb Code     0  rt_memcpy_w.o(.text)
    __rt_memcpy_w                            0x00041021   Thumb Code   100  rt_memcpy_w.o(.text)
    _memcpy_lastbytes_aligned                0x00041069   Thumb Code     0  rt_memcpy_w.o(.text)
    __aeabi_memclr                           0x00041085   Thumb Code     0  rt_memclr.o(.text)
    __rt_memclr                              0x00041085   Thumb Code    68  rt_memclr.o(.text)
    _memset                                  0x00041089   Thumb Code     0  rt_memclr.o(.text)
    __aeabi_memclr4                          0x000410c9   Thumb Code     0  rt_memclr_w.o(.text)
    __aeabi_memclr8                          0x000410c9   Thumb Code     0  rt_memclr_w.o(.text)
    __rt_memclr_w                            0x000410c9   Thumb Code    78  rt_memclr_w.o(.text)
    _memset_w                                0x000410cd   Thumb Code     0  rt_memclr_w.o(.text)
    strcmp                                   0x00041119   Thumb Code   128  strcmpv7m.o(.text)
    __use_two_region_memory                  0x00041199   Thumb Code     2  heapauxi.o(.text)
    __rt_heap_escrow                         0x0004119b   Thumb Code     2  heapauxi.o(.text)
    __rt_heap_expand                         0x0004119d   Thumb Code     2  heapauxi.o(.text)
    __rt_heap_descriptor                     0x000411a1   Thumb Code     8  rt_heap_descriptor_intlibspace.o(.text)
    __use_no_heap                            0x000411a9   Thumb Code     2  hguard.o(.text)
    __heap$guard                             0x000411ab   Thumb Code     2  hguard.o(.text)
    _terminate_user_alloc                    0x000411ad   Thumb Code     2  init_alloc.o(.text)
    _init_user_alloc                         0x000411af   Thumb Code     2  init_alloc.o(.text)
    __Heap_Full                              0x000411b1   Thumb Code    34  init_alloc.o(.text)
    __Heap_Broken                            0x000411d3   Thumb Code     6  init_alloc.o(.text)
    _init_alloc                              0x000411d9   Thumb Code    94  init_alloc.o(.text)
    __Heap_Initialize                        0x00041237   Thumb Code    10  h1_init.o(.text)
    __Heap_DescSize                          0x00041241   Thumb Code     4  h1_init.o(.text)
    __user_libspace                          0x00041245   Thumb Code     8  libspace.o(.text)
    __user_perproc_libspace                  0x00041245   Thumb Code     0  libspace.o(.text)
    __user_perthread_libspace                0x00041245   Thumb Code     0  libspace.o(.text)
    __Heap_ProvideMemory                     0x0004124d   Thumb Code    52  h1_extend.o(.text)
    __rt_SIGRTMEM                            0x00041281   Thumb Code    14  defsig_rtmem_outer.o(.text)
    __I$use$semihosting                      0x0004128f   Thumb Code     0  use_no_semi.o(.text)
    __use_no_semihosting_swi                 0x0004128f   Thumb Code     2  use_no_semi.o(.text)
    __semihosting_library_function           0x00041291   Thumb Code     0  indicate_semi.o(.text)
    __user_setup_stackheap                   0x00041291   Thumb Code    74  sys_stackheap_outer.o(.text)
    exit                                     0x000412db   Thumb Code    18  exit.o(.text)
    __sig_exit                               0x000412ed   Thumb Code    10  defsig_exit.o(.text)
    __rt_SIGRTMEM_inner                      0x000412f9   Thumb Code    22  defsig_rtmem_inner.o(.text)
    _sys_exit                                0x00041349   Thumb Code     8  sys_exit.o(.text)
    __default_signal_display                 0x00041355   Thumb Code    50  defsig_general.o(.text)
    _ttywrch                                 0x00041387   Thumb Code    14  sys_wrch.o(.text)
    _fp_init                                 0x00041395   Thumb Code    10  fpinit.o(x$fpl$fpinit)
    __fplib_config_fpu_vfp                   0x0004139d   Thumb Code     0  fpinit.o(x$fpl$fpinit)
    __fplib_config_pureend_doubles           0x0004139d   Thumb Code     0  fpinit.o(x$fpl$fpinit)
    m_ram_start                              0x00041a0c   Data           4  nrf_sdh_ble.o(.constdata)
    INVALID_HEADER                           0x00041ba8   Data           4  flash_manager.o(.constdata)
    PADDING_HEADER                           0x00041bac   Data           4  flash_manager.o(.constdata)
    SEAL_HEADER                              0x00041bb0   Data           4  flash_manager.o(.constdata)
    Region$$Table$$Base                      0x00042c64   Number         0  anon$$obj.o(Region$$Table)
    Region$$Table$$Limit                     0x00042c84   Number         0  anon$$obj.o(Region$$Table)
    ad_listeners$$Base                       0x00042c84   Number         0  nrf_mesh.o(ad_listeners)
    m_mesh_packet_listener                   0x00042c84   Data           8  nrf_mesh.o(ad_listeners)
    m_beacon_listener                        0x00042c8c   Data           8  beacon.o(ad_listeners)
    m_pb_adv_ad_listener                     0x00042c94   Data           8  prov_bearer_adv.o(ad_listeners)
    ad_listeners$$Limit                      0x00042c9c   Number         0  prov_bearer_adv.o(ad_listeners)
    m_provisioner_params                     0x00042c9c   Data          28  main.o(mesh_config_entries)
    mesh_config_entries$$Base                0x00042c9c   Number         0  main.o(mesh_config_entries)
    m_seqnum_block_legacy_params             0x00042cb8   Data          28  net_state.o(mesh_config_entries)
    m_iv_index_legacy_params                 0x00042cd4   Data          28  net_state.o(mesh_config_entries)
    m_seqnum_block_params                    0x00042cf0   Data          28  net_state.o(mesh_config_entries)
    m_iv_index_params                        0x00042d0c   Data          28  net_state.o(mesh_config_entries)
    m_heartbeat_publication_params           0x00042d28   Data          28  heartbeat.o(mesh_config_entries)
    m_net_beacon_enable_params               0x00042d44   Data          28  net_beacon.o(mesh_config_entries)
    m_mesh_opt_core_adv_params               0x00042d60   Data          28  core_tx_adv.o(mesh_config_entries)
    m_mesh_opt_core_tx_power_params          0x00042d7c   Data          28  core_tx_adv.o(mesh_config_entries)
    m_mesh_opt_core_adv_addr_params          0x00042d98   Data          28  core_tx_adv.o(mesh_config_entries)
    m_mesh_opt_health_params                 0x00042db4   Data          28  health_server.o(mesh_config_entries)
    m_access_metadata_params                 0x00042dd0   Data          28  access.o(mesh_config_entries)
    m_subscriptions_params                   0x00042dec   Data          28  access.o(mesh_config_entries)
    m_elements_params                        0x00042e08   Data          28  access.o(mesh_config_entries)
    m_models_params                          0x00042e24   Data          28  access.o(mesh_config_entries)
    m_dsm_metadata_params                    0x00042e40   Data          28  device_state_manager.o(mesh_config_entries)
    m_dsm_unicast_addr_params                0x00042e5c   Data          28  device_state_manager.o(mesh_config_entries)
    m_dsm_nonvirtual_addr_params             0x00042e78   Data          28  device_state_manager.o(mesh_config_entries)
    m_dsm_virtual_addr_params                0x00042e94   Data          28  device_state_manager.o(mesh_config_entries)
    m_dsm_subnet_params                      0x00042eb0   Data          28  device_state_manager.o(mesh_config_entries)
    m_dsm_appkey_params                      0x00042ecc   Data          28  device_state_manager.o(mesh_config_entries)
    m_dsm_devkey_params                      0x00042ee8   Data          28  device_state_manager.o(mesh_config_entries)
    m_dsm_legacy_subnet_params               0x00042f04   Data          28  device_state_manager.o(mesh_config_entries)
    m_dsm_reduced_legacy_appkey_params       0x00042f20   Data          28  device_state_manager.o(mesh_config_entries)
    m_dsm_full_legacy_appkey_params          0x00042f3c   Data          28  device_state_manager.o(mesh_config_entries)
    m_ecdh_offloading_params                 0x00042f58   Data          28  prov_utils.o(mesh_config_entries)
    m_heartbeat_relay_listener               0x00042f74   Data           8  heartbeat.o(mesh_config_entry_listeners)
    mesh_config_entries$$Limit               0x00042f74   Number         0  prov_utils.o(mesh_config_entries)
    mesh_config_entry_listeners$$Base        0x00042f74   Number         0  heartbeat.o(mesh_config_entry_listeners)
    m_provisioner_file                       0x00042f7c   Data           8  main.o(mesh_config_files)
    mesh_config_entry_listeners$$Limit       0x00042f7c   Number         0  heartbeat.o(mesh_config_entry_listeners)
    mesh_config_files$$Base                  0x00042f7c   Number         0  main.o(mesh_config_files)
    m_net_state_file                         0x00042f84   Data           8  net_state.o(mesh_config_files)
    m_mesh_opt_core_file                     0x00042f8c   Data           8  mesh_opt.o(mesh_config_files)
    m_access_file                            0x00042f94   Data           8  access.o(mesh_config_files)
    m_dsm_file                               0x00042f9c   Data           8  device_state_manager.o(mesh_config_files)
    mesh_config_files$$Limit                 0x00042fa4   Number         0  device_state_manager.o(mesh_config_files)
    sdh_soc_observers0$$Base                 0x00042fa4   Number         0  ble_softdevice_support.o(sdh_soc_observers0)
    sdh_soc_observers0$$Limit                0x00042fac   Number         0  ble_softdevice_support.o(sdh_soc_observers0)
    sdh_stack_observers0$$Base               0x00042fac   Number         0  nrf_sdh_soc.o(sdh_stack_observers0)
    sdh_stack_observers0$$Limit              0x00042fbc   Number         0  nrf_sdh_ble.o(sdh_stack_observers0)
    Image$$RW_IRAM1$$Base                    0x20002e00   Number         0  anon$$obj.o ABSOLUTE
    g_log_hex_digits                         0x20002f3c   Data           4  log.o(.data)
    g_log_dbg_msk                            0x20002f40   Data           4  log.o(.data)
    g_log_dbg_lvl                            0x20002f44   Data           4  log.o(.data)
    m_log_callback                           0x20002f48   Data           4  log.o(.data)
    SystemCoreClock                          0x200030a8   Data           4  system_nrf52840.o(.data)
    nrf_nvic_state                           0x20003580   Data          12  app_util_platform.o(.bss)
    m_packet                                 0x20004034   Data          36  core_tx.o(.bss)
    _SEGGER_RTT                              0x20005280   Data          72  SEGGER_RTT.o(.bss)
    __libspace_start                         0x20005b48   Data          96  libspace.o(.bss)
    __temporary_stack_top$libspace           0x20005ba8   Data           0  libspace.o(.bss)



==============================================================================

Memory Map of the image

  Image Entry point : 0x00027201

  Load Region LR_IROM1 (Base: 0x00027000, Size: 0x0001c280, Max: 0x000d0000, ABSOLUTE, COMPRESSED[0x0001c018])

    Execution Region ER_IROM1 (Base: 0x00027000, Size: 0x0001bfbc, Max: 0x000d0000, ABSOLUTE)

    Base Addr    Size         Type   Attr      Idx    E Section Name        Object

    0x00027000   0x00000200   Data   RO         4151    RESET               arm_startup_nrf52840.o
    0x00027200   0x00000008   Code   RO         4356  * !!!main             c_w.l(__main.o)
    0x00027208   0x00000034   Code   RO         4569    !!!scatter          c_w.l(__scatter.o)
    0x0002723c   0x0000003a   Code   RO         4567    !!dczerorl          c_w.l(__dczerorl.o)
    0x00027276   0x00000002   PAD
    0x00027278   0x0000001c   Code   RO         4571    !!handler_zi        c_w.l(__scatter_zi.o)
    0x00027294   0x00000002   Code   RO         4506    .ARM.Collect$$libinit$$00000000  c_w.l(libinit.o)
    0x00027296   0x00000004   Code   RO         4392    .ARM.Collect$$libinit$$00000001  c_w.l(libinit2.o)
    0x0002729a   0x00000000   Code   RO         4395    .ARM.Collect$$libinit$$00000004  c_w.l(libinit2.o)
    0x0002729a   0x00000008   Code   RO         4396    .ARM.Collect$$libinit$$00000005  c_w.l(libinit2.o)
    0x000272a2   0x00000000   Code   RO         4398    .ARM.Collect$$libinit$$0000000A  c_w.l(libinit2.o)
    0x000272a2   0x00000000   Code   RO         4400    .ARM.Collect$$libinit$$0000000C  c_w.l(libinit2.o)
    0x000272a2   0x00000000   Code   RO         4402    .ARM.Collect$$libinit$$0000000E  c_w.l(libinit2.o)
    0x000272a2   0x00000000   Code   RO         4405    .ARM.Collect$$libinit$$00000011  c_w.l(libinit2.o)
    0x000272a2   0x00000000   Code   RO         4407    .ARM.Collect$$libinit$$00000013  c_w.l(libinit2.o)
    0x000272a2   0x00000000   Code   RO         4409    .ARM.Collect$$libinit$$00000015  c_w.l(libinit2.o)
    0x000272a2   0x00000000   Code   RO         4411    .ARM.Collect$$libinit$$00000017  c_w.l(libinit2.o)
    0x000272a2   0x00000000   Code   RO         4413    .ARM.Collect$$libinit$$00000019  c_w.l(libinit2.o)
    0x000272a2   0x00000000   Code   RO         4415    .ARM.Collect$$libinit$$0000001B  c_w.l(libinit2.o)
    0x000272a2   0x00000000   Code   RO         4417    .ARM.Collect$$libinit$$0000001D  c_w.l(libinit2.o)
    0x000272a2   0x00000000   Code   RO         4419    .ARM.Collect$$libinit$$0000001F  c_w.l(libinit2.o)
    0x000272a2   0x00000000   Code   RO         4421    .ARM.Collect$$libinit$$00000021  c_w.l(libinit2.o)
    0x000272a2   0x00000000   Code   RO         4423    .ARM.Collect$$libinit$$00000023  c_w.l(libinit2.o)
    0x000272a2   0x00000000   Code   RO         4425    .ARM.Collect$$libinit$$00000025  c_w.l(libinit2.o)
    0x000272a2   0x00000000   Code   RO         4429    .ARM.Collect$$libinit$$0000002C  c_w.l(libinit2.o)
    0x000272a2   0x00000000   Code   RO         4431    .ARM.Collect$$libinit$$0000002E  c_w.l(libinit2.o)
    0x000272a2   0x00000000   Code   RO         4433    .ARM.Collect$$libinit$$00000030  c_w.l(libinit2.o)
    0x000272a2   0x00000000   Code   RO         4435    .ARM.Collect$$libinit$$00000032  c_w.l(libinit2.o)
    0x000272a2   0x00000002   Code   RO         4436    .ARM.Collect$$libinit$$00000033  c_w.l(libinit2.o)
    0x000272a4   0x00000002   Code   RO         4564    .ARM.Collect$$libshutdown$$00000000  c_w.l(libshutdown.o)
    0x000272a6   0x00000000   Code   RO         4522    .ARM.Collect$$libshutdown$$00000002  c_w.l(libshutdown2.o)
    0x000272a6   0x00000000   Code   RO         4524    .ARM.Collect$$libshutdown$$00000004  c_w.l(libshutdown2.o)
    0x000272a6   0x00000000   Code   RO         4527    .ARM.Collect$$libshutdown$$00000007  c_w.l(libshutdown2.o)
    0x000272a6   0x00000000   Code   RO         4530    .ARM.Collect$$libshutdown$$0000000A  c_w.l(libshutdown2.o)
    0x000272a6   0x00000000   Code   RO         4532    .ARM.Collect$$libshutdown$$0000000C  c_w.l(libshutdown2.o)
    0x000272a6   0x00000000   Code   RO         4535    .ARM.Collect$$libshutdown$$0000000F  c_w.l(libshutdown2.o)
    0x000272a6   0x00000002   Code   RO         4536    .ARM.Collect$$libshutdown$$00000010  c_w.l(libshutdown2.o)
    0x000272a8   0x00000000   Code   RO         4360    .ARM.Collect$$rtentry$$00000000  c_w.l(__rtentry.o)
    0x000272a8   0x00000000   Code   RO         4443    .ARM.Collect$$rtentry$$00000002  c_w.l(__rtentry2.o)
    0x000272a8   0x00000006   Code   RO         4455    .ARM.Collect$$rtentry$$00000004  c_w.l(__rtentry4.o)
    0x000272ae   0x00000000   Code   RO         4445    .ARM.Collect$$rtentry$$00000009  c_w.l(__rtentry2.o)
    0x000272ae   0x00000004   Code   RO         4446    .ARM.Collect$$rtentry$$0000000A  c_w.l(__rtentry2.o)
    0x000272b2   0x00000000   Code   RO         4448    .ARM.Collect$$rtentry$$0000000C  c_w.l(__rtentry2.o)
    0x000272b2   0x00000008   Code   RO         4449    .ARM.Collect$$rtentry$$0000000D  c_w.l(__rtentry2.o)
    0x000272ba   0x00000002   Code   RO         4509    .ARM.Collect$$rtexit$$00000000  c_w.l(rtexit.o)
    0x000272bc   0x00000000   Code   RO         4540    .ARM.Collect$$rtexit$$00000002  c_w.l(rtexit2.o)
    0x000272bc   0x00000004   Code   RO         4541    .ARM.Collect$$rtexit$$00000003  c_w.l(rtexit2.o)
    0x000272c0   0x00000006   Code   RO         4542    .ARM.Collect$$rtexit$$00000004  c_w.l(rtexit2.o)
    0x000272c6   0x00000002   PAD
    0x000272c8   0x0000001a   Code   RO         4185    .emb_text           app_error_handler_keil.o
    0x000272e2   0x00000002   PAD
    0x000272e4   0x00000000   Code   RO         4461    .emb_text           c_w.l(maybetermalloc1.o)
    0x000272e4   0x00000004   Code   RO         2248    .rev16_text         enc.o
    0x000272e8   0x00000004   Code   RO         2381    .rev16_text         nrf_mesh_keygen.o
    0x000272ec   0x00000004   Code   RO         2512    .rev16_text         ccm_soft.o
    0x000272f0   0x00000004   Code   RO         3929    .rev16_text         prov_provisioner.o
    0x000272f4   0x00000004   Code   RO         4023    .rev16_text         prov_beacon.o
    0x000272f8   0x00000004   Code   RO         4087    .rev16_text         prov_bearer_adv.o
    0x000272fc   0x00000dc8   Code   RO            4    .text               main.o
    0x000280c4   0x000001d8   Code   RO          439    .text               mesh_stack.o
    0x0002829c   0x00000c94   Code   RO          485    .text               provisioner_helper.o
    0x00028f30   0x00000ed4   Code   RO          563    .text               node_setup.o
    0x00029e04   0x000000c0   Code   RO          749    .text               rtt_input.o
    0x00029ec4   0x000001e0   Code   RO          794    .text               simple_hal.o
    0x0002a0a4   0x000000f0   Code   RO          929    .text               ble_softdevice_support.o
    0x0002a194   0x000000dc   Code   RO          986    .text               app_util_platform.o
    0x0002a270   0x0000004a   Code   RO         1059    .text               nrf_section_iter.o
    0x0002a2ba   0x00000002   PAD
    0x0002a2bc   0x0000003c   Code   RO         1086    .text               nrf_sdh_soc.o
    0x0002a2f8   0x000000fc   Code   RO         1135    .text               nrf_sdh_ble.o
    0x0002a3f4   0x0000026c   Code   RO         1173    .text               nrf_sdh.o
    0x0002a660   0x00000008   Code   RO         1297    .text               nrf_mesh_weak.o
    0x0002a668   0x000001a8   Code   RO         1361    .text               app_error_weak.o
    0x0002a810   0x00000020   Code   RO         1390    .text               assertion_handler_weak.o
    0x0002a830   0x00000048   Code   RO         1434    .text               nrf_mesh_configure.o
    0x0002a878   0x00000090   Code   RO         1484    .text               msg_cache.o
    0x0002a908   0x00001500   Code   RO         1514    .text               transport.o
    0x0002be08   0x000000a0   Code   RO         1568    .text               event.o
    0x0002bea8   0x0000040e   Code   RO         1594    .text               packet_buffer.o
    0x0002c2b6   0x00000002   PAD
    0x0002c2b8   0x000005e4   Code   RO         1618    .text               flash_manager_defrag.o
    0x0002c89c   0x0000015a   Code   RO         1656    .text               fifo.o
    0x0002c9f6   0x00000002   PAD
    0x0002c9f8   0x000000a4   Code   RO         1684    .text               nrf_flash.o
    0x0002ca9c   0x0000065c   Code   RO         1711    .text               net_state.o
    0x0002d0f8   0x000004a4   Code   RO         1754    .text               mesh_flash.o
    0x0002d59c   0x00000054   Code   RO         1791    .text               nrf_mesh_utils.o
    0x0002d5f0   0x00000334   Code   RO         1816    .text               nrf_mesh.o
    0x0002d924   0x00000152   Code   RO         1878    .text               queue.o
    0x0002da76   0x00000002   PAD
    0x0002da78   0x00000090   Code   RO         1906    .text               hal.o
    0x0002db08   0x0000014e   Code   RO         1938    .text               aes_cmac.o
    0x0002dc56   0x00000002   PAD
    0x0002dc58   0x00000240   Code   RO         1968    .text               timer_scheduler.o
    0x0002de98   0x000001d0   Code   RO         1994    .text               timer.o
    0x0002e068   0x00000094   Code   RO         2047    .text               rand.o
    0x0002e0fc   0x00000008   Code   RO         2098    .text               mesh_opt.o
    0x0002e104   0x000003d4   Code   RO         2126    .text               timeslot.o
    0x0002e4d8   0x000002b0   Code   RO         2179    .text               timeslot_timer.o
    0x0002e788   0x00000448   Code   RO         2210    .text               bearer_event.o
    0x0002ebd0   0x000002a4   Code   RO         2251    .text               enc.o
    0x0002ee74   0x000005a8   Code   RO         2276    .text               network.o
    0x0002f41c   0x000003d0   Code   RO         2324    .text               net_packet.o
    0x0002f7ec   0x00000114   Code   RO         2356    .text               msqueue.o
    0x0002f900   0x00000168   Code   RO         2384    .text               nrf_mesh_keygen.o
    0x0002fa68   0x00000178   Code   RO         2420    .text               list.o
    0x0002fbe0   0x000000b4   Code   RO         2447    .text               log.o
    0x0002fc94   0x00000cd0   Code   RO         2480    .text               flash_manager.o
    0x00030964   0x0000023c   Code   RO         2515    .text               ccm_soft.o
    0x00030ba0   0x0000030c   Code   RO         2557    .text               replay_cache.o
    0x00030eac   0x00000174   Code   RO         2588    .text               beacon.o
    0x00031020   0x0000006c   Code   RO         2619    .text               flash_manager_internal.o
    0x0003108c   0x000001f0   Code   RO         2647    .text               core_tx.o
    0x0003127c   0x0000045e   Code   RO         2675    .text               heartbeat.o
    0x000316da   0x00000002   PAD
    0x000316dc   0x00000494   Code   RO         2721    .text               net_beacon.o
    0x00031b70   0x00000538   Code   RO         2766    .text               mesh_config.o
    0x000320a8   0x00000234   Code   RO         2821    .text               mesh_config_backend.o
    0x000322dc   0x00000354   Code   RO         2850    .text               mesh_config_flashman_glue.o
    0x00032630   0x00000138   Code   RO         2958    .text               core_tx_local.o
    0x00032768   0x00000438   Code   RO         2986    .text               core_tx_adv.o
    0x00032ba0   0x0000000e   Code   RO         3026    .text               mesh_mem_stdlib.o
    0x00032bae   0x00000002   PAD
    0x00032bb0   0x000000a4   Code   RO         3041    .text               ad_listener.o
    0x00032c54   0x000000f4   Code   RO         3075    .text               ad_type_filter.o
    0x00032d48   0x000005c4   Code   RO         3145    .text               advertiser.o
    0x0003330c   0x000004fc   Code   RO         3184    .text               bearer_handler.o
    0x00033808   0x000001c4   Code   RO         3218    .text               broadcast.o
    0x000339cc   0x000000d0   Code   RO         3251    .text               filter_engine.o
    0x00033a9c   0x00000194   Code   RO         3306    .text               radio_config.o
    0x00033c30   0x000005e4   Code   RO         3360    .text               scanner.o
    0x00034214   0x00000244   Code   RO         3394    .text               mesh_pa_lna.o
    0x00034458   0x00000d58   Code   RO         3423    .text               config_client.o
    0x000351b0   0x0000017a   Code   RO         3463    .text               composition_data.o
    0x0003532a   0x00000002   PAD
    0x0003532c   0x0000231c   Code   RO         3487    .text               config_server.o
    0x00037648   0x00000036   Code   RO         3549    .text               packed_index_list.o
    0x0003767e   0x00000002   PAD
    0x00037680   0x00000668   Code   RO         3564    .text               health_server.o
    0x00037ce8   0x00000304   Code   RO         3612    .text               health_client.o
    0x00037fec   0x00000360   Code   RO         3648    .text               access_publish.o
    0x0003834c   0x0000028c   Code   RO         3678    .text               access_publish_retransmission.o
    0x000385d8   0x000016f4   Code   RO         3716    .text               access.o
    0x00039ccc   0x000005e0   Code   RO         3782    .text               access_reliable.o
    0x0003a2ac   0x00001f60   Code   RO         3814    .text               device_state_manager.o
    0x0003c20c   0x000005b0   Code   RO         3870    .text               app_timer_mesh.o
    0x0003c7bc   0x00000074   Code   RO         3905    .text               app_timer_workaround.o
    0x0003c830   0x000005d0   Code   RO         3932    .text               prov_provisioner.o
    0x0003ce00   0x00000360   Code   RO         3964    .text               nrf_mesh_prov.o
    0x0003d160   0x00000130   Code   RO         4001    .text               provisioning.o
    0x0003d290   0x000000e0   Code   RO         4026    .text               prov_beacon.o
    0x0003d370   0x0000040c   Code   RO         4052    .text               prov_utils.o
    0x0003d77c   0x00000fbe   Code   RO         4090    .text               prov_bearer_adv.o
    0x0003e73a   0x00000002   PAD
    0x0003e73c   0x000001ec   Code   RO         4121    .text               system_nrf52840.o
    0x0003e928   0x00000040   Code   RO         4152    .text               arm_startup_nrf52840.o
    0x0003e968   0x00000078   Code   RO         4157    .text               app_error.o
    0x0003e9e0   0x000007d0   Code   RO         4204    .text               librtt_nrf52840_xxAA.a(SEGGER_RTT.o)
    0x0003f1b0   0x00000364   Code   RO         4224    .text               librtt_nrf52840_xxAA.a(SEGGER_RTT_printf.o)
    0x0003f514   0x000017e2   Code   RO         4237    .text               libuECC_nrf52840_xxAA.a(uECC.o)
    0x00040cf6   0x00000028   Code   RO         4276    .text               c_w.l(calloc.o)
    0x00040d1e   0x0000005e   Code   RO         4278    .text               c_w.l(h1_alloc.o)
    0x00040d7c   0x0000004e   Code   RO         4280    .text               c_w.l(h1_free.o)
    0x00040dca   0x000000ee   Code   RO         4336    .text               c_w.l(lludivv7m.o)
    0x00040eb8   0x00000058   Code   RO         4338    .text               c_w.l(memcmp.o)
    0x00040f10   0x00000048   Code   RO         4340    .text               c_w.l(strcpy.o)
    0x00040f58   0x0000003e   Code   RO         4342    .text               c_w.l(strlen.o)
    0x00040f96   0x0000008a   Code   RO         4344    .text               c_w.l(rt_memcpy_v6.o)
    0x00041020   0x00000064   Code   RO         4346    .text               c_w.l(rt_memcpy_w.o)
    0x00041084   0x00000044   Code   RO         4348    .text               c_w.l(rt_memclr.o)
    0x000410c8   0x0000004e   Code   RO         4350    .text               c_w.l(rt_memclr_w.o)
    0x00041116   0x00000002   PAD
    0x00041118   0x00000080   Code   RO         4352    .text               c_w.l(strcmpv7m.o)
    0x00041198   0x00000006   Code   RO         4354    .text               c_w.l(heapauxi.o)
    0x0004119e   0x00000002   PAD
    0x000411a0   0x00000008   Code   RO         4368    .text               c_w.l(rt_heap_descriptor_intlibspace.o)
    0x000411a8   0x00000004   Code   RO         4370    .text               c_w.l(hguard.o)
    0x000411ac   0x0000008a   Code   RO         4372    .text               c_w.l(init_alloc.o)
    0x00041236   0x0000000e   Code   RO         4376    .text               c_w.l(h1_init.o)
    0x00041244   0x00000008   Code   RO         4439    .text               c_w.l(libspace.o)
    0x0004124c   0x00000034   Code   RO         4463    .text               c_w.l(h1_extend.o)
    0x00041280   0x0000000e   Code   RO         4467    .text               c_w.l(defsig_rtmem_outer.o)
    0x0004128e   0x00000002   Code   RO         4478    .text               c_w.l(use_no_semi.o)
    0x00041290   0x00000000   Code   RO         4480    .text               c_w.l(indicate_semi.o)
    0x00041290   0x0000004a   Code   RO         4481    .text               c_w.l(sys_stackheap_outer.o)
    0x000412da   0x00000012   Code   RO         4487    .text               c_w.l(exit.o)
    0x000412ec   0x0000000a   Code   RO         4489    .text               c_w.l(defsig_exit.o)
    0x000412f6   0x00000002   PAD
    0x000412f8   0x00000050   Code   RO         4495    .text               c_w.l(defsig_rtmem_inner.o)
    0x00041348   0x0000000c   Code   RO         4507    .text               c_w.l(sys_exit.o)
    0x00041354   0x00000032   Code   RO         4517    .text               c_w.l(defsig_general.o)
    0x00041386   0x0000000e   Code   RO         4537    .text               c_w.l(sys_wrch.o)
    0x00041394   0x0000000a   Code   RO         4476    x$fpl$fpinit        fz_wm.l(fpinit.o)
    0x0004139e   0x00000004   Data   RO            7    .constdata          main.o
    0x000413a2   0x00000002   PAD
    0x000413a4   0x00000178   Data   RO            8    .constdata          main.o
    0x0004151c   0x0000000f   Data   RO          487    .constdata          provisioner_helper.o
    0x0004152b   0x00000001   PAD
    0x0004152c   0x00000038   Data   RO          565    .constdata          node_setup.o
    0x00041564   0x00000024   Data   RO          566    .constdata          node_setup.o
    0x00041588   0x00000038   Data   RO          567    .constdata          node_setup.o
    0x000415c0   0x00000024   Data   RO          568    .constdata          node_setup.o
    0x000415e4   0x00000038   Data   RO          569    .constdata          node_setup.o
    0x0004161c   0x0000006c   Data   RO          570    .constdata          node_setup.o
    0x00041688   0x0000008c   Data   RO          571    .constdata          node_setup.o
    0x00041714   0x000000a0   Data   RO          572    .constdata          node_setup.o
    0x000417b4   0x000000cc   Data   RO          573    .constdata          node_setup.o
    0x00041880   0x00000038   Data   RO          574    .constdata          node_setup.o
    0x000418b8   0x00000030   Data   RO          575    .constdata          node_setup.o
    0x000418e8   0x00000038   Data   RO          576    .constdata          node_setup.o
    0x00041920   0x00000028   Data   RO          577    .constdata          node_setup.o
    0x00041948   0x00000080   Data   RO          578    .constdata          node_setup.o
    0x000419c8   0x00000004   Data   RO          751    .constdata          rtt_input.o
    0x000419cc   0x00000004   Data   RO          796    .constdata          simple_hal.o
    0x000419d0   0x00000010   Data   RO         1087    .constdata          nrf_sdh_soc.o
    0x000419e0   0x0000000c   Data   RO         1088    .constdata          nrf_sdh_soc.o
    0x000419ec   0x00000020   Data   RO         1136    .constdata          nrf_sdh_ble.o
    0x00041a0c   0x00000010   Data   RO         1137    .constdata          nrf_sdh_ble.o
    0x00041a1c   0x00000010   Data   RO         1174    .constdata          nrf_sdh.o
    0x00041a2c   0x00000028   Data   RO         1175    .constdata          nrf_sdh.o
    0x00041a54   0x00000010   Data   RO         1176    .constdata          nrf_sdh.o
    0x00041a64   0x00000010   Data   RO         1177    .constdata          nrf_sdh.o
    0x00041a74   0x00000008   Data   RO         1391    .constdata          assertion_handler_weak.o
    0x00041a7c   0x00000070   Data   RO         1516    .constdata          transport.o
    0x00041aec   0x00000028   Data   RO         1620    .constdata          flash_manager_defrag.o
    0x00041b14   0x00000004   Data   RO         1714    .constdata          net_state.o
    0x00041b18   0x00000004   Data   RO         1715    .constdata          net_state.o
    0x00041b1c   0x00000004   Data   RO         1716    .constdata          net_state.o
    0x00041b20   0x00000004   Data   RO         1717    .constdata          net_state.o
    0x00041b24   0x00000014   Data   RO         1718    .constdata          net_state.o
    0x00041b38   0x00000010   Data   RO         1756    .constdata          mesh_flash.o
    0x00041b48   0x00000004   Data   RO         1792    .constdata          nrf_mesh_utils.o
    0x00041b4c   0x00000058   Data   RO         1817    .constdata          nrf_mesh.o
    0x00041ba4   0x00000004   Data   RO         2325    .constdata          net_packet.o
    0x00041ba8   0x0000001c   Data   RO         2482    .constdata          flash_manager.o
    0x00041bc4   0x00000004   Data   RO         2677    .constdata          heartbeat.o
    0x00041bc8   0x00000004   Data   RO         2678    .constdata          heartbeat.o
    0x00041bcc   0x00000064   Data   RO         2679    .constdata          heartbeat.o
    0x00041c30   0x00000004   Data   RO         2723    .constdata          net_beacon.o
    0x00041c34   0x00000008   Data   RO         2724    .constdata          net_beacon.o
    0x00041c3c   0x000000b0   Data   RO         2767    .constdata          mesh_config.o
    0x00041cec   0x00000038   Data   RO         2851    .constdata          mesh_config_flashman_glue.o
    0x00041d24   0x00000024   Data   RO         2960    .constdata          core_tx_local.o
    0x00041d48   0x00000004   Data   RO         2988    .constdata          core_tx_adv.o
    0x00041d4c   0x00000004   Data   RO         2989    .constdata          core_tx_adv.o
    0x00041d50   0x00000004   Data   RO         2990    .constdata          core_tx_adv.o
    0x00041d54   0x00000030   Data   RO         2991    .constdata          core_tx_adv.o
    0x00041d84   0x00000003   Data   RO         3147    .constdata          advertiser.o
    0x00041d87   0x00000006   Data   RO         3219    .constdata          broadcast.o
    0x00041d8d   0x00000028   Data   RO         3307    .constdata          radio_config.o
    0x00041db5   0x00000003   PAD
    0x00041db8   0x00000078   Data   RO         3424    .constdata          config_client.o
    0x00041e30   0x00000080   Data   RO         3425    .constdata          config_client.o
    0x00041eb0   0x00000178   Data   RO         3488    .constdata          config_server.o
    0x00042028   0x00000054   Data   RO         3489    .constdata          config_server.o
    0x0004207c   0x00000004   Data   RO         3566    .constdata          health_server.o
    0x00042080   0x00000058   Data   RO         3567    .constdata          health_server.o
    0x000420d8   0x00000074   Data   RO         3568    .constdata          health_server.o
    0x0004214c   0x00000020   Data   RO         3613    .constdata          health_client.o
    0x0004216c   0x00000078   Data   RO         3614    .constdata          health_client.o
    0x000421e4   0x00000004   Data   RO         3719    .constdata          access.o
    0x000421e8   0x00000004   Data   RO         3720    .constdata          access.o
    0x000421ec   0x00000004   Data   RO         3721    .constdata          access.o
    0x000421f0   0x00000004   Data   RO         3722    .constdata          access.o
    0x000421f4   0x0000003a   Data   RO         3723    .constdata          access.o
    0x0004222e   0x00000004   Data   RO         3819    .constdata          device_state_manager.o
    0x00042232   0x00000004   Data   RO         3820    .constdata          device_state_manager.o
    0x00042236   0x00000004   Data   RO         3821    .constdata          device_state_manager.o
    0x0004223a   0x00000004   Data   RO         3822    .constdata          device_state_manager.o
    0x0004223e   0x00000004   Data   RO         3823    .constdata          device_state_manager.o
    0x00042242   0x00000004   Data   RO         3824    .constdata          device_state_manager.o
    0x00042246   0x00000004   Data   RO         3825    .constdata          device_state_manager.o
    0x0004224a   0x00000004   Data   RO         3826    .constdata          device_state_manager.o
    0x0004224e   0x00000004   Data   RO         3827    .constdata          device_state_manager.o
    0x00042252   0x00000004   Data   RO         3828    .constdata          device_state_manager.o
    0x00042256   0x00000002   PAD
    0x00042258   0x00000036   Data   RO         3829    .constdata          device_state_manager.o
    0x0004228e   0x00000002   PAD
    0x00042290   0x00000006   Data   RO         3872    .constdata          app_timer_mesh.o
    0x00042296   0x00000002   PAD
    0x00042298   0x00000004   Data   RO         3907    .constdata          app_timer_workaround.o
    0x0004229c   0x00000010   Data   RO         3933    .constdata          prov_provisioner.o
    0x000422ac   0x00000020   Data   RO         3965    .constdata          nrf_mesh_prov.o
    0x000422cc   0x0000000a   Data   RO         4002    .constdata          provisioning.o
    0x000422d6   0x00000004   Data   RO         4053    .constdata          prov_utils.o
    0x000422da   0x00000002   PAD
    0x000422dc   0x00000067   Data   RO         4054    .constdata          prov_utils.o
    0x00042343   0x00000001   PAD
    0x00042344   0x00000114   Data   RO         4091    .constdata          prov_bearer_adv.o
    0x00042458   0x00000010   Data   RO         4225    .constdata          librtt_nrf52840_xxAA.a(SEGGER_RTT_printf.o)
    0x00042468   0x000000b4   Data   RO         4238    .constdata          libuECC_nrf52840_xxAA.a(uECC.o)
    0x0004251c   0x000000d6   Data   RO            9    .conststring        main.o
    0x000425f2   0x00000002   PAD
    0x000425f4   0x00000193   Data   RO          488    .conststring        provisioner_helper.o
    0x00042787   0x00000001   PAD
    0x00042788   0x00000274   Data   RO          579    .conststring        node_setup.o
    0x000429fc   0x00000001   Data   RO         1392    .conststring        assertion_handler_weak.o
    0x000429fd   0x00000003   PAD
    0x00042a00   0x00000041   Data   RO         1517    .conststring        transport.o
    0x00042a41   0x00000003   PAD
    0x00042a44   0x00000011   Data   RO         2448    .conststring        log.o
    0x00042a55   0x00000003   PAD
    0x00042a58   0x00000087   Data   RO         2725    .conststring        net_beacon.o
    0x00042adf   0x00000001   PAD
    0x00042ae0   0x00000045   Data   RO         3490    .conststring        config_server.o
    0x00042b25   0x00000003   PAD
    0x00042b28   0x00000055   Data   RO         3724    .conststring        access.o
    0x00042b7d   0x00000003   PAD
    0x00042b80   0x000000e4   Data   RO         4092    .conststring        prov_bearer_adv.o
    0x00042c64   0x00000020   Data   RO         4565    Region$$Table       anon$$obj.o
    0x00042c84   0x00000008   Data   RO         1819    ad_listeners        nrf_mesh.o
    0x00042c8c   0x00000008   Data   RO         2589    ad_listeners        beacon.o
    0x00042c94   0x00000008   Data   RO         4094    ad_listeners        prov_bearer_adv.o
    0x00042c9c   0x0000001c   Data   RO           12    mesh_config_entries  main.o
    0x00042cb8   0x00000070   Data   RO         1724    mesh_config_entries  net_state.o
    0x00042d28   0x0000001c   Data   RO         2682    mesh_config_entries  heartbeat.o
    0x00042d44   0x0000001c   Data   RO         2728    mesh_config_entries  net_beacon.o
    0x00042d60   0x00000054   Data   RO         2996    mesh_config_entries  core_tx_adv.o
    0x00042db4   0x0000001c   Data   RO         3571    mesh_config_entries  health_server.o
    0x00042dd0   0x00000070   Data   RO         3730    mesh_config_entries  access.o
    0x00042e40   0x00000118   Data   RO         3839    mesh_config_entries  device_state_manager.o
    0x00042f58   0x0000001c   Data   RO         4057    mesh_config_entries  prov_utils.o
    0x00042f74   0x00000008   Data   RO         2683    mesh_config_entry_listeners  heartbeat.o
    0x00042f7c   0x00000008   Data   RO           13    mesh_config_files   main.o
    0x00042f84   0x00000008   Data   RO         1725    mesh_config_files   net_state.o
    0x00042f8c   0x00000008   Data   RO         2100    mesh_config_files   mesh_opt.o
    0x00042f94   0x00000008   Data   RO         3731    mesh_config_files   access.o
    0x00042f9c   0x00000008   Data   RO         3840    mesh_config_files   device_state_manager.o
    0x00042fa4   0x00000008   Data   RO          930    sdh_soc_observers0  ble_softdevice_support.o
    0x00042fac   0x00000008   Data   RO         1089    sdh_stack_observers0  nrf_sdh_soc.o
    0x00042fb4   0x00000008   Data   RO         1139    sdh_stack_observers0  nrf_sdh_ble.o


    Execution Region RW_IRAM1 (Base: 0x20002e00, Size: 0x000051a8, Max: 0x0003cf00, ABSOLUTE, COMPRESSED[0x0000005c])

    Base Addr    Size         Type   Attr      Idx    E Section Name        Object

    0x20002e00   0x00000010   Data   RW           10    .data               main.o
    0x20002e10   0x00000001   Data   RW           11    .data               main.o
    0x20002e11   0x00000003   PAD
    0x20002e14   0x0000000c   Data   RW          441    .data               mesh_stack.o
    0x20002e20   0x0000000a   Data   RW          489    .data               provisioner_helper.o
    0x20002e2a   0x00000002   PAD
    0x20002e2c   0x00000024   Data   RW          580    .data               node_setup.o
    0x20002e50   0x00000004   Data   RW          752    .data               rtt_input.o
    0x20002e54   0x00000018   Data   RW          797    .data               simple_hal.o
    0x20002e6c   0x00000004   Data   RW          988    .data               app_util_platform.o
    0x20002e70   0x00000001   Data   RW         1138    .data               nrf_sdh_ble.o
    0x20002e71   0x00000003   Data   RW         1178    .data               nrf_sdh.o
    0x20002e74   0x00000001   Data   RW         1362    .data               app_error_weak.o
    0x20002e75   0x00000003   PAD
    0x20002e78   0x00000004   Data   RW         1486    .data               msg_cache.o
    0x20002e7c   0x00000014   Data   RW         1518    .data               transport.o
    0x20002e90   0x00000008   Data   RW         1569    .data               event.o
    0x20002e98   0x0000000c   Data   RW         1621    .data               flash_manager_defrag.o
    0x20002ea4   0x00000015   Data   RW         1719    .data               net_state.o
    0x20002eb9   0x00000001   Data   RW         1720    .data               net_state.o
    0x20002eba   0x00000001   Data   RW         1721    .data               net_state.o
    0x20002ebb   0x00000001   Data   RW         1722    .data               net_state.o
    0x20002ebc   0x00000001   Data   RW         1723    .data               net_state.o
    0x20002ebd   0x00000003   PAD
    0x20002ec0   0x0000000c   Data   RW         1757    .data               mesh_flash.o
    0x20002ecc   0x0000001c   Data   RW         1818    .data               nrf_mesh.o
    0x20002ee8   0x0000000c   Data   RW         1969    .data               timer_scheduler.o
    0x20002ef4   0x00000010   Data   RW         1995    .data               timer.o
    0x20002f04   0x0000000c   Data   RW         2128    .data               timeslot.o
    0x20002f10   0x00000010   Data   RW         2181    .data               timeslot_timer.o
    0x20002f20   0x00000018   Data   RW         2212    .data               bearer_event.o
    0x20002f38   0x00000004   Data   RW         2277    .data               network.o
    0x20002f3c   0x00000004   Data   RW         2449    .data               log.o
    0x20002f40   0x0000000c   Data   RW         2450    .data               log.o
    0x20002f4c   0x0000001c   Data   RW         2483    .data               flash_manager.o
    0x20002f68   0x00000014   Data   RW         2559    .data               replay_cache.o
    0x20002f7c   0x0000000c   Data   RW         2649    .data               core_tx.o
    0x20002f88   0x00000008   Data   RW         2680    .data               heartbeat.o
    0x20002f90   0x00000001   Data   RW         2681    .data               heartbeat.o
    0x20002f91   0x00000003   PAD
    0x20002f94   0x00000008   Data   RW         2726    .data               net_beacon.o
    0x20002f9c   0x00000001   Data   RW         2727    .data               net_beacon.o
    0x20002f9d   0x00000003   PAD
    0x20002fa0   0x0000000c   Data   RW         2768    .data               mesh_config.o
    0x20002fac   0x0000000c   Data   RW         2822    .data               mesh_config_backend.o
    0x20002fb8   0x00000008   Data   RW         2852    .data               mesh_config_flashman_glue.o
    0x20002fc0   0x00000010   Data   RW         2961    .data               core_tx_local.o
    0x20002fd0   0x00000008   Data   RW         2992    .data               core_tx_adv.o
    0x20002fd8   0x00000002   Data   RW         2993    .data               core_tx_adv.o
    0x20002fda   0x00000002   Data   RW         2994    .data               core_tx_adv.o
    0x20002fdc   0x00000002   Data   RW         2995    .data               core_tx_adv.o
    0x20002fde   0x00000002   PAD
    0x20002fe0   0x00000018   Data   RW         3185    .data               bearer_handler.o
    0x20002ff8   0x00000008   Data   RW         3220    .data               broadcast.o
    0x20003000   0x00000006   Data   RW         3395    .data               mesh_pa_lna.o
    0x20003006   0x00000002   PAD
    0x20003008   0x0000000c   Data   RW         3426    .data               config_client.o
    0x20003014   0x00000018   Data   RW         3491    .data               config_server.o
    0x2000302c   0x00000008   Data   RW         3569    .data               health_server.o
    0x20003034   0x00000001   Data   RW         3570    .data               health_server.o
    0x20003035   0x00000003   PAD
    0x20003038   0x0000000c   Data   RW         3650    .data               access_publish.o
    0x20003044   0x00000008   Data   RW         3725    .data               access.o
    0x2000304c   0x00000001   Data   RW         3726    .data               access.o
    0x2000304d   0x00000004   Data   RW         3727    .data               access.o
    0x20003051   0x00000001   Data   RW         3728    .data               access.o
    0x20003052   0x00000004   Data   RW         3729    .data               access.o
    0x20003056   0x00000002   PAD
    0x20003058   0x00000020   Data   RW         3830    .data               device_state_manager.o
    0x20003078   0x00000001   Data   RW         3831    .data               device_state_manager.o
    0x20003079   0x00000001   Data   RW         3832    .data               device_state_manager.o
    0x2000307a   0x00000001   Data   RW         3833    .data               device_state_manager.o
    0x2000307b   0x00000001   Data   RW         3834    .data               device_state_manager.o
    0x2000307c   0x00000001   Data   RW         3835    .data               device_state_manager.o
    0x2000307d   0x00000001   Data   RW         3836    .data               device_state_manager.o
    0x2000307e   0x00000001   Data   RW         3837    .data               device_state_manager.o
    0x2000307f   0x00000001   Data   RW         3838    .data               device_state_manager.o
    0x20003080   0x00000018   Data   RW         3873    .data               app_timer_mesh.o
    0x20003098   0x00000004   Data   RW         4027    .data               prov_beacon.o
    0x2000309c   0x00000001   Data   RW         4055    .data               prov_utils.o
    0x2000309d   0x00000001   Data   RW         4056    .data               prov_utils.o
    0x2000309e   0x00000002   PAD
    0x200030a0   0x00000008   Data   RW         4093    .data               prov_bearer_adv.o
    0x200030a8   0x00000004   Data   RW         4122    .data               system_nrf52840.o
    0x200030ac   0x00000011   Data   RW         4206    .data               librtt_nrf52840_xxAA.a(SEGGER_RTT.o)
    0x200030bd   0x00000003   PAD
    0x200030c0   0x00000004   Data   RW         4239    .data               libuECC_nrf52840_xxAA.a(uECC.o)
    0x200030c4   0x00000058   Zero   RW            5    .bss                main.o
    0x2000311c   0x0000003c   Zero   RW            6    .bss                main.o
    0x20003158   0x00000058   Zero   RW          440    .bss                mesh_stack.o
    0x200031b0   0x00000374   Zero   RW          486    .bss                provisioner_helper.o
    0x20003524   0x0000001c   Zero   RW          564    .bss                node_setup.o
    0x20003540   0x00000020   Zero   RW          750    .bss                rtt_input.o
    0x20003560   0x00000020   Zero   RW          795    .bss                simple_hal.o
    0x20003580   0x0000000c   Zero   RW          987    .bss                app_util_platform.o
    0x2000358c   0x00000010   Zero   RW         1435    .bss                nrf_mesh_configure.o
    0x2000359c   0x00000100   Zero   RW         1485    .bss                msg_cache.o
    0x2000369c   0x00000004   PAD
    0x200036a0   0x00000258   Zero   RW         1515    .bss                transport.o
    0x200038f8   0x0000001c   Zero   RW         1619    .bss                flash_manager_defrag.o
    0x20003914   0x00000044   Zero   RW         1712    .bss                net_state.o
    0x20003958   0x0000003c   Zero   RW         1713    .bss                net_state.o
    0x20003994   0x00000234   Zero   RW         1755    .bss                mesh_flash.o
    0x20003bc8   0x0000003c   Zero   RW         2099    .bss                mesh_opt.o
    0x20003c04   0x0000002c   Zero   RW         2127    .bss                timeslot.o
    0x20003c30   0x00000018   Zero   RW         2180    .bss                timeslot_timer.o
    0x20003c48   0x0000014c   Zero   RW         2211    .bss                bearer_event.o
    0x20003d94   0x00000110   Zero   RW         2481    .bss                flash_manager.o
    0x20003ea4   0x00000190   Zero   RW         2558    .bss                replay_cache.o
    0x20004034   0x00000024   Zero   RW         2648    .bss                core_tx.o
    0x20004058   0x00000064   Zero   RW         2676    .bss                heartbeat.o
    0x200040bc   0x000000f8   Zero   RW         2722    .bss                net_beacon.o
    0x200041b4   0x0000000c   Zero   RW         2959    .bss                core_tx_local.o
    0x200041c0   0x000002cc   Zero   RW         2987    .bss                core_tx_adv.o
    0x2000448c   0x0000003c   Zero   RW         3076    .bss                ad_type_filter.o
    0x200044c8   0x00000010   Zero   RW         3146    .bss                advertiser.o
    0x200044d8   0x00000010   Zero   RW         3252    .bss                filter_engine.o
    0x200044e8   0x00000294   Zero   RW         3361    .bss                scanner.o
    0x2000477c   0x00000018   Zero   RW         3565    .bss                health_server.o
    0x20004794   0x00000018   Zero   RW         3649    .bss                access_publish.o
    0x200047ac   0x000000ac   Zero   RW         3679    .bss                access_publish_retransmission.o
    0x20004858   0x0000013c   Zero   RW         3717    .bss                access.o
    0x20004994   0x0000003c   Zero   RW         3718    .bss                access.o
    0x200049d0   0x000000cc   Zero   RW         3783    .bss                access_reliable.o
    0x20004a9c   0x000005dc   Zero   RW         3815    .bss                device_state_manager.o
    0x20005078   0x00000055   Zero   RW         3816    .bss                device_state_manager.o
    0x200050cd   0x00000029   Zero   RW         3817    .bss                device_state_manager.o
    0x200050f6   0x00000002   PAD
    0x200050f8   0x0000003c   Zero   RW         3818    .bss                device_state_manager.o
    0x20005134   0x0000010c   Zero   RW         3871    .bss                app_timer_mesh.o
    0x20005240   0x00000020   Zero   RW         3906    .bss                app_timer_workaround.o
    0x20005260   0x00000020   Zero   RW         4158    .bss                app_error.o
    0x20005280   0x000008c8   Zero   RW         4205    .bss                librtt_nrf52840_xxAA.a(SEGGER_RTT.o)
    0x20005b48   0x00000060   Zero   RW         4440    .bss                c_w.l(libspace.o)
    0x20005ba8   0x00000400   Zero   RW         4150    HEAP                arm_startup_nrf52840.o
    0x20005fa8   0x00002000   Zero   RW         4149    STACK               arm_startup_nrf52840.o


==============================================================================

Image component sizes


      Code (inc. data)   RO Data    RW Data    ZI Data      Debug   Object Name

      5876        182        279         18        376      47348   access.o
       864         28          0         12         24       5931   access_publish.o
       652         10          0          0        172       6943   access_publish_retransmission.o
      1504        100          0          0        204       9045   access_reliable.o
       164         10          0          0          0       4848   ad_listener.o
       244          8          0          0         60       8663   ad_type_filter.o
         0          0          0          0          0        656   adv_packet_filter.o
      1476         32          3          0         16      14744   advertiser.o
         0          0          0          0          0        536   aes.o
       334          0          0          0          0       5263   aes_cmac.o
       120          4          0          0         32       3493   app_error.o
        26          0          0          0          0        528   app_error_handler_keil.o
       424        202          0          1          0       2038   app_error_weak.o
      1456         46          6         24        268      40338   app_timer_mesh.o
       116         62          4          0         32       1509   app_timer_workaround.o
       220         14          0          4         12      36469   app_util_platform.o
        64         26        512          0       9216        292   arm_startup_nrf52840.o
        32          6          9          0          0        605   assertion_handler_weak.o
       372         96          8          0          0       2871   beacon.o
      1096         32          0         24        332      43242   bearer_event.o
      1276         52          0         24          0      33890   bearer_handler.o
       240        106          8          0          0       8065   ble_softdevice_support.o
       452         44          6          8          0       3725   broadcast.o
       576          0          0          0          0       4564   ccm_soft.o
       378          0          0          0          0       2646   composition_data.o
      3416         34        248         12          0      35600   config_client.o
      8988        162        529         24          0      64980   config_server.o
       496          8          0         12         36       4382   core_tx.o
      1080         26        144         14        716      10840   core_tx_adv.o
       312         18         36         16         12       2637   core_tx_local.o
      8032        250        382         40       1686      48606   device_state_manager.o
       680         26          0          0          0       5368   enc.o
       160          4          0          8          0       2122   event.o
       346          0          0          0          0       4247   fifo.o
       208          4          0          0         16       2269   filter_engine.o
      3280        104         28         28        272      25227   flash_manager.o
      1508        136         40         12         28      11677   flash_manager_defrag.o
       108          0          0          0          0       2824   flash_manager_internal.o
       144         22          0          0          0      30547   hal.o
       772          4        152          0          0      10395   health_client.o
      1640         38        236          9         24      18300   health_server.o
      1118         28        144          9        100      32021   heartbeat.o
       376          0          0          0          0       3794   list.o
       180         50         17         16          0       5661   log.o
      3528       1194        630         17        148     199271   main.o
      1336         66        176         12          0      15929   mesh_config.o
       564          8          0         12          0       4629   mesh_config_backend.o
       852        114         56          8          0      21421   mesh_config_flashman_glue.o
      1188         28         16         12        564      12812   mesh_flash.o
        14          0          0          0          0       1029   mesh_mem_stdlib.o
         8          0          8          0         60       1266   mesh_opt.o
       580         40          0          6          0       4415   mesh_pa_lna.o
       472         68          0         12         88       6359   mesh_stack.o
       144          8          0          4        256       2252   msg_cache.o
       276          0          0          0          0       5194   msqueue.o
      1172         70        175          9        248      10385   net_beacon.o
       976         66          4          0          0      26013   net_packet.o
      1628         50        156         25        128      13470   net_state.o
      1448        162          0          4          0      28155   network.o
      3796       1404       1808         36         28      46192   node_setup.o
       164         10          0          0          0       1858   nrf_flash.o
       820        130         96         28          0       9400   nrf_mesh.o
        72          8          0          0         16       2353   nrf_mesh_configure.o
       364         22          0          0          0       3921   nrf_mesh_keygen.o
       864         12         32          0          0      12301   nrf_mesh_prov.o
        84          4          4          0          0       1848   nrf_mesh_utils.o
         8          0          0          0          0      19722   nrf_mesh_weak.o
       620         26         88          3          0      35756   nrf_sdh.o
       252         10         56          1          0       4137   nrf_sdh_ble.o
        60          4         36          0          0       3956   nrf_sdh_soc.o
        74          0          0          0          0       3198   nrf_section_iter.o
        54          0          0          0          0       1139   packed_index_list.o
      1038          0          0          0          0       8730   packet_buffer.o
       228          6          0          4          0       3393   prov_beacon.o
      4034        618        512          8          0      18857   prov_bearer_adv.o
      1492         86         16          0          0       8676   prov_provisioner.o
      1036         46        135          2          0       8887   prov_utils.o
      3220       1084        418         10        884      27826   provisioner_helper.o
       304          4         10          0          0       4496   provisioning.o
       338          0          0          0          0       4148   queue.o
       404         24         40          0          0       2880   radio_config.o
       148          6          0          0          0       1867   rand.o
       780         12          0         20        400       8119   replay_cache.o
       192         46          4          4         32       2045   rtt_input.o
      1508         78          0          0        660      36312   scanner.o
       480         34          4         24         32      67681   simple_hal.o
       492         60          0          4          0       2375   system_nrf52840.o
       464         20          0         16          0       3524   timer.o
       576         14          0         12          0       4072   timer_scheduler.o
       980         44          0         12         44      41242   timeslot.o
       688         28          0         16         24      31778   timeslot_timer.o
      5376        482        177         20        600      52997   transport.o

    ----------------------------------------------------------------------
     96024       8170       7514        684      17852    1448035   Object Totals
         0          0         32          0          0          0   (incl. Generated)
        22          0         34         28          6          0   (incl. Padding)

    ----------------------------------------------------------------------

      Code (inc. data)   RO Data    RW Data    ZI Data      Debug   Library Member Name

        58          0          0          0          0          0   __dczerorl.o
         8          0          0          0          0         68   __main.o
         0          0          0          0          0          0   __rtentry.o
        12          0          0          0          0          0   __rtentry2.o
         6          0          0          0          0          0   __rtentry4.o
        52          8          0          0          0          0   __scatter.o
        28          0          0          0          0          0   __scatter_zi.o
        40          0          0          0          0         80   calloc.o
        10          0          0          0          0         68   defsig_exit.o
        50          0          0          0          0         88   defsig_general.o
        80         58          0          0          0         76   defsig_rtmem_inner.o
        14          0          0          0          0         80   defsig_rtmem_outer.o
        18          0          0          0          0         80   exit.o
        94          0          0          0          0         80   h1_alloc.o
        52          0          0          0          0         68   h1_extend.o
        78          0          0          0          0         80   h1_free.o
        14          0          0          0          0         84   h1_init.o
         6          0          0          0          0        152   heapauxi.o
         4          0          0          0          0        136   hguard.o
         0          0          0          0          0          0   indicate_semi.o
       138          0          0          0          0        168   init_alloc.o
         2          0          0          0          0          0   libinit.o
        14          0          0          0          0          0   libinit2.o
         2          0          0          0          0          0   libshutdown.o
         2          0          0          0          0          0   libshutdown2.o
         8          4          0          0         96         68   libspace.o
       238          0          0          0          0        100   lludivv7m.o
         0          0          0          0          0          0   maybetermalloc1.o
        88          0          0          0          0         76   memcmp.o
         8          4          0          0          0         68   rt_heap_descriptor_intlibspace.o
        68          0          0          0          0         68   rt_memclr.o
        78          0          0          0          0         80   rt_memclr_w.o
       138          0          0          0          0         68   rt_memcpy_v6.o
       100          0          0          0          0         80   rt_memcpy_w.o
         2          0          0          0          0          0   rtexit.o
        10          0          0          0          0          0   rtexit2.o
       128          0          0          0          0         68   strcmpv7m.o
        72          0          0          0          0         80   strcpy.o
        62          0          0          0          0         76   strlen.o
        12          4          0          0          0         68   sys_exit.o
        74          0          0          0          0         80   sys_stackheap_outer.o
        14          0          0          0          0         76   sys_wrch.o
         2          0          0          0          0         68   use_no_semi.o
        10          0          0          0          0        116   fpinit.o
      2000         38          0         17       2248      17106   SEGGER_RTT.o
       868          6         16          0          0       4259   SEGGER_RTT_printf.o
      6114         12        180          4          0      30816   uECC.o

    ----------------------------------------------------------------------
     10886        134        196         24       2344      54729   Library Totals
        10          0          0          3          0          0   (incl. Padding)

    ----------------------------------------------------------------------

      Code (inc. data)   RO Data    RW Data    ZI Data      Debug   Library Name

      1884         78          0          0         96       2432   c_w.l
        10          0          0          0          0        116   fz_wm.l
      2868         44         16         17       2248      21365   librtt_nrf52840_xxAA.a
      6114         12        180          4          0      30816   libuECC_nrf52840_xxAA.a

    ----------------------------------------------------------------------
     10886        134        196         24       2344      54729   Library Totals

    ----------------------------------------------------------------------

==============================================================================


      Code (inc. data)   RO Data    RW Data    ZI Data      Debug   

    106910       8304       7710        708      20196    1483912   Grand Totals
    106910       8304       7710         92      20196    1483912   ELF Image Totals (compressed)
    106910       8304       7710         92          0          0   ROM Totals

==============================================================================

    Total RO  Size (Code + RO Data)               114620 ( 111.93kB)
    Total RW  Size (RW Data + ZI Data)             20904 (  20.41kB)
    Total ROM Size (Code + RO Data + RW Data)     114712 ( 112.02kB)

==============================================================================

